Archive member included to satisfy reference by file (symbol)

.\CortexM3\ARM_GCC_541\Release\UARTKeyboard.a(Columns.o)
                              .\CortexM3\ARM_GCC_541\Release\main.o (Columns_Write)
.\CortexM3\ARM_GCC_541\Release\UARTKeyboard.a(Rows.o)
                              .\CortexM3\ARM_GCC_541\Release\main.o (Rows_Read)
.\CortexM3\ARM_GCC_541\Release\UARTKeyboard.a(LCD.o)
                              .\CortexM3\ARM_GCC_541\Release\main.o (LCD_PrintString)
.\CortexM3\ARM_GCC_541\Release\UARTKeyboard.a(CyLib.o)
                              .\CortexM3\ARM_GCC_541\Release\Cm3Start.o (CyHalt)
.\CortexM3\ARM_GCC_541\Release\UARTKeyboard.a(cyPm.o)
                              .\CortexM3\ARM_GCC_541\Release\UARTKeyboard.a(CyLib.o) (CyPmReadStatus)
.\CortexM3\ARM_GCC_541\Release\UARTKeyboard.a(Timer.o)
                              .\CortexM3\ARM_GCC_541\Release\main.o (Timer_Start)
.\CortexM3\ARM_GCC_541\Release\UARTKeyboard.a(isr_Keyboard.o)
                              .\CortexM3\ARM_GCC_541\Release\main.o (isr_Keyboard_StartEx)
.\CortexM3\ARM_GCC_541\Release\UARTKeyboard.a(isr_Iteration.o)
                              .\CortexM3\ARM_GCC_541\Release\main.o (isr_Iteration_StartEx)
.\CortexM3\ARM_GCC_541\Release\UARTKeyboard.a(UART.o)
                              .\CortexM3\ARM_GCC_541\Release\main.o (UART_Enable)
.\CortexM3\ARM_GCC_541\Release\UARTKeyboard.a(UART_IntClock.o)
                              .\CortexM3\ARM_GCC_541\Release\UARTKeyboard.a(UART.o) (UART_IntClock_Start)
.\CortexM3\ARM_GCC_541\Release\UARTKeyboard.a(isr_RX.o)
                              .\CortexM3\ARM_GCC_541\Release\main.o (isr_RX_StartEx)
.\CortexM3\ARM_GCC_541\Release\UARTKeyboard.a(CyBootAsmGnu.o)
                              .\CortexM3\ARM_GCC_541\Release\cyfitter_cfg.o (CyDelayCycles)
.\CortexM3\ARM_GCC_541\Release\UARTKeyboard.a(CyFlash.o)
                              .\CortexM3\ARM_GCC_541\Release\UARTKeyboard.a(cyPm.o) (CyFlash_SetWaitCycles)
.\CortexM3\ARM_GCC_541\Release\UARTKeyboard.a(CySpc.o)
                              .\CortexM3\ARM_GCC_541\Release\UARTKeyboard.a(CyFlash.o) (CySpcStart)
c:/program files (x86)/cypress/psoc creator/4.4/psoc creator/import/gnu/arm/5.4.1/bin/../lib/gcc/arm-none-eabi/5.4.1/../../../../arm-none-eabi/lib/armv7-m\libg_nano.a(lib_a-errno.o)
                              .\CortexM3\ARM_GCC_541\Release\Cm3Start.o (__errno)
c:/program files (x86)/cypress/psoc creator/4.4/psoc creator/import/gnu/arm/5.4.1/bin/../lib/gcc/arm-none-eabi/5.4.1/../../../../arm-none-eabi/lib/armv7-m\libg_nano.a(lib_a-exit.o)
                              c:/program files (x86)/cypress/psoc creator/4.4/psoc creator/import/gnu/arm/5.4.1/bin/../lib/gcc/arm-none-eabi/5.4.1/../../../../arm-none-eabi/lib/armv7-m/crt0.o (exit)
c:/program files (x86)/cypress/psoc creator/4.4/psoc creator/import/gnu/arm/5.4.1/bin/../lib/gcc/arm-none-eabi/5.4.1/../../../../arm-none-eabi/lib/armv7-m\libg_nano.a(lib_a-impure.o)
                              c:/program files (x86)/cypress/psoc creator/4.4/psoc creator/import/gnu/arm/5.4.1/bin/../lib/gcc/arm-none-eabi/5.4.1/../../../../arm-none-eabi/lib/armv7-m\libg_nano.a(lib_a-exit.o) (_global_impure_ptr)
c:/program files (x86)/cypress/psoc creator/4.4/psoc creator/import/gnu/arm/5.4.1/bin/../lib/gcc/arm-none-eabi/5.4.1/../../../../arm-none-eabi/lib/armv7-m\libg_nano.a(lib_a-init.o)
                              c:/program files (x86)/cypress/psoc creator/4.4/psoc creator/import/gnu/arm/5.4.1/bin/../lib/gcc/arm-none-eabi/5.4.1/../../../../arm-none-eabi/lib/armv7-m/crt0.o (__libc_init_array)
c:/program files (x86)/cypress/psoc creator/4.4/psoc creator/import/gnu/arm/5.4.1/bin/../lib/gcc/arm-none-eabi/5.4.1/../../../../arm-none-eabi/lib/armv7-m\libg_nano.a(lib_a-memcpy-stub.o)
                              .\CortexM3\ARM_GCC_541\Release\cyfitter_cfg.o (memcpy)
c:/program files (x86)/cypress/psoc creator/4.4/psoc creator/import/gnu/arm/5.4.1/bin/../lib/gcc/arm-none-eabi/5.4.1/../../../../arm-none-eabi/lib/armv7-m\libg_nano.a(lib_a-memset.o)
                              c:/program files (x86)/cypress/psoc creator/4.4/psoc creator/import/gnu/arm/5.4.1/bin/../lib/gcc/arm-none-eabi/5.4.1/../../../../arm-none-eabi/lib/armv7-m/crt0.o (memset)
c:/program files (x86)/cypress/psoc creator/4.4/psoc creator/import/gnu/arm/5.4.1/bin/../lib/gcc/arm-none-eabi/5.4.1/../../../../arm-none-eabi/lib/armv7-m\libg_nano.a(lib_a-strcpy.o)
                              .\CortexM3\ARM_GCC_541\Release\main.o (strcpy)

Allocating common symbols
Common symbol       size              file

key                 0x1               .\CortexM3\ARM_GCC_541\Release\main.o
str                 0x10              .\CortexM3\ARM_GCC_541\Release\main.o
dieTemperature      0x2               .\CortexM3\ARM_GCC_541\Release\UARTKeyboard.a(CyFlash.o)
row                 0x1               .\CortexM3\ARM_GCC_541\Release\main.o

Discarded input sections

 .text          0x00000000        0x0 c:/program files (x86)/cypress/psoc creator/4.4/psoc creator/import/gnu/arm/5.4.1/bin/../lib/gcc/arm-none-eabi/5.4.1/armv7-m/crti.o
 .data          0x00000000        0x0 c:/program files (x86)/cypress/psoc creator/4.4/psoc creator/import/gnu/arm/5.4.1/bin/../lib/gcc/arm-none-eabi/5.4.1/armv7-m/crti.o
 .bss           0x00000000        0x0 c:/program files (x86)/cypress/psoc creator/4.4/psoc creator/import/gnu/arm/5.4.1/bin/../lib/gcc/arm-none-eabi/5.4.1/armv7-m/crti.o
 .data          0x00000000        0x4 c:/program files (x86)/cypress/psoc creator/4.4/psoc creator/import/gnu/arm/5.4.1/bin/../lib/gcc/arm-none-eabi/5.4.1/armv7-m/crtbegin.o
 .text          0x00000000       0x74 c:/program files (x86)/cypress/psoc creator/4.4/psoc creator/import/gnu/arm/5.4.1/bin/../lib/gcc/arm-none-eabi/5.4.1/../../../../arm-none-eabi/lib/armv7-m/crt0.o
 .data          0x00000000        0x0 c:/program files (x86)/cypress/psoc creator/4.4/psoc creator/import/gnu/arm/5.4.1/bin/../lib/gcc/arm-none-eabi/5.4.1/../../../../arm-none-eabi/lib/armv7-m/crt0.o
 .bss           0x00000000        0x0 c:/program files (x86)/cypress/psoc creator/4.4/psoc creator/import/gnu/arm/5.4.1/bin/../lib/gcc/arm-none-eabi/5.4.1/../../../../arm-none-eabi/lib/armv7-m/crt0.o
 .ARM.extab     0x00000000        0x0 c:/program files (x86)/cypress/psoc creator/4.4/psoc creator/import/gnu/arm/5.4.1/bin/../lib/gcc/arm-none-eabi/5.4.1/../../../../arm-none-eabi/lib/armv7-m/crt0.o
 .ARM.exidx     0x00000000        0x8 c:/program files (x86)/cypress/psoc creator/4.4/psoc creator/import/gnu/arm/5.4.1/bin/../lib/gcc/arm-none-eabi/5.4.1/../../../../arm-none-eabi/lib/armv7-m/crt0.o
 .text          0x00000000        0x0 .\CortexM3\ARM_GCC_541\Release\main.o
 .data          0x00000000        0x0 .\CortexM3\ARM_GCC_541\Release\main.o
 .text          0x00000000        0x0 .\CortexM3\ARM_GCC_541\Release\cyfitter_cfg.o
 .data          0x00000000        0x0 .\CortexM3\ARM_GCC_541\Release\cyfitter_cfg.o
 .bss           0x00000000        0x0 .\CortexM3\ARM_GCC_541\Release\cyfitter_cfg.o
 .text.SetAnalogRoutingPumps
                0x00000000       0x10 .\CortexM3\ARM_GCC_541\Release\cyfitter_cfg.o
 .text          0x00000000        0x0 .\CortexM3\ARM_GCC_541\Release\cymetadata.o
 .data          0x00000000        0x0 .\CortexM3\ARM_GCC_541\Release\cymetadata.o
 .bss           0x00000000        0x0 .\CortexM3\ARM_GCC_541\Release\cymetadata.o
 .text          0x00000000        0x0 .\CortexM3\ARM_GCC_541\Release\Cm3Start.o
 .data          0x00000000        0x4 .\CortexM3\ARM_GCC_541\Release\Cm3Start.o
 .bss           0x00000000        0x0 .\CortexM3\ARM_GCC_541\Release\Cm3Start.o
 .text._exit    0x00000000        0xa .\CortexM3\ARM_GCC_541\Release\Cm3Start.o
 .text._sbrk    0x00000000       0x2c .\CortexM3\ARM_GCC_541\Release\Cm3Start.o
 .text          0x00000000        0x0 .\CortexM3\ARM_GCC_541\Release\UARTKeyboard.a(Columns.o)
 .data          0x00000000        0x0 .\CortexM3\ARM_GCC_541\Release\UARTKeyboard.a(Columns.o)
 .bss           0x00000000        0x0 .\CortexM3\ARM_GCC_541\Release\UARTKeyboard.a(Columns.o)
 .text.Columns_SetDriveMode
                0x00000000       0x34 .\CortexM3\ARM_GCC_541\Release\UARTKeyboard.a(Columns.o)
 .text.Columns_ReadDataReg
                0x00000000        0xc .\CortexM3\ARM_GCC_541\Release\UARTKeyboard.a(Columns.o)
 .text          0x00000000        0x0 .\CortexM3\ARM_GCC_541\Release\UARTKeyboard.a(Rows.o)
 .data          0x00000000        0x0 .\CortexM3\ARM_GCC_541\Release\UARTKeyboard.a(Rows.o)
 .bss           0x00000000        0x0 .\CortexM3\ARM_GCC_541\Release\UARTKeyboard.a(Rows.o)
 .text.Rows_Write
                0x00000000       0x18 .\CortexM3\ARM_GCC_541\Release\UARTKeyboard.a(Rows.o)
 .text.Rows_SetDriveMode
                0x00000000       0x34 .\CortexM3\ARM_GCC_541\Release\UARTKeyboard.a(Rows.o)
 .text.Rows_ReadDataReg
                0x00000000        0xc .\CortexM3\ARM_GCC_541\Release\UARTKeyboard.a(Rows.o)
 .text.Rows_SetInterruptMode
                0x00000000       0x3c .\CortexM3\ARM_GCC_541\Release\UARTKeyboard.a(Rows.o)
 .text          0x00000000        0x0 .\CortexM3\ARM_GCC_541\Release\UARTKeyboard.a(LCD.o)
 .data          0x00000000        0x0 .\CortexM3\ARM_GCC_541\Release\UARTKeyboard.a(LCD.o)
 .text.LCD_Stop
                0x00000000       0x14 .\CortexM3\ARM_GCC_541\Release\UARTKeyboard.a(LCD.o)
 .text.LCD_PrintInt8
                0x00000000       0x20 .\CortexM3\ARM_GCC_541\Release\UARTKeyboard.a(LCD.o)
 .text.LCD_PrintInt16
                0x00000000       0x14 .\CortexM3\ARM_GCC_541\Release\UARTKeyboard.a(LCD.o)
 .text.LCD_PrintInt32
                0x00000000       0x1a .\CortexM3\ARM_GCC_541\Release\UARTKeyboard.a(LCD.o)
 .text.LCD_PrintU32Number
                0x00000000       0x40 .\CortexM3\ARM_GCC_541\Release\UARTKeyboard.a(LCD.o)
 .rodata        0x00000000       0x10 .\CortexM3\ARM_GCC_541\Release\UARTKeyboard.a(LCD.o)
 .text          0x00000000        0x0 .\CortexM3\ARM_GCC_541\Release\UARTKeyboard.a(CyLib.o)
 .bss           0x00000000       0x1c .\CortexM3\ARM_GCC_541\Release\UARTKeyboard.a(CyLib.o)
 .text.CyIMO_SetTrimValue
                0x00000000       0xb8 .\CortexM3\ARM_GCC_541\Release\UARTKeyboard.a(CyLib.o)
 .text.CyBusClk_Internal_SetDivider
                0x00000000       0x44 .\CortexM3\ARM_GCC_541\Release\UARTKeyboard.a(CyLib.o)
 .text.CyPLL_OUT_Stop
                0x00000000       0x10 .\CortexM3\ARM_GCC_541\Release\UARTKeyboard.a(CyLib.o)
 .text.CyPLL_OUT_SetPQ
                0x00000000       0x34 .\CortexM3\ARM_GCC_541\Release\UARTKeyboard.a(CyLib.o)
 .text.CyPLL_OUT_SetSource
                0x00000000       0x14 .\CortexM3\ARM_GCC_541\Release\UARTKeyboard.a(CyLib.o)
 .text.CyIMO_Stop
                0x00000000       0x18 .\CortexM3\ARM_GCC_541\Release\UARTKeyboard.a(CyLib.o)
 .text.CyIMO_SetSource
                0x00000000       0x40 .\CortexM3\ARM_GCC_541\Release\UARTKeyboard.a(CyLib.o)
 .text.CyIMO_EnableDoubler
                0x00000000       0x10 .\CortexM3\ARM_GCC_541\Release\UARTKeyboard.a(CyLib.o)
 .text.CyIMO_DisableDoubler
                0x00000000       0x10 .\CortexM3\ARM_GCC_541\Release\UARTKeyboard.a(CyLib.o)
 .text.CyIMO_SetFreq
                0x00000000       0xcc .\CortexM3\ARM_GCC_541\Release\UARTKeyboard.a(CyLib.o)
 .text.CyMasterClk_SetSource
                0x00000000       0x18 .\CortexM3\ARM_GCC_541\Release\UARTKeyboard.a(CyLib.o)
 .text.CyMasterClk_SetDivider
                0x00000000        0xc .\CortexM3\ARM_GCC_541\Release\UARTKeyboard.a(CyLib.o)
 .text.CyBusClk_SetDivider
                0x00000000       0x70 .\CortexM3\ARM_GCC_541\Release\UARTKeyboard.a(CyLib.o)
 .text.CyUsbClk_SetSource
                0x00000000       0x18 .\CortexM3\ARM_GCC_541\Release\UARTKeyboard.a(CyLib.o)
 .text.CyILO_Start1K
                0x00000000       0x10 .\CortexM3\ARM_GCC_541\Release\UARTKeyboard.a(CyLib.o)
 .text.CyILO_Stop1K
                0x00000000       0x10 .\CortexM3\ARM_GCC_541\Release\UARTKeyboard.a(CyLib.o)
 .text.CyILO_Start100K
                0x00000000       0x10 .\CortexM3\ARM_GCC_541\Release\UARTKeyboard.a(CyLib.o)
 .text.CyILO_Stop100K
                0x00000000       0x10 .\CortexM3\ARM_GCC_541\Release\UARTKeyboard.a(CyLib.o)
 .text.CyPLL_OUT_Start
                0x00000000       0x74 .\CortexM3\ARM_GCC_541\Release\UARTKeyboard.a(CyLib.o)
 .text.CyIMO_Start
                0x00000000       0x5c .\CortexM3\ARM_GCC_541\Release\UARTKeyboard.a(CyLib.o)
 .text.CyILO_Enable33K
                0x00000000       0x10 .\CortexM3\ARM_GCC_541\Release\UARTKeyboard.a(CyLib.o)
 .text.CyILO_Disable33K
                0x00000000       0x10 .\CortexM3\ARM_GCC_541\Release\UARTKeyboard.a(CyLib.o)
 .text.CyILO_SetSource
                0x00000000       0x16 .\CortexM3\ARM_GCC_541\Release\UARTKeyboard.a(CyLib.o)
 .text.CyILO_SetPowerMode
                0x00000000       0x20 .\CortexM3\ARM_GCC_541\Release\UARTKeyboard.a(CyLib.o)
 .text.CyXTAL_32KHZ_Stop
                0x00000000       0x30 .\CortexM3\ARM_GCC_541\Release\UARTKeyboard.a(CyLib.o)
 .text.CyXTAL_32KHZ_ReadStatus
                0x00000000       0x10 .\CortexM3\ARM_GCC_541\Release\UARTKeyboard.a(CyLib.o)
 .text.CyXTAL_Start
                0x00000000       0xa0 .\CortexM3\ARM_GCC_541\Release\UARTKeyboard.a(CyLib.o)
 .text.CyXTAL_Stop
                0x00000000       0x10 .\CortexM3\ARM_GCC_541\Release\UARTKeyboard.a(CyLib.o)
 .text.CyXTAL_EnableErrStatus
                0x00000000       0x10 .\CortexM3\ARM_GCC_541\Release\UARTKeyboard.a(CyLib.o)
 .text.CyXTAL_DisableErrStatus
                0x00000000       0x10 .\CortexM3\ARM_GCC_541\Release\UARTKeyboard.a(CyLib.o)
 .text.CyXTAL_ReadStatus
                0x00000000        0xc .\CortexM3\ARM_GCC_541\Release\UARTKeyboard.a(CyLib.o)
 .text.CyXTAL_EnableFaultRecovery
                0x00000000       0x10 .\CortexM3\ARM_GCC_541\Release\UARTKeyboard.a(CyLib.o)
 .text.CyXTAL_DisableFaultRecovery
                0x00000000       0x10 .\CortexM3\ARM_GCC_541\Release\UARTKeyboard.a(CyLib.o)
 .text.CyXTAL_SetStartup
                0x00000000       0x18 .\CortexM3\ARM_GCC_541\Release\UARTKeyboard.a(CyLib.o)
 .text.CyXTAL_SetFbVoltage
                0x00000000       0x18 .\CortexM3\ARM_GCC_541\Release\UARTKeyboard.a(CyLib.o)
 .text.CyXTAL_SetWdVoltage
                0x00000000       0x18 .\CortexM3\ARM_GCC_541\Release\UARTKeyboard.a(CyLib.o)
 .text.CyHalt   0x00000000        0x4 .\CortexM3\ARM_GCC_541\Release\UARTKeyboard.a(CyLib.o)
 .text.CySoftwareReset
                0x00000000       0x10 .\CortexM3\ARM_GCC_541\Release\UARTKeyboard.a(CyLib.o)
 .text.CyXTAL_32KHZ_SetPowerMode
                0x00000000       0x6c .\CortexM3\ARM_GCC_541\Release\UARTKeyboard.a(CyLib.o)
 .text.CyXTAL_32KHZ_Start
                0x00000000       0x6c .\CortexM3\ARM_GCC_541\Release\UARTKeyboard.a(CyLib.o)
 .text.CyDelayFreq
                0x00000000       0x40 .\CortexM3\ARM_GCC_541\Release\UARTKeyboard.a(CyLib.o)
 .text.CyWdtStart
                0x00000000       0x40 .\CortexM3\ARM_GCC_541\Release\UARTKeyboard.a(CyLib.o)
 .text.CyWdtClear
                0x00000000        0xc .\CortexM3\ARM_GCC_541\Release\UARTKeyboard.a(CyLib.o)
 .text.CyVdStickyStatus
                0x00000000       0x2c .\CortexM3\ARM_GCC_541\Release\UARTKeyboard.a(CyLib.o)
 .text.CyVdLvDigitEnable
                0x00000000       0x84 .\CortexM3\ARM_GCC_541\Release\UARTKeyboard.a(CyLib.o)
 .text.CyVdLvAnalogEnable
                0x00000000       0x80 .\CortexM3\ARM_GCC_541\Release\UARTKeyboard.a(CyLib.o)
 .text.CyVdLvDigitDisable
                0x00000000       0x2c .\CortexM3\ARM_GCC_541\Release\UARTKeyboard.a(CyLib.o)
 .text.CyVdLvAnalogDisable
                0x00000000       0x24 .\CortexM3\ARM_GCC_541\Release\UARTKeyboard.a(CyLib.o)
 .text.CyVdHvAnalogEnable
                0x00000000       0x58 .\CortexM3\ARM_GCC_541\Release\UARTKeyboard.a(CyLib.o)
 .text.CyVdHvAnalogDisable
                0x00000000       0x1c .\CortexM3\ARM_GCC_541\Release\UARTKeyboard.a(CyLib.o)
 .text.CyVdRealTimeStatus
                0x00000000       0x1c .\CortexM3\ARM_GCC_541\Release\UARTKeyboard.a(CyLib.o)
 .text.CyDisableInts
                0x00000000       0x1c .\CortexM3\ARM_GCC_541\Release\UARTKeyboard.a(CyLib.o)
 .text.CyEnableInts
                0x00000000       0x18 .\CortexM3\ARM_GCC_541\Release\UARTKeyboard.a(CyLib.o)
 .text.CyFlushCache
                0x00000000       0x44 .\CortexM3\ARM_GCC_541\Release\UARTKeyboard.a(CyLib.o)
 .text.CyIntSetSysVector
                0x00000000       0x18 .\CortexM3\ARM_GCC_541\Release\UARTKeyboard.a(CyLib.o)
 .text.CyIntGetSysVector
                0x00000000       0x14 .\CortexM3\ARM_GCC_541\Release\UARTKeyboard.a(CyLib.o)
 .text.CyIntSetVector
                0x00000000       0x1c .\CortexM3\ARM_GCC_541\Release\UARTKeyboard.a(CyLib.o)
 .text.CyIntGetVector
                0x00000000       0x14 .\CortexM3\ARM_GCC_541\Release\UARTKeyboard.a(CyLib.o)
 .text.CyIntSetPriority
                0x00000000       0x14 .\CortexM3\ARM_GCC_541\Release\UARTKeyboard.a(CyLib.o)
 .text.CyIntGetPriority
                0x00000000       0x12 .\CortexM3\ARM_GCC_541\Release\UARTKeyboard.a(CyLib.o)
 .text.CyIntGetState
                0x00000000       0x18 .\CortexM3\ARM_GCC_541\Release\UARTKeyboard.a(CyLib.o)
 .text.CySysTickInit
                0x00000000       0x58 .\CortexM3\ARM_GCC_541\Release\UARTKeyboard.a(CyLib.o)
 .text.CySysTickStop
                0x00000000       0x10 .\CortexM3\ARM_GCC_541\Release\UARTKeyboard.a(CyLib.o)
 .text.CySysTickEnableInterrupt
                0x00000000       0x10 .\CortexM3\ARM_GCC_541\Release\UARTKeyboard.a(CyLib.o)
 .text.CySysTickEnable
                0x00000000       0x18 .\CortexM3\ARM_GCC_541\Release\UARTKeyboard.a(CyLib.o)
 .text.CySysTickStart
                0x00000000       0x1c .\CortexM3\ARM_GCC_541\Release\UARTKeyboard.a(CyLib.o)
 .text.CySysTickDisableInterrupt
                0x00000000       0x10 .\CortexM3\ARM_GCC_541\Release\UARTKeyboard.a(CyLib.o)
 .text.CySysTickSetReload
                0x00000000       0x10 .\CortexM3\ARM_GCC_541\Release\UARTKeyboard.a(CyLib.o)
 .text.CySysTickGetReload
                0x00000000       0x10 .\CortexM3\ARM_GCC_541\Release\UARTKeyboard.a(CyLib.o)
 .text.CySysTickGetValue
                0x00000000       0x10 .\CortexM3\ARM_GCC_541\Release\UARTKeyboard.a(CyLib.o)
 .text.CySysTickSetClockSource
                0x00000000       0x18 .\CortexM3\ARM_GCC_541\Release\UARTKeyboard.a(CyLib.o)
 .text.CySysTickGetClockSource
                0x00000000       0x10 .\CortexM3\ARM_GCC_541\Release\UARTKeyboard.a(CyLib.o)
 .text.CySysTickGetCountFlag
                0x00000000       0x10 .\CortexM3\ARM_GCC_541\Release\UARTKeyboard.a(CyLib.o)
 .text.CySysTickServiceCallbacks
                0x00000000       0x24 .\CortexM3\ARM_GCC_541\Release\UARTKeyboard.a(CyLib.o)
 .text.CySysTickClear
                0x00000000        0xc .\CortexM3\ARM_GCC_541\Release\UARTKeyboard.a(CyLib.o)
 .text.CySysTickSetCallback
                0x00000000       0x10 .\CortexM3\ARM_GCC_541\Release\UARTKeyboard.a(CyLib.o)
 .text.CySysTickGetCallback
                0x00000000       0x10 .\CortexM3\ARM_GCC_541\Release\UARTKeyboard.a(CyLib.o)
 .text.CyGetUniqueId
                0x00000000       0x70 .\CortexM3\ARM_GCC_541\Release\UARTKeyboard.a(CyLib.o)
 .text          0x00000000        0x0 .\CortexM3\ARM_GCC_541\Release\UARTKeyboard.a(cyPm.o)
 .data          0x00000000        0x0 .\CortexM3\ARM_GCC_541\Release\UARTKeyboard.a(cyPm.o)
 .bss           0x00000000       0x43 .\CortexM3\ARM_GCC_541\Release\UARTKeyboard.a(cyPm.o)
 .text.CyPmHibSlpSaveSet
                0x00000000      0x1c4 .\CortexM3\ARM_GCC_541\Release\UARTKeyboard.a(cyPm.o)
 .text.CyPmHibSlpRestore
                0x00000000       0xc0 .\CortexM3\ARM_GCC_541\Release\UARTKeyboard.a(cyPm.o)
 .text.CyPmSaveClocks
                0x00000000      0x1e0 .\CortexM3\ARM_GCC_541\Release\UARTKeyboard.a(cyPm.o)
 .text.CyPmRestoreClocks
                0x00000000      0x214 .\CortexM3\ARM_GCC_541\Release\UARTKeyboard.a(cyPm.o)
 .text.CyPmAltAct
                0x00000000       0x60 .\CortexM3\ARM_GCC_541\Release\UARTKeyboard.a(cyPm.o)
 .text.CyPmSleep
                0x00000000       0xe4 .\CortexM3\ARM_GCC_541\Release\UARTKeyboard.a(cyPm.o)
 .text.CyPmHibernateEx
                0x00000000      0x290 .\CortexM3\ARM_GCC_541\Release\UARTKeyboard.a(cyPm.o)
 .text.CyPmHibernate
                0x00000000        0x6 .\CortexM3\ARM_GCC_541\Release\UARTKeyboard.a(cyPm.o)
 .text.CyPmReadStatus
                0x00000000       0x30 .\CortexM3\ARM_GCC_541\Release\UARTKeyboard.a(cyPm.o)
 .text.CyPmCtwSetInterval
                0x00000000       0x50 .\CortexM3\ARM_GCC_541\Release\UARTKeyboard.a(cyPm.o)
 .text.CyPmOppsSet
                0x00000000       0x2c .\CortexM3\ARM_GCC_541\Release\UARTKeyboard.a(cyPm.o)
 .text.CyPmFtwSetInterval
                0x00000000       0x50 .\CortexM3\ARM_GCC_541\Release\UARTKeyboard.a(cyPm.o)
 .rodata        0x00000000        0xe .\CortexM3\ARM_GCC_541\Release\UARTKeyboard.a(cyPm.o)
 .text          0x00000000        0x0 .\CortexM3\ARM_GCC_541\Release\UARTKeyboard.a(Timer.o)
 .data          0x00000000        0x0 .\CortexM3\ARM_GCC_541\Release\UARTKeyboard.a(Timer.o)
 .text.Timer_Stop
                0x00000000       0x28 .\CortexM3\ARM_GCC_541\Release\UARTKeyboard.a(Timer.o)
 .text.Timer_SetInterruptMode
                0x00000000        0xc .\CortexM3\ARM_GCC_541\Release\UARTKeyboard.a(Timer.o)
 .text.Timer_SoftwareCapture
                0x00000000        0xc .\CortexM3\ARM_GCC_541\Release\UARTKeyboard.a(Timer.o)
 .text.Timer_ReadStatusRegister
                0x00000000        0xc .\CortexM3\ARM_GCC_541\Release\UARTKeyboard.a(Timer.o)
 .text.Timer_ReadControlRegister
                0x00000000        0xc .\CortexM3\ARM_GCC_541\Release\UARTKeyboard.a(Timer.o)
 .text.Timer_WriteControlRegister
                0x00000000        0xc .\CortexM3\ARM_GCC_541\Release\UARTKeyboard.a(Timer.o)
 .text.Timer_ReadPeriod
                0x00000000        0xc .\CortexM3\ARM_GCC_541\Release\UARTKeyboard.a(Timer.o)
 .text.Timer_WritePeriod
                0x00000000        0xc .\CortexM3\ARM_GCC_541\Release\UARTKeyboard.a(Timer.o)
 .text.Timer_ReadCapture
                0x00000000        0xc .\CortexM3\ARM_GCC_541\Release\UARTKeyboard.a(Timer.o)
 .text.Timer_WriteCounter
                0x00000000        0xc .\CortexM3\ARM_GCC_541\Release\UARTKeyboard.a(Timer.o)
 .text.Timer_ReadCounter
                0x00000000       0x14 .\CortexM3\ARM_GCC_541\Release\UARTKeyboard.a(Timer.o)
 .text          0x00000000        0x0 .\CortexM3\ARM_GCC_541\Release\UARTKeyboard.a(isr_Keyboard.o)
 .data          0x00000000        0x0 .\CortexM3\ARM_GCC_541\Release\UARTKeyboard.a(isr_Keyboard.o)
 .bss           0x00000000        0x0 .\CortexM3\ARM_GCC_541\Release\UARTKeyboard.a(isr_Keyboard.o)
 .text.isr_Keyboard_Interrupt
                0x00000000        0x2 .\CortexM3\ARM_GCC_541\Release\UARTKeyboard.a(isr_Keyboard.o)
 .text.isr_Keyboard_Start
                0x00000000       0x2c .\CortexM3\ARM_GCC_541\Release\UARTKeyboard.a(isr_Keyboard.o)
 .text.isr_Keyboard_Stop
                0x00000000       0x1c .\CortexM3\ARM_GCC_541\Release\UARTKeyboard.a(isr_Keyboard.o)
 .text.isr_Keyboard_SetVector
                0x00000000        0xc .\CortexM3\ARM_GCC_541\Release\UARTKeyboard.a(isr_Keyboard.o)
 .text.isr_Keyboard_GetVector
                0x00000000        0xc .\CortexM3\ARM_GCC_541\Release\UARTKeyboard.a(isr_Keyboard.o)
 .text.isr_Keyboard_SetPriority
                0x00000000       0x10 .\CortexM3\ARM_GCC_541\Release\UARTKeyboard.a(isr_Keyboard.o)
 .text.isr_Keyboard_GetPriority
                0x00000000        0xc .\CortexM3\ARM_GCC_541\Release\UARTKeyboard.a(isr_Keyboard.o)
 .text.isr_Keyboard_Enable
                0x00000000        0xc .\CortexM3\ARM_GCC_541\Release\UARTKeyboard.a(isr_Keyboard.o)
 .text.isr_Keyboard_GetState
                0x00000000       0x10 .\CortexM3\ARM_GCC_541\Release\UARTKeyboard.a(isr_Keyboard.o)
 .text.isr_Keyboard_Disable
                0x00000000        0xc .\CortexM3\ARM_GCC_541\Release\UARTKeyboard.a(isr_Keyboard.o)
 .text.isr_Keyboard_SetPending
                0x00000000        0xc .\CortexM3\ARM_GCC_541\Release\UARTKeyboard.a(isr_Keyboard.o)
 .text.isr_Keyboard_ClearPending
                0x00000000        0xc .\CortexM3\ARM_GCC_541\Release\UARTKeyboard.a(isr_Keyboard.o)
 .text          0x00000000        0x0 .\CortexM3\ARM_GCC_541\Release\UARTKeyboard.a(isr_Iteration.o)
 .data          0x00000000        0x0 .\CortexM3\ARM_GCC_541\Release\UARTKeyboard.a(isr_Iteration.o)
 .bss           0x00000000        0x0 .\CortexM3\ARM_GCC_541\Release\UARTKeyboard.a(isr_Iteration.o)
 .text.isr_Iteration_Interrupt
                0x00000000        0x2 .\CortexM3\ARM_GCC_541\Release\UARTKeyboard.a(isr_Iteration.o)
 .text.isr_Iteration_Start
                0x00000000       0x2c .\CortexM3\ARM_GCC_541\Release\UARTKeyboard.a(isr_Iteration.o)
 .text.isr_Iteration_Stop
                0x00000000       0x1c .\CortexM3\ARM_GCC_541\Release\UARTKeyboard.a(isr_Iteration.o)
 .text.isr_Iteration_SetVector
                0x00000000        0xc .\CortexM3\ARM_GCC_541\Release\UARTKeyboard.a(isr_Iteration.o)
 .text.isr_Iteration_GetVector
                0x00000000        0xc .\CortexM3\ARM_GCC_541\Release\UARTKeyboard.a(isr_Iteration.o)
 .text.isr_Iteration_SetPriority
                0x00000000       0x10 .\CortexM3\ARM_GCC_541\Release\UARTKeyboard.a(isr_Iteration.o)
 .text.isr_Iteration_GetPriority
                0x00000000        0xc .\CortexM3\ARM_GCC_541\Release\UARTKeyboard.a(isr_Iteration.o)
 .text.isr_Iteration_Enable
                0x00000000        0xc .\CortexM3\ARM_GCC_541\Release\UARTKeyboard.a(isr_Iteration.o)
 .text.isr_Iteration_GetState
                0x00000000       0x10 .\CortexM3\ARM_GCC_541\Release\UARTKeyboard.a(isr_Iteration.o)
 .text.isr_Iteration_Disable
                0x00000000        0xc .\CortexM3\ARM_GCC_541\Release\UARTKeyboard.a(isr_Iteration.o)
 .text.isr_Iteration_SetPending
                0x00000000        0xc .\CortexM3\ARM_GCC_541\Release\UARTKeyboard.a(isr_Iteration.o)
 .text.isr_Iteration_ClearPending
                0x00000000        0xc .\CortexM3\ARM_GCC_541\Release\UARTKeyboard.a(isr_Iteration.o)
 .text          0x00000000        0x0 .\CortexM3\ARM_GCC_541\Release\UARTKeyboard.a(UART.o)
 .data          0x00000000        0x0 .\CortexM3\ARM_GCC_541\Release\UARTKeyboard.a(UART.o)
 .text.UART_Stop
                0x00000000       0x3c .\CortexM3\ARM_GCC_541\Release\UARTKeyboard.a(UART.o)
 .text.UART_ReadControlRegister
                0x00000000        0x4 .\CortexM3\ARM_GCC_541\Release\UARTKeyboard.a(UART.o)
 .text.UART_WriteControlRegister
                0x00000000        0x2 .\CortexM3\ARM_GCC_541\Release\UARTKeyboard.a(UART.o)
 .text.UART_SetRxInterruptMode
                0x00000000        0xc .\CortexM3\ARM_GCC_541\Release\UARTKeyboard.a(UART.o)
 .text.UART_ReadRxData
                0x00000000        0xc .\CortexM3\ARM_GCC_541\Release\UARTKeyboard.a(UART.o)
 .text.UART_ReadRxStatus
                0x00000000       0x10 .\CortexM3\ARM_GCC_541\Release\UARTKeyboard.a(UART.o)
 .text.UART_GetChar
                0x00000000       0x28 .\CortexM3\ARM_GCC_541\Release\UARTKeyboard.a(UART.o)
 .text.UART_GetByte
                0x00000000       0x1c .\CortexM3\ARM_GCC_541\Release\UARTKeyboard.a(UART.o)
 .text.UART_GetRxBufferSize
                0x00000000       0x10 .\CortexM3\ARM_GCC_541\Release\UARTKeyboard.a(UART.o)
 .text.UART_ClearRxBuffer
                0x00000000       0x24 .\CortexM3\ARM_GCC_541\Release\UARTKeyboard.a(UART.o)
 .text.UART_SetRxAddressMode
                0x00000000        0x2 .\CortexM3\ARM_GCC_541\Release\UARTKeyboard.a(UART.o)
 .text.UART_SetRxAddress1
                0x00000000        0xc .\CortexM3\ARM_GCC_541\Release\UARTKeyboard.a(UART.o)
 .text.UART_SetRxAddress2
                0x00000000        0xc .\CortexM3\ARM_GCC_541\Release\UARTKeyboard.a(UART.o)
 .text.UART_SetTxInterruptMode
                0x00000000        0xc .\CortexM3\ARM_GCC_541\Release\UARTKeyboard.a(UART.o)
 .text.UART_WriteTxData
                0x00000000       0x14 .\CortexM3\ARM_GCC_541\Release\UARTKeyboard.a(UART.o)
 .text.UART_ReadTxStatus
                0x00000000        0xc .\CortexM3\ARM_GCC_541\Release\UARTKeyboard.a(UART.o)
 .text.UART_PutArray
                0x00000000       0x24 .\CortexM3\ARM_GCC_541\Release\UARTKeyboard.a(UART.o)
 .text.UART_PutCRLF
                0x00000000       0x24 .\CortexM3\ARM_GCC_541\Release\UARTKeyboard.a(UART.o)
 .text.UART_GetTxBufferSize
                0x00000000       0x1c .\CortexM3\ARM_GCC_541\Release\UARTKeyboard.a(UART.o)
 .text.UART_ClearTxBuffer
                0x00000000       0x24 .\CortexM3\ARM_GCC_541\Release\UARTKeyboard.a(UART.o)
 .text.UART_SendBreak
                0x00000000       0x58 .\CortexM3\ARM_GCC_541\Release\UARTKeyboard.a(UART.o)
 .text.UART_SetTxAddressMode
                0x00000000        0x2 .\CortexM3\ARM_GCC_541\Release\UARTKeyboard.a(UART.o)
 .text          0x00000000        0x0 .\CortexM3\ARM_GCC_541\Release\UARTKeyboard.a(UART_IntClock.o)
 .data          0x00000000        0x0 .\CortexM3\ARM_GCC_541\Release\UARTKeyboard.a(UART_IntClock.o)
 .bss           0x00000000        0x0 .\CortexM3\ARM_GCC_541\Release\UARTKeyboard.a(UART_IntClock.o)
 .text.UART_IntClock_Stop
                0x00000000       0x18 .\CortexM3\ARM_GCC_541\Release\UARTKeyboard.a(UART_IntClock.o)
 .text.UART_IntClock_StopBlock
                0x00000000       0x6c .\CortexM3\ARM_GCC_541\Release\UARTKeyboard.a(UART_IntClock.o)
 .text.UART_IntClock_StandbyPower
                0x00000000       0x18 .\CortexM3\ARM_GCC_541\Release\UARTKeyboard.a(UART_IntClock.o)
 .text.UART_IntClock_SetDividerRegister
                0x00000000       0xc8 .\CortexM3\ARM_GCC_541\Release\UARTKeyboard.a(UART_IntClock.o)
 .text.UART_IntClock_GetDividerRegister
                0x00000000        0xc .\CortexM3\ARM_GCC_541\Release\UARTKeyboard.a(UART_IntClock.o)
 .text.UART_IntClock_SetModeRegister
                0x00000000       0x14 .\CortexM3\ARM_GCC_541\Release\UARTKeyboard.a(UART_IntClock.o)
 .text.UART_IntClock_ClearModeRegister
                0x00000000       0x14 .\CortexM3\ARM_GCC_541\Release\UARTKeyboard.a(UART_IntClock.o)
 .text.UART_IntClock_GetModeRegister
                0x00000000       0x10 .\CortexM3\ARM_GCC_541\Release\UARTKeyboard.a(UART_IntClock.o)
 .text.UART_IntClock_SetSourceRegister
                0x00000000       0x50 .\CortexM3\ARM_GCC_541\Release\UARTKeyboard.a(UART_IntClock.o)
 .text.UART_IntClock_GetSourceRegister
                0x00000000       0x10 .\CortexM3\ARM_GCC_541\Release\UARTKeyboard.a(UART_IntClock.o)
 .text          0x00000000        0x0 .\CortexM3\ARM_GCC_541\Release\UARTKeyboard.a(isr_RX.o)
 .data          0x00000000        0x0 .\CortexM3\ARM_GCC_541\Release\UARTKeyboard.a(isr_RX.o)
 .bss           0x00000000        0x0 .\CortexM3\ARM_GCC_541\Release\UARTKeyboard.a(isr_RX.o)
 .text.isr_RX_Interrupt
                0x00000000        0x2 .\CortexM3\ARM_GCC_541\Release\UARTKeyboard.a(isr_RX.o)
 .text.isr_RX_Start
                0x00000000       0x2c .\CortexM3\ARM_GCC_541\Release\UARTKeyboard.a(isr_RX.o)
 .text.isr_RX_Stop
                0x00000000       0x1c .\CortexM3\ARM_GCC_541\Release\UARTKeyboard.a(isr_RX.o)
 .text.isr_RX_SetVector
                0x00000000        0xc .\CortexM3\ARM_GCC_541\Release\UARTKeyboard.a(isr_RX.o)
 .text.isr_RX_GetVector
                0x00000000        0xc .\CortexM3\ARM_GCC_541\Release\UARTKeyboard.a(isr_RX.o)
 .text.isr_RX_SetPriority
                0x00000000       0x10 .\CortexM3\ARM_GCC_541\Release\UARTKeyboard.a(isr_RX.o)
 .text.isr_RX_GetPriority
                0x00000000        0xc .\CortexM3\ARM_GCC_541\Release\UARTKeyboard.a(isr_RX.o)
 .text.isr_RX_Enable
                0x00000000        0xc .\CortexM3\ARM_GCC_541\Release\UARTKeyboard.a(isr_RX.o)
 .text.isr_RX_GetState
                0x00000000       0x10 .\CortexM3\ARM_GCC_541\Release\UARTKeyboard.a(isr_RX.o)
 .text.isr_RX_Disable
                0x00000000        0xc .\CortexM3\ARM_GCC_541\Release\UARTKeyboard.a(isr_RX.o)
 .text.isr_RX_SetPending
                0x00000000        0xc .\CortexM3\ARM_GCC_541\Release\UARTKeyboard.a(isr_RX.o)
 .text.isr_RX_ClearPending
                0x00000000        0xc .\CortexM3\ARM_GCC_541\Release\UARTKeyboard.a(isr_RX.o)
 .data          0x00000000        0x0 .\CortexM3\ARM_GCC_541\Release\UARTKeyboard.a(CyBootAsmGnu.o)
 .bss           0x00000000        0x0 .\CortexM3\ARM_GCC_541\Release\UARTKeyboard.a(CyBootAsmGnu.o)
 .text          0x00000000        0x0 .\CortexM3\ARM_GCC_541\Release\UARTKeyboard.a(CyFlash.o)
 .data          0x00000000        0x0 .\CortexM3\ARM_GCC_541\Release\UARTKeyboard.a(CyFlash.o)
 .bss           0x00000000        0x0 .\CortexM3\ARM_GCC_541\Release\UARTKeyboard.a(CyFlash.o)
 .text.CyFlash_Start
                0x00000000       0x50 .\CortexM3\ARM_GCC_541\Release\UARTKeyboard.a(CyFlash.o)
 .text.CyFlash_Stop
                0x00000000       0x24 .\CortexM3\ARM_GCC_541\Release\UARTKeyboard.a(CyFlash.o)
 .text.CyFlash_EraseRow
                0x00000000       0x70 .\CortexM3\ARM_GCC_541\Release\UARTKeyboard.a(CyFlash.o)
 .text.CyFlashGetSpcAlgorithm
                0x00000000       0x48 .\CortexM3\ARM_GCC_541\Release\UARTKeyboard.a(CyFlash.o)
 .text.CySetTemp
                0x00000000       0x5c .\CortexM3\ARM_GCC_541\Release\UARTKeyboard.a(CyFlash.o)
 .text.CySetFlashEEBuffer
                0x00000000       0x22 .\CortexM3\ARM_GCC_541\Release\UARTKeyboard.a(CyFlash.o)
 .text.CyWriteRowFull
                0x00000000       0xcc .\CortexM3\ARM_GCC_541\Release\UARTKeyboard.a(CyFlash.o)
 .text.CyWriteRowData
                0x00000000        0xe .\CortexM3\ARM_GCC_541\Release\UARTKeyboard.a(CyFlash.o)
 .text.CyFlash_SetWaitCycles
                0x00000000       0x6c .\CortexM3\ARM_GCC_541\Release\UARTKeyboard.a(CyFlash.o)
 .text.CyEEPROM_Start
                0x00000000       0x50 .\CortexM3\ARM_GCC_541\Release\UARTKeyboard.a(CyFlash.o)
 .text.CyEEPROM_Stop
                0x00000000       0x24 .\CortexM3\ARM_GCC_541\Release\UARTKeyboard.a(CyFlash.o)
 .text.CyEEPROM_ReadReserve
                0x00000000       0x18 .\CortexM3\ARM_GCC_541\Release\UARTKeyboard.a(CyFlash.o)
 .text.CyEEPROM_ReadRelease
                0x00000000       0x10 .\CortexM3\ARM_GCC_541\Release\UARTKeyboard.a(CyFlash.o)
 COMMON         0x00000000        0x2 .\CortexM3\ARM_GCC_541\Release\UARTKeyboard.a(CyFlash.o)
 .text          0x00000000        0x0 .\CortexM3\ARM_GCC_541\Release\UARTKeyboard.a(CySpc.o)
 .data          0x00000000        0x0 .\CortexM3\ARM_GCC_541\Release\UARTKeyboard.a(CySpc.o)
 .bss           0x00000000        0x8 .\CortexM3\ARM_GCC_541\Release\UARTKeyboard.a(CySpc.o)
 .text.CySpcStart
                0x00000000       0x24 .\CortexM3\ARM_GCC_541\Release\UARTKeyboard.a(CySpc.o)
 .text.CySpcStop
                0x00000000       0x24 .\CortexM3\ARM_GCC_541\Release\UARTKeyboard.a(CySpc.o)
 .text.CySpcReadData
                0x00000000       0x3c .\CortexM3\ARM_GCC_541\Release\UARTKeyboard.a(CySpc.o)
 .text.CySpcLoadMultiByte
                0x00000000       0x6c .\CortexM3\ARM_GCC_541\Release\UARTKeyboard.a(CySpc.o)
 .text.CySpcLoadRow
                0x00000000       0x48 .\CortexM3\ARM_GCC_541\Release\UARTKeyboard.a(CySpc.o)
 .text.CySpcLoadRowFull
                0x00000000       0x6c .\CortexM3\ARM_GCC_541\Release\UARTKeyboard.a(CySpc.o)
 .text.CySpcWriteRow
                0x00000000       0x40 .\CortexM3\ARM_GCC_541\Release\UARTKeyboard.a(CySpc.o)
 .text.CySpcEraseSector
                0x00000000       0x38 .\CortexM3\ARM_GCC_541\Release\UARTKeyboard.a(CySpc.o)
 .text.CySpcEraseRow
                0x00000000       0x40 .\CortexM3\ARM_GCC_541\Release\UARTKeyboard.a(CySpc.o)
 .text.CySpcGetTemp
                0x00000000       0x34 .\CortexM3\ARM_GCC_541\Release\UARTKeyboard.a(CySpc.o)
 .text.CySpcLock
                0x00000000       0x40 .\CortexM3\ARM_GCC_541\Release\UARTKeyboard.a(CySpc.o)
 .text.CySpcUnlock
                0x00000000       0x34 .\CortexM3\ARM_GCC_541\Release\UARTKeyboard.a(CySpc.o)
 .text.CySpcGetAlgorithm
                0x00000000       0x28 .\CortexM3\ARM_GCC_541\Release\UARTKeyboard.a(CySpc.o)
 .text          0x00000000        0x0 c:/program files (x86)/cypress/psoc creator/4.4/psoc creator/import/gnu/arm/5.4.1/bin/../lib/gcc/arm-none-eabi/5.4.1/../../../../arm-none-eabi/lib/armv7-m\libg_nano.a(lib_a-errno.o)
 .data          0x00000000        0x0 c:/program files (x86)/cypress/psoc creator/4.4/psoc creator/import/gnu/arm/5.4.1/bin/../lib/gcc/arm-none-eabi/5.4.1/../../../../arm-none-eabi/lib/armv7-m\libg_nano.a(lib_a-errno.o)
 .bss           0x00000000        0x0 c:/program files (x86)/cypress/psoc creator/4.4/psoc creator/import/gnu/arm/5.4.1/bin/../lib/gcc/arm-none-eabi/5.4.1/../../../../arm-none-eabi/lib/armv7-m\libg_nano.a(lib_a-errno.o)
 .text          0x00000000        0x0 c:/program files (x86)/cypress/psoc creator/4.4/psoc creator/import/gnu/arm/5.4.1/bin/../lib/gcc/arm-none-eabi/5.4.1/../../../../arm-none-eabi/lib/armv7-m\libg_nano.a(lib_a-exit.o)
 .data          0x00000000        0x0 c:/program files (x86)/cypress/psoc creator/4.4/psoc creator/import/gnu/arm/5.4.1/bin/../lib/gcc/arm-none-eabi/5.4.1/../../../../arm-none-eabi/lib/armv7-m\libg_nano.a(lib_a-exit.o)
 .bss           0x00000000        0x0 c:/program files (x86)/cypress/psoc creator/4.4/psoc creator/import/gnu/arm/5.4.1/bin/../lib/gcc/arm-none-eabi/5.4.1/../../../../arm-none-eabi/lib/armv7-m\libg_nano.a(lib_a-exit.o)
 .text.exit     0x00000000       0x28 c:/program files (x86)/cypress/psoc creator/4.4/psoc creator/import/gnu/arm/5.4.1/bin/../lib/gcc/arm-none-eabi/5.4.1/../../../../arm-none-eabi/lib/armv7-m\libg_nano.a(lib_a-exit.o)
 .text          0x00000000        0x0 c:/program files (x86)/cypress/psoc creator/4.4/psoc creator/import/gnu/arm/5.4.1/bin/../lib/gcc/arm-none-eabi/5.4.1/../../../../arm-none-eabi/lib/armv7-m\libg_nano.a(lib_a-impure.o)
 .data          0x00000000        0x0 c:/program files (x86)/cypress/psoc creator/4.4/psoc creator/import/gnu/arm/5.4.1/bin/../lib/gcc/arm-none-eabi/5.4.1/../../../../arm-none-eabi/lib/armv7-m\libg_nano.a(lib_a-impure.o)
 .bss           0x00000000        0x0 c:/program files (x86)/cypress/psoc creator/4.4/psoc creator/import/gnu/arm/5.4.1/bin/../lib/gcc/arm-none-eabi/5.4.1/../../../../arm-none-eabi/lib/armv7-m\libg_nano.a(lib_a-impure.o)
 .rodata._global_impure_ptr
                0x00000000        0x4 c:/program files (x86)/cypress/psoc creator/4.4/psoc creator/import/gnu/arm/5.4.1/bin/../lib/gcc/arm-none-eabi/5.4.1/../../../../arm-none-eabi/lib/armv7-m\libg_nano.a(lib_a-impure.o)
 .text          0x00000000        0x0 c:/program files (x86)/cypress/psoc creator/4.4/psoc creator/import/gnu/arm/5.4.1/bin/../lib/gcc/arm-none-eabi/5.4.1/../../../../arm-none-eabi/lib/armv7-m\libg_nano.a(lib_a-init.o)
 .data          0x00000000        0x0 c:/program files (x86)/cypress/psoc creator/4.4/psoc creator/import/gnu/arm/5.4.1/bin/../lib/gcc/arm-none-eabi/5.4.1/../../../../arm-none-eabi/lib/armv7-m\libg_nano.a(lib_a-init.o)
 .bss           0x00000000        0x0 c:/program files (x86)/cypress/psoc creator/4.4/psoc creator/import/gnu/arm/5.4.1/bin/../lib/gcc/arm-none-eabi/5.4.1/../../../../arm-none-eabi/lib/armv7-m\libg_nano.a(lib_a-init.o)
 .text          0x00000000        0x0 c:/program files (x86)/cypress/psoc creator/4.4/psoc creator/import/gnu/arm/5.4.1/bin/../lib/gcc/arm-none-eabi/5.4.1/../../../../arm-none-eabi/lib/armv7-m\libg_nano.a(lib_a-memcpy-stub.o)
 .data          0x00000000        0x0 c:/program files (x86)/cypress/psoc creator/4.4/psoc creator/import/gnu/arm/5.4.1/bin/../lib/gcc/arm-none-eabi/5.4.1/../../../../arm-none-eabi/lib/armv7-m\libg_nano.a(lib_a-memcpy-stub.o)
 .bss           0x00000000        0x0 c:/program files (x86)/cypress/psoc creator/4.4/psoc creator/import/gnu/arm/5.4.1/bin/../lib/gcc/arm-none-eabi/5.4.1/../../../../arm-none-eabi/lib/armv7-m\libg_nano.a(lib_a-memcpy-stub.o)
 .text          0x00000000        0x0 c:/program files (x86)/cypress/psoc creator/4.4/psoc creator/import/gnu/arm/5.4.1/bin/../lib/gcc/arm-none-eabi/5.4.1/../../../../arm-none-eabi/lib/armv7-m\libg_nano.a(lib_a-memset.o)
 .data          0x00000000        0x0 c:/program files (x86)/cypress/psoc creator/4.4/psoc creator/import/gnu/arm/5.4.1/bin/../lib/gcc/arm-none-eabi/5.4.1/../../../../arm-none-eabi/lib/armv7-m\libg_nano.a(lib_a-memset.o)
 .bss           0x00000000        0x0 c:/program files (x86)/cypress/psoc creator/4.4/psoc creator/import/gnu/arm/5.4.1/bin/../lib/gcc/arm-none-eabi/5.4.1/../../../../arm-none-eabi/lib/armv7-m\libg_nano.a(lib_a-memset.o)
 .text          0x00000000        0x0 c:/program files (x86)/cypress/psoc creator/4.4/psoc creator/import/gnu/arm/5.4.1/bin/../lib/gcc/arm-none-eabi/5.4.1/../../../../arm-none-eabi/lib/armv7-m\libg_nano.a(lib_a-strcpy.o)
 .data          0x00000000        0x0 c:/program files (x86)/cypress/psoc creator/4.4/psoc creator/import/gnu/arm/5.4.1/bin/../lib/gcc/arm-none-eabi/5.4.1/../../../../arm-none-eabi/lib/armv7-m\libg_nano.a(lib_a-strcpy.o)
 .bss           0x00000000        0x0 c:/program files (x86)/cypress/psoc creator/4.4/psoc creator/import/gnu/arm/5.4.1/bin/../lib/gcc/arm-none-eabi/5.4.1/../../../../arm-none-eabi/lib/armv7-m\libg_nano.a(lib_a-strcpy.o)
 .text          0x00000000        0x0 c:/program files (x86)/cypress/psoc creator/4.4/psoc creator/import/gnu/arm/5.4.1/bin/../lib/gcc/arm-none-eabi/5.4.1/armv7-m/crtend.o
 .data          0x00000000        0x0 c:/program files (x86)/cypress/psoc creator/4.4/psoc creator/import/gnu/arm/5.4.1/bin/../lib/gcc/arm-none-eabi/5.4.1/armv7-m/crtend.o
 .bss           0x00000000        0x0 c:/program files (x86)/cypress/psoc creator/4.4/psoc creator/import/gnu/arm/5.4.1/bin/../lib/gcc/arm-none-eabi/5.4.1/armv7-m/crtend.o
 .text          0x00000000        0x0 c:/program files (x86)/cypress/psoc creator/4.4/psoc creator/import/gnu/arm/5.4.1/bin/../lib/gcc/arm-none-eabi/5.4.1/armv7-m/crtn.o
 .data          0x00000000        0x0 c:/program files (x86)/cypress/psoc creator/4.4/psoc creator/import/gnu/arm/5.4.1/bin/../lib/gcc/arm-none-eabi/5.4.1/armv7-m/crtn.o
 .bss           0x00000000        0x0 c:/program files (x86)/cypress/psoc creator/4.4/psoc creator/import/gnu/arm/5.4.1/bin/../lib/gcc/arm-none-eabi/5.4.1/armv7-m/crtn.o

Memory Configuration

Name             Origin             Length             Attributes
rom              0x00000000         0x00040000         xr
ram              0x1fff8000         0x00010000         xrw
*default*        0x00000000         0xffffffff

Linker script and memory map

LOAD c:/program files (x86)/cypress/psoc creator/4.4/psoc creator/import/gnu/arm/5.4.1/bin/../lib/gcc/arm-none-eabi/5.4.1/armv7-m/crti.o
LOAD c:/program files (x86)/cypress/psoc creator/4.4/psoc creator/import/gnu/arm/5.4.1/bin/../lib/gcc/arm-none-eabi/5.4.1/armv7-m/crtbegin.o
LOAD c:/program files (x86)/cypress/psoc creator/4.4/psoc creator/import/gnu/arm/5.4.1/bin/../lib/gcc/arm-none-eabi/5.4.1/../../../../arm-none-eabi/lib/armv7-m/crt0.o
START GROUP
LOAD .\CortexM3\ARM_GCC_541\Release\main.o
LOAD .\CortexM3\ARM_GCC_541\Release\cyfitter_cfg.o
LOAD .\CortexM3\ARM_GCC_541\Release\cymetadata.o
LOAD .\CortexM3\ARM_GCC_541\Release\Cm3Start.o
LOAD .\CortexM3\ARM_GCC_541\Release\UARTKeyboard.a
LOAD C:\Program Files (x86)\Cypress\PSoC Creator\4.4\PSoC Creator\psoc\content\cycomponentlibrary\CyComponentLibrary.cylib\CortexM3\ARM_GCC_541\Release\CyComponentLibrary.a
END GROUP
START GROUP
LOAD c:/program files (x86)/cypress/psoc creator/4.4/psoc creator/import/gnu/arm/5.4.1/bin/../lib/gcc/arm-none-eabi/5.4.1/armv7-m\libgcc.a
LOAD c:/program files (x86)/cypress/psoc creator/4.4/psoc creator/import/gnu/arm/5.4.1/bin/../lib/gcc/arm-none-eabi/5.4.1/../../../../arm-none-eabi/lib/armv7-m\libg_nano.a
LOAD c:/program files (x86)/cypress/psoc creator/4.4/psoc creator/import/gnu/arm/5.4.1/bin/../lib/gcc/arm-none-eabi/5.4.1/../../../../arm-none-eabi/lib/armv7-m\libc_nano.a
END GROUP
START GROUP
LOAD c:/program files (x86)/cypress/psoc creator/4.4/psoc creator/import/gnu/arm/5.4.1/bin/../lib/gcc/arm-none-eabi/5.4.1/armv7-m\libgcc.a
LOAD c:/program files (x86)/cypress/psoc creator/4.4/psoc creator/import/gnu/arm/5.4.1/bin/../lib/gcc/arm-none-eabi/5.4.1/../../../../arm-none-eabi/lib/armv7-m\libc_nano.a
END GROUP
LOAD c:/program files (x86)/cypress/psoc creator/4.4/psoc creator/import/gnu/arm/5.4.1/bin/../lib/gcc/arm-none-eabi/5.4.1/armv7-m/crtend.o
LOAD c:/program files (x86)/cypress/psoc creator/4.4/psoc creator/import/gnu/arm/5.4.1/bin/../lib/gcc/arm-none-eabi/5.4.1/armv7-m/crtn.o
START GROUP
LOAD c:/program files (x86)/cypress/psoc creator/4.4/psoc creator/import/gnu/arm/5.4.1/bin/../lib/gcc/arm-none-eabi/5.4.1/armv7-m\libgcc.a
LOAD c:/program files (x86)/cypress/psoc creator/4.4/psoc creator/import/gnu/arm/5.4.1/bin/../lib/gcc/arm-none-eabi/5.4.1/../../../../arm-none-eabi/lib/armv7-m\libc.a
LOAD c:/program files (x86)/cypress/psoc creator/4.4/psoc creator/import/gnu/arm/5.4.1/bin/../lib/gcc/arm-none-eabi/5.4.1/../../../../arm-none-eabi/lib/armv7-m\libnosys.a
END GROUP
                0x00000000                CY_APPL_ORIGIN = 0x0
                0x00000100                CY_FLASH_ROW_SIZE = 0x100
                0x00000020                CY_ECC_ROW_SIZE = 0x20
                0x00000000                CY_EE_IN_BTLDR = 0x0
                0x00000000                CY_APPL_LOADABLE = 0x0
                0x00000800                CY_EE_SIZE = 0x800
                0x00000001                CY_APPL_NUM = 0x1
                0x00000001                CY_APPL_MAX = 0x1
                0x00000040                CY_METADATA_SIZE = 0x40
                0x00000000                CY_APPL_LOADABLE = 0x0
                0x00000000                CY_CHECKSUM_EXCLUDE_SIZE = ALIGN (0x0, CY_FLASH_ROW_SIZE)
                [!provide]                PROVIDE (__cy_heap_start, _end)
                0x00000001                PROVIDE (__cy_region_num, ((__cy_regions_end - __cy_regions) / 0x10))
                0x20008000                PROVIDE (__cy_stack, (ORIGIN (ram) + LENGTH (ram)))
                [!provide]                PROVIDE (__cy_heap_end, (__cy_stack - 0x800))

.cybootloader   0x00000000        0x0
 *(.cybootloader)
                0x00000000                appl1_start = CY_APPL_ORIGIN?CY_APPL_ORIGIN:ALIGN (CY_FLASH_ROW_SIZE)
                0x0001ff00                appl2_start = (appl1_start + ALIGN ((((LENGTH (rom) - appl1_start) - (0x2 * CY_FLASH_ROW_SIZE)) / 0x2), CY_FLASH_ROW_SIZE))
                0x00000000                appl_start = (CY_APPL_NUM == 0x1)?appl1_start:appl2_start
                0x00000000                ecc_offset = ((appl_start / CY_FLASH_ROW_SIZE) * CY_ECC_ROW_SIZE)
                0x00000000                ee_offset = (CY_APPL_LOADABLE && ! (CY_EE_IN_BTLDR))?((CY_EE_SIZE / CY_APPL_MAX) * (CY_APPL_NUM - 0x1)):0x0
                0x00000800                ee_size = (CY_APPL_LOADABLE && ! (CY_EE_IN_BTLDR))?(CY_EE_SIZE / CY_APPL_MAX):CY_EE_SIZE
                [!provide]                PROVIDE (CY_ECC_OFFSET, ecc_offset)

.text           0x00000000      0xc76
 CREATE_OBJECT_SYMBOLS
                0x00000000                PROVIDE (__cy_interrupt_vector, RomVectors)
 *(.romvectors)
 .romvectors    0x00000000       0x10 .\CortexM3\ARM_GCC_541\Release\Cm3Start.o
                0x00000000                RomVectors
                0x00000001                ASSERT ((. != __cy_interrupt_vector), No interrupt vector)
                0x00000001                ASSERT (CY_APPL_ORIGIN?(SIZEOF (.cybootloader) <= CY_APPL_ORIGIN):0x1, Wrong image location)
                0x00000010                PROVIDE (__cy_reset, Reset)
 *(.text.Reset)
 .text.Reset    0x00000010       0x18 .\CortexM3\ARM_GCC_541\Release\Cm3Start.o
                0x00000010                Reset
                0x00000001                ASSERT ((. != __cy_reset), No reset code)
 *(.dma_init)
                0x00000001                ASSERT ((((appl_start + .) <= 0x10000) || 0x1), DMA Init must be within the first 64k of flash)
 *(.text .text.* .gnu.linkonce.t.*)
 .text          0x00000028       0x5c c:/program files (x86)/cypress/psoc creator/4.4/psoc creator/import/gnu/arm/5.4.1/bin/../lib/gcc/arm-none-eabi/5.4.1/armv7-m/crtbegin.o
 .text.INT_SEND
                0x00000084        0x2 .\CortexM3\ARM_GCC_541\Release\main.o
                0x00000084                INT_SEND
 *fill*         0x00000086        0x2 
 .text.INT_IT   0x00000088       0x48 .\CortexM3\ARM_GCC_541\Release\main.o
                0x00000088                INT_IT
 .text.message  0x000000d0       0x18 .\CortexM3\ARM_GCC_541\Release\main.o
                0x000000d0                message
 .text.INT_KB   0x000000e8      0x310 .\CortexM3\ARM_GCC_541\Release\main.o
                0x000000e8                INT_KB
 .text.startup.main
                0x000003f8       0x38 .\CortexM3\ARM_GCC_541\Release\main.o
                0x000003f8                main
 .text.cyfitter_cfg
                0x00000430      0x210 .\CortexM3\ARM_GCC_541\Release\cyfitter_cfg.o
                0x00000430                cyfitter_cfg
 .text.IntDefaultHandler
                0x00000640       0x10 .\CortexM3\ARM_GCC_541\Release\Cm3Start.o
                0x00000640                IntDefaultHandler
 .text.Start_c  0x00000650       0x50 .\CortexM3\ARM_GCC_541\Release\Cm3Start.o
                0x00000650                Start_c
 .text.startup.initialize_psoc
                0x000006a0       0x68 .\CortexM3\ARM_GCC_541\Release\Cm3Start.o
                0x000006a0                initialize_psoc
 .text.Columns_Write
                0x00000708       0x18 .\CortexM3\ARM_GCC_541\Release\UARTKeyboard.a(Columns.o)
                0x00000708                Columns_Write
 .text.Columns_Read
                0x00000720        0xc .\CortexM3\ARM_GCC_541\Release\UARTKeyboard.a(Columns.o)
                0x00000720                Columns_Read
 .text.Rows_Read
                0x0000072c        0xc .\CortexM3\ARM_GCC_541\Release\UARTKeyboard.a(Rows.o)
                0x0000072c                Rows_Read
 .text.Rows_ClearInterrupt
                0x00000738        0xc .\CortexM3\ARM_GCC_541\Release\UARTKeyboard.a(Rows.o)
                0x00000738                Rows_ClearInterrupt
 .text.LCD_WrCntrlNib
                0x00000744       0x34 .\CortexM3\ARM_GCC_541\Release\UARTKeyboard.a(LCD.o)
 .text.LCD_WrDatNib
                0x00000778       0x44 .\CortexM3\ARM_GCC_541\Release\UARTKeyboard.a(LCD.o)
 .text.LCD_IsReady
                0x000007bc       0xe8 .\CortexM3\ARM_GCC_541\Release\UARTKeyboard.a(LCD.o)
                0x000007bc                LCD_IsReady
 .text.LCD_WriteData
                0x000008a4       0x1a .\CortexM3\ARM_GCC_541\Release\UARTKeyboard.a(LCD.o)
                0x000008a4                LCD_WriteData
 .text.LCD_PrintString
                0x000008be       0x18 .\CortexM3\ARM_GCC_541\Release\UARTKeyboard.a(LCD.o)
                0x000008be                LCD_PrintString
 .text.LCD_PutChar
                0x000008d6        0x4 .\CortexM3\ARM_GCC_541\Release\UARTKeyboard.a(LCD.o)
                0x000008d6                LCD_PutChar
 .text.LCD_WriteControl
                0x000008da       0x1a .\CortexM3\ARM_GCC_541\Release\UARTKeyboard.a(LCD.o)
                0x000008da                LCD_WriteControl
 .text.LCD_Init
                0x000008f4       0x6c .\CortexM3\ARM_GCC_541\Release\UARTKeyboard.a(LCD.o)
                0x000008f4                LCD_Init
 .text.LCD_Enable
                0x00000960       0x14 .\CortexM3\ARM_GCC_541\Release\UARTKeyboard.a(LCD.o)
                0x00000960                LCD_Enable
 .text.LCD_Start
                0x00000974       0x1c .\CortexM3\ARM_GCC_541\Release\UARTKeyboard.a(LCD.o)
                0x00000974                LCD_Start
 .text.LCD_Position
                0x00000990       0x2a .\CortexM3\ARM_GCC_541\Release\UARTKeyboard.a(LCD.o)
                0x00000990                LCD_Position
 *fill*         0x000009ba        0x2 
 .text.CyDelay  0x000009bc       0x2c .\CortexM3\ARM_GCC_541\Release\UARTKeyboard.a(CyLib.o)
                0x000009bc                CyDelay
 .text.CyDelayUs
                0x000009e8       0x10 .\CortexM3\ARM_GCC_541\Release\UARTKeyboard.a(CyLib.o)
                0x000009e8                CyDelayUs
 .text.Timer_Init
                0x000009f8       0x60 .\CortexM3\ARM_GCC_541\Release\UARTKeyboard.a(Timer.o)
                0x000009f8                Timer_Init
 .text.Timer_Enable
                0x00000a58       0x24 .\CortexM3\ARM_GCC_541\Release\UARTKeyboard.a(Timer.o)
                0x00000a58                Timer_Enable
 .text.Timer_Start
                0x00000a7c       0x1c .\CortexM3\ARM_GCC_541\Release\UARTKeyboard.a(Timer.o)
                0x00000a7c                Timer_Start
 .text.isr_Keyboard_StartEx
                0x00000a98       0x24 .\CortexM3\ARM_GCC_541\Release\UARTKeyboard.a(isr_Keyboard.o)
                0x00000a98                isr_Keyboard_StartEx
 .text.isr_Iteration_StartEx
                0x00000abc       0x24 .\CortexM3\ARM_GCC_541\Release\UARTKeyboard.a(isr_Iteration.o)
                0x00000abc                isr_Iteration_StartEx
 .text.UART_Init
                0x00000ae0       0x20 .\CortexM3\ARM_GCC_541\Release\UARTKeyboard.a(UART.o)
                0x00000ae0                UART_Init
 .text.UART_Enable
                0x00000b00       0x34 .\CortexM3\ARM_GCC_541\Release\UARTKeyboard.a(UART.o)
                0x00000b00                UART_Enable
 .text.UART_Start
                0x00000b34       0x1c .\CortexM3\ARM_GCC_541\Release\UARTKeyboard.a(UART.o)
                0x00000b34                UART_Start
 .text.UART_PutChar
                0x00000b50       0x18 .\CortexM3\ARM_GCC_541\Release\UARTKeyboard.a(UART.o)
                0x00000b50                UART_PutChar
 .text.UART_PutString
                0x00000b68       0x20 .\CortexM3\ARM_GCC_541\Release\UARTKeyboard.a(UART.o)
                0x00000b68                UART_PutString
 .text.UART_IntClock_Start
                0x00000b88       0x18 .\CortexM3\ARM_GCC_541\Release\UARTKeyboard.a(UART_IntClock.o)
                0x00000b88                UART_IntClock_Start
 .text.isr_RX_StartEx
                0x00000ba0       0x28 .\CortexM3\ARM_GCC_541\Release\UARTKeyboard.a(isr_RX.o)
                0x00000ba0                isr_RX_StartEx
 .text          0x00000bc8       0x20 .\CortexM3\ARM_GCC_541\Release\UARTKeyboard.a(CyBootAsmGnu.o)
                0x00000bc8                CyDelayCycles
                0x00000bd8                CyEnterCriticalSection
                0x00000be0                CyExitCriticalSection
 .text.__errno  0x00000be8        0xc c:/program files (x86)/cypress/psoc creator/4.4/psoc creator/import/gnu/arm/5.4.1/bin/../lib/gcc/arm-none-eabi/5.4.1/../../../../arm-none-eabi/lib/armv7-m\libg_nano.a(lib_a-errno.o)
                0x00000be8                __errno
 .text.__libc_init_array
                0x00000bf4       0x4c c:/program files (x86)/cypress/psoc creator/4.4/psoc creator/import/gnu/arm/5.4.1/bin/../lib/gcc/arm-none-eabi/5.4.1/../../../../arm-none-eabi/lib/armv7-m\libg_nano.a(lib_a-init.o)
                0x00000bf4                __libc_init_array
 .text.memcpy   0x00000c40       0x16 c:/program files (x86)/cypress/psoc creator/4.4/psoc creator/import/gnu/arm/5.4.1/bin/../lib/gcc/arm-none-eabi/5.4.1/../../../../arm-none-eabi/lib/armv7-m\libg_nano.a(lib_a-memcpy-stub.o)
                0x00000c40                memcpy
 .text.memset   0x00000c56       0x10 c:/program files (x86)/cypress/psoc creator/4.4/psoc creator/import/gnu/arm/5.4.1/bin/../lib/gcc/arm-none-eabi/5.4.1/../../../../arm-none-eabi/lib/armv7-m\libg_nano.a(lib_a-memset.o)
                0x00000c56                memset
 .text.strcpy   0x00000c66       0x10 c:/program files (x86)/cypress/psoc creator/4.4/psoc creator/import/gnu/arm/5.4.1/bin/../lib/gcc/arm-none-eabi/5.4.1/../../../../arm-none-eabi/lib/armv7-m\libg_nano.a(lib_a-strcpy.o)
                0x00000c66                strcpy
 *(.plt)
 *(.gnu.warning)
 *(.glue_7t)
 .glue_7t       0x00000c76        0x0 linker stubs
 *(.glue_7)
 .glue_7        0x00000c76        0x0 linker stubs
 *(.vfp11_veneer)
 .vfp11_veneer  0x00000c76        0x0 linker stubs
 *(.bootloader)
 *(.ARM.extab* .gnu.linkonce.armextab.*)
 *(.gcc_except_table)

.v4_bx          0x00000c78        0x0
 .v4_bx         0x00000c78        0x0 linker stubs

.iplt           0x00000c78        0x0
 .iplt          0x00000c78        0x0 c:/program files (x86)/cypress/psoc creator/4.4/psoc creator/import/gnu/arm/5.4.1/bin/../lib/gcc/arm-none-eabi/5.4.1/armv7-m/crtbegin.o

.eh_frame_hdr
 *(.eh_frame_hdr)

.eh_frame       0x00000c78        0x4
 *(.eh_frame)
 .eh_frame      0x00000c78        0x0 c:/program files (x86)/cypress/psoc creator/4.4/psoc creator/import/gnu/arm/5.4.1/bin/../lib/gcc/arm-none-eabi/5.4.1/armv7-m/crtbegin.o
 .eh_frame      0x00000c78        0x4 c:/program files (x86)/cypress/psoc creator/4.4/psoc creator/import/gnu/arm/5.4.1/bin/../lib/gcc/arm-none-eabi/5.4.1/armv7-m/crtend.o
                [!provide]                PROVIDE (__exidx_start, .)

.ARM.exidx
 *(.ARM.exidx* .gnu.linkonce.armexidx.*)
                0x00000c7c                __exidx_end = .

.rodata         0x00000c7c       0x9c
 *(.rodata .rodata.* .gnu.linkonce.r.*)
 .rodata.str1.1
                0x00000c7c        0xa .\CortexM3\ARM_GCC_541\Release\main.o
                                  0xb (size before relaxing)
 .rodata        0x00000c86       0x5a .\CortexM3\ARM_GCC_541\Release\cyfitter_cfg.o
 .rodata.str1.1
                0x00000ce0        0x2 c:/program files (x86)/cypress/psoc creator/4.4/psoc creator/import/gnu/arm/5.4.1/bin/../lib/gcc/arm-none-eabi/5.4.1/../../../../arm-none-eabi/lib/armv7-m\libg_nano.a(lib_a-impure.o)
                0x00000ce4                . = ALIGN (0x4)
 *fill*         0x00000ce2        0x2 
 *(.init)
 .init          0x00000ce4        0x4 c:/program files (x86)/cypress/psoc creator/4.4/psoc creator/import/gnu/arm/5.4.1/bin/../lib/gcc/arm-none-eabi/5.4.1/armv7-m/crti.o
                0x00000ce4                _init
 .init          0x00000ce8        0x8 c:/program files (x86)/cypress/psoc creator/4.4/psoc creator/import/gnu/arm/5.4.1/bin/../lib/gcc/arm-none-eabi/5.4.1/armv7-m/crtn.o
                0x00000cf0                . = ALIGN (0x4)
                0x00000cf0                __preinit_array_start = .
 *(.preinit_array)
                0x00000cf0                __preinit_array_end = .
                0x00000cf0                . = ALIGN (0x4)
                0x00000cf0                __init_array_start = .
 *(SORT(.init_array.*))
 *(.init_array)
 .init_array    0x00000cf0        0x4 c:/program files (x86)/cypress/psoc creator/4.4/psoc creator/import/gnu/arm/5.4.1/bin/../lib/gcc/arm-none-eabi/5.4.1/armv7-m/crtbegin.o
 .init_array    0x00000cf4        0x4 .\CortexM3\ARM_GCC_541\Release\Cm3Start.o
                0x00000cf8                __init_array_end = .
                0x00000cf8                . = ALIGN (0x4)
 *(.fini)
 .fini          0x00000cf8        0x4 c:/program files (x86)/cypress/psoc creator/4.4/psoc creator/import/gnu/arm/5.4.1/bin/../lib/gcc/arm-none-eabi/5.4.1/armv7-m/crti.o
                0x00000cf8                _fini
 .fini          0x00000cfc        0x8 c:/program files (x86)/cypress/psoc creator/4.4/psoc creator/import/gnu/arm/5.4.1/bin/../lib/gcc/arm-none-eabi/5.4.1/armv7-m/crtn.o
                0x00000d04                . = ALIGN (0x4)
                0x00000d04                __fini_array_start = .
 *(.fini_array)
 .fini_array    0x00000d04        0x4 c:/program files (x86)/cypress/psoc creator/4.4/psoc creator/import/gnu/arm/5.4.1/bin/../lib/gcc/arm-none-eabi/5.4.1/armv7-m/crtbegin.o
 *(SORT(.fini_array.*))
                0x00000d08                __fini_array_end = .
                0x00000d08                . = ALIGN (0x4)
 *crtbegin.o(.ctors)
 *(EXCLUDE_FILE(*crtend.o) .ctors)
 *(SORT(.ctors.*))
 *crtend.o(.ctors)
                0x00000d08                . = ALIGN (0x4)
 *crtbegin.o(.dtors)
 *(EXCLUDE_FILE(*crtend.o) .dtors)
 *(SORT(.dtors.*))
 *crtend.o(.dtors)
                0x00000d08                . = ALIGN (0x4)
                0x00000d08                __cy_regions = .
                0x00000d08        0x4 LONG 0xd18 __cy_region_init_ram
                0x00000d0c        0x4 LONG 0x1fff80c8 __cy_region_start_data
                0x00000d10        0x4 LONG 0x78 __cy_region_init_size_ram
                0x00000d14        0x4 LONG 0x38 __cy_region_zero_size_ram
                0x00000d18                __cy_regions_end = .
                0x00000d18                . = ALIGN (0x8)
                0x00000d18                _etext = .

.cy_checksum_exclude
                0x00000d18        0x0
 *(.cy_checksum_exclude)

.ramvectors     0x1fff8000       0xc0
                0x1fff8000                __cy_region_start_ram = .
 *(.ramvectors)
 .ramvectors    0x1fff8000       0xc0 .\CortexM3\ARM_GCC_541\Release\Cm3Start.o
                0x1fff8000                CyRamVectors

.noinit         0x1fff80c0        0x1
 *(.noinit)
 .noinit        0x1fff80c0        0x1 .\CortexM3\ARM_GCC_541\Release\UARTKeyboard.a(CyLib.o)
                0x1fff80c0                CyResetStatus

.data           0x1fff80c8       0x78 load address 0x00000d18
                0x1fff80c8                __cy_region_start_data = .
 *(.jcr)
 .jcr           0x1fff80c8        0x0 c:/program files (x86)/cypress/psoc creator/4.4/psoc creator/import/gnu/arm/5.4.1/bin/../lib/gcc/arm-none-eabi/5.4.1/armv7-m/crtbegin.o
 .jcr           0x1fff80c8        0x4 c:/program files (x86)/cypress/psoc creator/4.4/psoc creator/import/gnu/arm/5.4.1/bin/../lib/gcc/arm-none-eabi/5.4.1/armv7-m/crtend.o
 *(.got.plt)
 *(.got)
 *(.shdata)
 *(.data .data.* .gnu.linkonce.d.*)
 .data          0x1fff80cc       0x10 .\CortexM3\ARM_GCC_541\Release\UARTKeyboard.a(CyLib.o)
                0x1fff80cc                cydelay_32k_ms
                0x1fff80d0                cydelay_freq_khz
                0x1fff80d4                cydelay_freq_mhz
                0x1fff80d8                cydelay_freq_hz
 .data.impure_data
                0x1fff80dc       0x60 c:/program files (x86)/cypress/psoc creator/4.4/psoc creator/import/gnu/arm/5.4.1/bin/../lib/gcc/arm-none-eabi/5.4.1/../../../../arm-none-eabi/lib/armv7-m\libg_nano.a(lib_a-impure.o)
 .data._impure_ptr
                0x1fff813c        0x4 c:/program files (x86)/cypress/psoc creator/4.4/psoc creator/import/gnu/arm/5.4.1/bin/../lib/gcc/arm-none-eabi/5.4.1/../../../../arm-none-eabi/lib/armv7-m\libg_nano.a(lib_a-impure.o)
                0x1fff813c                _impure_ptr
                0x1fff8140                . = ALIGN (0x8)
 *(.ram)
                0x1fff8140                _edata = .

.igot.plt       0x1fff8140        0x0 load address 0x00000d90
 .igot.plt      0x1fff8140        0x0 c:/program files (x86)/cypress/psoc creator/4.4/psoc creator/import/gnu/arm/5.4.1/bin/../lib/gcc/arm-none-eabi/5.4.1/armv7-m/crtbegin.o

.bss            0x1fff8140       0x38 load address 0x00000d90
                0x1fff8140                PROVIDE (__bss_start__, .)
 *(.shbss)
 *(.bss .bss.* .gnu.linkonce.b.*)
 .bss           0x1fff8140       0x1c c:/program files (x86)/cypress/psoc creator/4.4/psoc creator/import/gnu/arm/5.4.1/bin/../lib/gcc/arm-none-eabi/5.4.1/armv7-m/crtbegin.o
 .bss           0x1fff815c        0x2 .\CortexM3\ARM_GCC_541\Release\main.o
                0x1fff815c                c
                0x1fff815d                p
 .bss           0x1fff815e        0x2 .\CortexM3\ARM_GCC_541\Release\UARTKeyboard.a(LCD.o)
                0x1fff815e                LCD_enableState
                0x1fff815f                LCD_initVar
 .bss           0x1fff8160        0x1 .\CortexM3\ARM_GCC_541\Release\UARTKeyboard.a(Timer.o)
                0x1fff8160                Timer_initVar
 .bss           0x1fff8161        0x2 .\CortexM3\ARM_GCC_541\Release\UARTKeyboard.a(UART.o)
                0x1fff8161                UART_initVar
 *(COMMON)
 COMMON         0x1fff8163       0x12 .\CortexM3\ARM_GCC_541\Release\main.o
                0x1fff8163                key
                0x1fff8164                str
                0x1fff8174                row
                0x1fff8178                . = ALIGN (0x8)
 *fill*         0x1fff8175        0x3 
 *(.ram.b)
                0x1fff8178                _end = .
                0x1fff8178                __end = .
                0x1fff8178                PROVIDE (end, .)
                0x1fff8178                PROVIDE (__bss_end__, .)
                0x00000d18                __cy_region_init_ram = LOADADDR (.data)
                0x00000078                __cy_region_init_size_ram = (_edata - ADDR (.data))
                0x00000038                __cy_region_zero_size_ram = (_end - _edata)

.heap           0x1fff8178       0x80 load address 0x00000d90
                0x1fff8178                . = _end
                0x1fff81f8                . = (. + 0x80)
 *fill*         0x1fff8178       0x80 
                0x1fff81f8                __cy_heap_limit = .

.stack          0x20007800      0x800
                0x20007800                __cy_stack_limit = .
                0x20008000                . = (. + 0x800)
 *fill*         0x20007800      0x800 
                0x00000001                ASSERT ((__cy_stack_limit >= __cy_heap_limit), region RAM overflowed with stack)
                0x00000000                cy_checksum_exclude_size = (CY_APPL_LOADABLE == 0x1)?SIZEOF (.cy_checksum_exclude):0x0
                0x00000001                ASSERT ((cy_checksum_exclude_size <= CY_CHECKSUM_EXCLUDE_SIZE), CY_BOOT: Section .cy_checksum_exclude size exceedes specified limit.)

.cyloadermeta
 *(.cyloadermeta)

.cyloadablemeta
 *(.cyloadablemeta)

.cyconfigecc    0x80000000      0x360
 *(.cyconfigecc)
 .cyconfigecc   0x80000000      0x360 .\CortexM3\ARM_GCC_541\Release\cymetadata.o
                0x80000000                cy_meta_configecc

.cycustnvl      0x90000000        0x4
 *(.cycustnvl)
 .cycustnvl     0x90000000        0x4 .\CortexM3\ARM_GCC_541\Release\cymetadata.o
                0x90000000                cy_meta_custnvl

.cywolatch      0x90100000        0x4
 *(.cywolatch)
 .cywolatch     0x90100000        0x4 .\CortexM3\ARM_GCC_541\Release\cymetadata.o
                0x90100000                cy_meta_wonvl

.cyeeprom       0x90200000        0x0
 *(.cyeeprom)
                0x00000001                ASSERT ((. <= ((0x90200000 + ee_offset) + ee_size)), .cyeeprom data will not fit in EEPROM)

.cyflashprotect
                0x90400000      0x100
 *(.cyflashprotect)
 .cyflashprotect
                0x90400000      0x100 .\CortexM3\ARM_GCC_541\Release\cymetadata.o
                0x90400000                cy_meta_flashprotect

.cymeta         0x90500000        0xc
 *(.cymeta)
 .cymeta        0x90500000        0xc .\CortexM3\ARM_GCC_541\Release\cymetadata.o
                0x90500000                cy_metadata

.rel.dyn        0x00000d90        0x0 load address 0x9050000c
 .rel.iplt      0x00000d90        0x0 c:/program files (x86)/cypress/psoc creator/4.4/psoc creator/import/gnu/arm/5.4.1/bin/../lib/gcc/arm-none-eabi/5.4.1/armv7-m/crtbegin.o

.stab
 *(.stab)

.stabstr
 *(.stabstr)

.debug
 *(.debug)

.line
 *(.line)

.debug_srcinfo
 *(.debug_srcinfo)

.debug_sfnames
 *(.debug_sfnames)

.debug_aranges  0x00000000      0x968
 *(.debug_aranges)
 .debug_aranges
                0x00000000       0x40 .\CortexM3\ARM_GCC_541\Release\main.o
 .debug_aranges
                0x00000040       0x28 .\CortexM3\ARM_GCC_541\Release\cyfitter_cfg.o
 .debug_aranges
                0x00000068       0x18 .\CortexM3\ARM_GCC_541\Release\cymetadata.o
 .debug_aranges
                0x00000080       0x48 .\CortexM3\ARM_GCC_541\Release\Cm3Start.o
 .debug_aranges
                0x000000c8       0x38 .\CortexM3\ARM_GCC_541\Release\UARTKeyboard.a(Columns.o)
 .debug_aranges
                0x00000100       0x48 .\CortexM3\ARM_GCC_541\Release\UARTKeyboard.a(Rows.o)
 .debug_aranges
                0x00000148       0x98 .\CortexM3\ARM_GCC_541\Release\UARTKeyboard.a(LCD.o)
 .debug_aranges
                0x000001e0      0x298 .\CortexM3\ARM_GCC_541\Release\UARTKeyboard.a(CyLib.o)
 .debug_aranges
                0x00000478       0x78 .\CortexM3\ARM_GCC_541\Release\UARTKeyboard.a(cyPm.o)
 .debug_aranges
                0x000004f0       0x88 .\CortexM3\ARM_GCC_541\Release\UARTKeyboard.a(Timer.o)
 .debug_aranges
                0x00000578       0x80 .\CortexM3\ARM_GCC_541\Release\UARTKeyboard.a(isr_Keyboard.o)
 .debug_aranges
                0x000005f8       0x80 .\CortexM3\ARM_GCC_541\Release\UARTKeyboard.a(isr_Iteration.o)
 .debug_aranges
                0x00000678       0xe0 .\CortexM3\ARM_GCC_541\Release\UARTKeyboard.a(UART.o)
 .debug_aranges
                0x00000758       0x70 .\CortexM3\ARM_GCC_541\Release\UARTKeyboard.a(UART_IntClock.o)
 .debug_aranges
                0x000007c8       0x80 .\CortexM3\ARM_GCC_541\Release\UARTKeyboard.a(isr_RX.o)
 .debug_aranges
                0x00000848       0x20 .\CortexM3\ARM_GCC_541\Release\UARTKeyboard.a(CyBootAsmGnu.o)
 .debug_aranges
                0x00000868       0x80 .\CortexM3\ARM_GCC_541\Release\UARTKeyboard.a(CyFlash.o)
 .debug_aranges
                0x000008e8       0x80 .\CortexM3\ARM_GCC_541\Release\UARTKeyboard.a(CySpc.o)

.debug_pubnames
 *(.debug_pubnames)

.debug_info     0x00000000     0x5bf6
 *(.debug_info .gnu.linkonce.wi.*)
 .debug_info    0x00000000      0x814 .\CortexM3\ARM_GCC_541\Release\main.o
 .debug_info    0x00000814      0x5d2 .\CortexM3\ARM_GCC_541\Release\cyfitter_cfg.o
 .debug_info    0x00000de6      0x135 .\CortexM3\ARM_GCC_541\Release\cymetadata.o
 .debug_info    0x00000f1b      0x3b7 .\CortexM3\ARM_GCC_541\Release\Cm3Start.o
 .debug_info    0x000012d2      0x121 .\CortexM3\ARM_GCC_541\Release\UARTKeyboard.a(Columns.o)
 .debug_info    0x000013f3      0x174 .\CortexM3\ARM_GCC_541\Release\UARTKeyboard.a(Rows.o)
 .debug_info    0x00001567      0x707 .\CortexM3\ARM_GCC_541\Release\UARTKeyboard.a(LCD.o)
 .debug_info    0x00001c6e     0x1343 .\CortexM3\ARM_GCC_541\Release\UARTKeyboard.a(CyLib.o)
 .debug_info    0x00002fb1      0x97e .\CortexM3\ARM_GCC_541\Release\UARTKeyboard.a(cyPm.o)
 .debug_info    0x0000392f      0x2f4 .\CortexM3\ARM_GCC_541\Release\UARTKeyboard.a(Timer.o)
 .debug_info    0x00003c23      0x385 .\CortexM3\ARM_GCC_541\Release\UARTKeyboard.a(isr_Keyboard.o)
 .debug_info    0x00003fa8      0x385 .\CortexM3\ARM_GCC_541\Release\UARTKeyboard.a(isr_Iteration.o)
 .debug_info    0x0000432d      0x60c .\CortexM3\ARM_GCC_541\Release\UARTKeyboard.a(UART.o)
 .debug_info    0x00004939      0x29d .\CortexM3\ARM_GCC_541\Release\UARTKeyboard.a(UART_IntClock.o)
 .debug_info    0x00004bd6      0x385 .\CortexM3\ARM_GCC_541\Release\UARTKeyboard.a(isr_RX.o)
 .debug_info    0x00004f5b       0x8b .\CortexM3\ARM_GCC_541\Release\UARTKeyboard.a(CyBootAsmGnu.o)
 .debug_info    0x00004fe6      0x6c0 .\CortexM3\ARM_GCC_541\Release\UARTKeyboard.a(CyFlash.o)
 .debug_info    0x000056a6      0x550 .\CortexM3\ARM_GCC_541\Release\UARTKeyboard.a(CySpc.o)

.debug_abbrev   0x00000000     0x1d63
 *(.debug_abbrev)
 .debug_abbrev  0x00000000      0x15e .\CortexM3\ARM_GCC_541\Release\main.o
 .debug_abbrev  0x0000015e      0x242 .\CortexM3\ARM_GCC_541\Release\cyfitter_cfg.o
 .debug_abbrev  0x000003a0       0x66 .\CortexM3\ARM_GCC_541\Release\cymetadata.o
 .debug_abbrev  0x00000406      0x1f4 .\CortexM3\ARM_GCC_541\Release\Cm3Start.o
 .debug_abbrev  0x000005fa       0x90 .\CortexM3\ARM_GCC_541\Release\UARTKeyboard.a(Columns.o)
 .debug_abbrev  0x0000068a       0x9f .\CortexM3\ARM_GCC_541\Release\UARTKeyboard.a(Rows.o)
 .debug_abbrev  0x00000729      0x1d5 .\CortexM3\ARM_GCC_541\Release\UARTKeyboard.a(LCD.o)
 .debug_abbrev  0x000008fe      0x390 .\CortexM3\ARM_GCC_541\Release\UARTKeyboard.a(CyLib.o)
 .debug_abbrev  0x00000c8e      0x1d5 .\CortexM3\ARM_GCC_541\Release\UARTKeyboard.a(cyPm.o)
 .debug_abbrev  0x00000e63      0x181 .\CortexM3\ARM_GCC_541\Release\UARTKeyboard.a(Timer.o)
 .debug_abbrev  0x00000fe4      0x212 .\CortexM3\ARM_GCC_541\Release\UARTKeyboard.a(isr_Keyboard.o)
 .debug_abbrev  0x000011f6      0x212 .\CortexM3\ARM_GCC_541\Release\UARTKeyboard.a(isr_Iteration.o)
 .debug_abbrev  0x00001408      0x21a .\CortexM3\ARM_GCC_541\Release\UARTKeyboard.a(UART.o)
 .debug_abbrev  0x00001622      0x144 .\CortexM3\ARM_GCC_541\Release\UARTKeyboard.a(UART_IntClock.o)
 .debug_abbrev  0x00001766      0x212 .\CortexM3\ARM_GCC_541\Release\UARTKeyboard.a(isr_RX.o)
 .debug_abbrev  0x00001978       0x14 .\CortexM3\ARM_GCC_541\Release\UARTKeyboard.a(CyBootAsmGnu.o)
 .debug_abbrev  0x0000198c      0x235 .\CortexM3\ARM_GCC_541\Release\UARTKeyboard.a(CyFlash.o)
 .debug_abbrev  0x00001bc1      0x1a2 .\CortexM3\ARM_GCC_541\Release\UARTKeyboard.a(CySpc.o)

.debug_line     0x00000000     0x2639
 *(.debug_line)
 .debug_line    0x00000000      0x351 .\CortexM3\ARM_GCC_541\Release\main.o
 .debug_line    0x00000351      0x1c2 .\CortexM3\ARM_GCC_541\Release\cyfitter_cfg.o
 .debug_line    0x00000513      0x141 .\CortexM3\ARM_GCC_541\Release\cymetadata.o
 .debug_line    0x00000654      0x21f .\CortexM3\ARM_GCC_541\Release\Cm3Start.o
 .debug_line    0x00000873       0x97 .\CortexM3\ARM_GCC_541\Release\UARTKeyboard.a(Columns.o)
 .debug_line    0x0000090a       0xbe .\CortexM3\ARM_GCC_541\Release\UARTKeyboard.a(Rows.o)
 .debug_line    0x000009c8      0x226 .\CortexM3\ARM_GCC_541\Release\UARTKeyboard.a(LCD.o)
 .debug_line    0x00000bee      0x7fc .\CortexM3\ARM_GCC_541\Release\UARTKeyboard.a(CyLib.o)
 .debug_line    0x000013ea      0x3be .\CortexM3\ARM_GCC_541\Release\UARTKeyboard.a(cyPm.o)
 .debug_line    0x000017a8      0x15c .\CortexM3\ARM_GCC_541\Release\UARTKeyboard.a(Timer.o)
 .debug_line    0x00001904      0x15c .\CortexM3\ARM_GCC_541\Release\UARTKeyboard.a(isr_Keyboard.o)
 .debug_line    0x00001a60      0x15d .\CortexM3\ARM_GCC_541\Release\UARTKeyboard.a(isr_Iteration.o)
 .debug_line    0x00001bbd      0x2bf .\CortexM3\ARM_GCC_541\Release\UARTKeyboard.a(UART.o)
 .debug_line    0x00001e7c      0x1b1 .\CortexM3\ARM_GCC_541\Release\UARTKeyboard.a(UART_IntClock.o)
 .debug_line    0x0000202d      0x156 .\CortexM3\ARM_GCC_541\Release\UARTKeyboard.a(isr_RX.o)
 .debug_line    0x00002183       0x66 .\CortexM3\ARM_GCC_541\Release\UARTKeyboard.a(CyBootAsmGnu.o)
 .debug_line    0x000021e9      0x204 .\CortexM3\ARM_GCC_541\Release\UARTKeyboard.a(CyFlash.o)
 .debug_line    0x000023ed      0x24c .\CortexM3\ARM_GCC_541\Release\UARTKeyboard.a(CySpc.o)

.debug_frame    0x00000000     0x17d0
 *(.debug_frame)
 .debug_frame   0x00000000       0xa4 .\CortexM3\ARM_GCC_541\Release\main.o
 .debug_frame   0x000000a4       0x48 .\CortexM3\ARM_GCC_541\Release\cyfitter_cfg.o
 .debug_frame   0x000000ec       0xb8 .\CortexM3\ARM_GCC_541\Release\Cm3Start.o
 .debug_frame   0x000001a4       0x50 .\CortexM3\ARM_GCC_541\Release\UARTKeyboard.a(Columns.o)
 .debug_frame   0x000001f4       0x70 .\CortexM3\ARM_GCC_541\Release\UARTKeyboard.a(Rows.o)
 .debug_frame   0x00000264      0x200 .\CortexM3\ARM_GCC_541\Release\UARTKeyboard.a(LCD.o)
 .debug_frame   0x00000464      0x6f8 .\CortexM3\ARM_GCC_541\Release\UARTKeyboard.a(CyLib.o)
 .debug_frame   0x00000b5c      0x1c8 .\CortexM3\ARM_GCC_541\Release\UARTKeyboard.a(cyPm.o)
 .debug_frame   0x00000d24      0x100 .\CortexM3\ARM_GCC_541\Release\UARTKeyboard.a(Timer.o)
 .debug_frame   0x00000e24       0xe0 .\CortexM3\ARM_GCC_541\Release\UARTKeyboard.a(isr_Keyboard.o)
 .debug_frame   0x00000f04       0xe0 .\CortexM3\ARM_GCC_541\Release\UARTKeyboard.a(isr_Iteration.o)
 .debug_frame   0x00000fe4      0x23c .\CortexM3\ARM_GCC_541\Release\UARTKeyboard.a(UART.o)
 .debug_frame   0x00001220       0xe0 .\CortexM3\ARM_GCC_541\Release\UARTKeyboard.a(UART_IntClock.o)
 .debug_frame   0x00001300       0xe0 .\CortexM3\ARM_GCC_541\Release\UARTKeyboard.a(isr_RX.o)
 .debug_frame   0x000013e0      0x184 .\CortexM3\ARM_GCC_541\Release\UARTKeyboard.a(CyFlash.o)
 .debug_frame   0x00001564      0x190 .\CortexM3\ARM_GCC_541\Release\UARTKeyboard.a(CySpc.o)
 .debug_frame   0x000016f4       0x20 c:/program files (x86)/cypress/psoc creator/4.4/psoc creator/import/gnu/arm/5.4.1/bin/../lib/gcc/arm-none-eabi/5.4.1/../../../../arm-none-eabi/lib/armv7-m\libg_nano.a(lib_a-errno.o)
 .debug_frame   0x00001714       0x28 c:/program files (x86)/cypress/psoc creator/4.4/psoc creator/import/gnu/arm/5.4.1/bin/../lib/gcc/arm-none-eabi/5.4.1/../../../../arm-none-eabi/lib/armv7-m\libg_nano.a(lib_a-exit.o)
 .debug_frame   0x0000173c       0x2c c:/program files (x86)/cypress/psoc creator/4.4/psoc creator/import/gnu/arm/5.4.1/bin/../lib/gcc/arm-none-eabi/5.4.1/../../../../arm-none-eabi/lib/armv7-m\libg_nano.a(lib_a-init.o)
 .debug_frame   0x00001768       0x28 c:/program files (x86)/cypress/psoc creator/4.4/psoc creator/import/gnu/arm/5.4.1/bin/../lib/gcc/arm-none-eabi/5.4.1/../../../../arm-none-eabi/lib/armv7-m\libg_nano.a(lib_a-memcpy-stub.o)
 .debug_frame   0x00001790       0x20 c:/program files (x86)/cypress/psoc creator/4.4/psoc creator/import/gnu/arm/5.4.1/bin/../lib/gcc/arm-none-eabi/5.4.1/../../../../arm-none-eabi/lib/armv7-m\libg_nano.a(lib_a-memset.o)
 .debug_frame   0x000017b0       0x20 c:/program files (x86)/cypress/psoc creator/4.4/psoc creator/import/gnu/arm/5.4.1/bin/../lib/gcc/arm-none-eabi/5.4.1/../../../../arm-none-eabi/lib/armv7-m\libg_nano.a(lib_a-strcpy.o)

.debug_str      0x00000000     0x1e58
 *(.debug_str)
 .debug_str     0x00000000      0x283 .\CortexM3\ARM_GCC_541\Release\main.o
                                0x2cb (size before relaxing)
 .debug_str     0x00000283      0x1b6 .\CortexM3\ARM_GCC_541\Release\cyfitter_cfg.o
                                0x33f (size before relaxing)
 .debug_str     0x00000439       0x7f .\CortexM3\ARM_GCC_541\Release\cymetadata.o
                                0x1df (size before relaxing)
 .debug_str     0x000004b8      0x144 .\CortexM3\ARM_GCC_541\Release\Cm3Start.o
                                0x305 (size before relaxing)
 .debug_str     0x000005fc       0x5a .\CortexM3\ARM_GCC_541\Release\UARTKeyboard.a(Columns.o)
                                0x1e7 (size before relaxing)
 .debug_str     0x00000656       0x6b .\CortexM3\ARM_GCC_541\Release\UARTKeyboard.a(Rows.o)
                                0x212 (size before relaxing)
 .debug_str     0x000006c1      0x13d .\CortexM3\ARM_GCC_541\Release\UARTKeyboard.a(LCD.o)
                                0x326 (size before relaxing)
 .debug_str     0x000007fe      0x82e .\CortexM3\ARM_GCC_541\Release\UARTKeyboard.a(CyLib.o)
                                0xa42 (size before relaxing)
 .debug_str     0x0000102c      0x365 .\CortexM3\ARM_GCC_541\Release\UARTKeyboard.a(cyPm.o)
                                0x727 (size before relaxing)
 .debug_str     0x00001391      0x156 .\CortexM3\ARM_GCC_541\Release\UARTKeyboard.a(Timer.o)
                                0x2f0 (size before relaxing)
 .debug_str     0x000014e7      0x133 .\CortexM3\ARM_GCC_541\Release\UARTKeyboard.a(isr_Keyboard.o)
                                0x303 (size before relaxing)
 .debug_str     0x0000161a      0x140 .\CortexM3\ARM_GCC_541\Release\UARTKeyboard.a(isr_Iteration.o)
                                0x311 (size before relaxing)
 .debug_str     0x0000175a      0x22f .\CortexM3\ARM_GCC_541\Release\UARTKeyboard.a(UART.o)
                                0x438 (size before relaxing)
 .debug_str     0x00001989      0x183 .\CortexM3\ARM_GCC_541\Release\UARTKeyboard.a(UART_IntClock.o)
                                0x331 (size before relaxing)
 .debug_str     0x00001b0c       0xe5 .\CortexM3\ARM_GCC_541\Release\UARTKeyboard.a(isr_RX.o)
                                0x2af (size before relaxing)
 .debug_str     0x00001bf1      0x1bb .\CortexM3\ARM_GCC_541\Release\UARTKeyboard.a(CyFlash.o)
                                0x3b4 (size before relaxing)
 .debug_str     0x00001dac       0xac .\CortexM3\ARM_GCC_541\Release\UARTKeyboard.a(CySpc.o)
                                0x333 (size before relaxing)

.debug_loc      0x00000000     0x27f8
 *(.debug_loc)
 .debug_loc     0x00000000       0x1f .\CortexM3\ARM_GCC_541\Release\main.o
 .debug_loc     0x0000001f      0x436 .\CortexM3\ARM_GCC_541\Release\cyfitter_cfg.o
 .debug_loc     0x00000455      0x1af .\CortexM3\ARM_GCC_541\Release\Cm3Start.o
 .debug_loc     0x00000604       0x59 .\CortexM3\ARM_GCC_541\Release\UARTKeyboard.a(Columns.o)
 .debug_loc     0x0000065d       0x7a .\CortexM3\ARM_GCC_541\Release\UARTKeyboard.a(Rows.o)
 .debug_loc     0x000006d7      0x3f7 .\CortexM3\ARM_GCC_541\Release\UARTKeyboard.a(LCD.o)
 .debug_loc     0x00000ace      0xa20 .\CortexM3\ARM_GCC_541\Release\UARTKeyboard.a(CyLib.o)
 .debug_loc     0x000014ee      0x1d6 .\CortexM3\ARM_GCC_541\Release\UARTKeyboard.a(cyPm.o)
 .debug_loc     0x000016c4       0x3c .\CortexM3\ARM_GCC_541\Release\UARTKeyboard.a(Timer.o)
 .debug_loc     0x00001700       0xf3 .\CortexM3\ARM_GCC_541\Release\UARTKeyboard.a(isr_Keyboard.o)
 .debug_loc     0x000017f3       0xf3 .\CortexM3\ARM_GCC_541\Release\UARTKeyboard.a(isr_Iteration.o)
 .debug_loc     0x000018e6      0x229 .\CortexM3\ARM_GCC_541\Release\UARTKeyboard.a(UART.o)
 .debug_loc     0x00001b0f       0xa6 .\CortexM3\ARM_GCC_541\Release\UARTKeyboard.a(UART_IntClock.o)
 .debug_loc     0x00001bb5       0xf3 .\CortexM3\ARM_GCC_541\Release\UARTKeyboard.a(isr_RX.o)
 .debug_loc     0x00001ca8      0x4b7 .\CortexM3\ARM_GCC_541\Release\UARTKeyboard.a(CyFlash.o)
 .debug_loc     0x0000215f      0x699 .\CortexM3\ARM_GCC_541\Release\UARTKeyboard.a(CySpc.o)

.debug_macinfo
 *(.debug_macinfo)

.debug_ranges   0x00000000      0xae8
 *(.debug_ranges)
 .debug_ranges  0x00000000       0x30 .\CortexM3\ARM_GCC_541\Release\main.o
 .debug_ranges  0x00000030       0xe8 .\CortexM3\ARM_GCC_541\Release\cyfitter_cfg.o
 .debug_ranges  0x00000118       0x50 .\CortexM3\ARM_GCC_541\Release\Cm3Start.o
 .debug_ranges  0x00000168       0x28 .\CortexM3\ARM_GCC_541\Release\UARTKeyboard.a(Columns.o)
 .debug_ranges  0x00000190       0x38 .\CortexM3\ARM_GCC_541\Release\UARTKeyboard.a(Rows.o)
 .debug_ranges  0x000001c8       0xb8 .\CortexM3\ARM_GCC_541\Release\UARTKeyboard.a(LCD.o)
 .debug_ranges  0x00000280      0x2b8 .\CortexM3\ARM_GCC_541\Release\UARTKeyboard.a(CyLib.o)
 .debug_ranges  0x00000538       0x90 .\CortexM3\ARM_GCC_541\Release\UARTKeyboard.a(cyPm.o)
 .debug_ranges  0x000005c8       0x78 .\CortexM3\ARM_GCC_541\Release\UARTKeyboard.a(Timer.o)
 .debug_ranges  0x00000640       0xa0 .\CortexM3\ARM_GCC_541\Release\UARTKeyboard.a(isr_Keyboard.o)
 .debug_ranges  0x000006e0       0xa0 .\CortexM3\ARM_GCC_541\Release\UARTKeyboard.a(isr_Iteration.o)
 .debug_ranges  0x00000780      0x118 .\CortexM3\ARM_GCC_541\Release\UARTKeyboard.a(UART.o)
 .debug_ranges  0x00000898       0xb8 .\CortexM3\ARM_GCC_541\Release\UARTKeyboard.a(UART_IntClock.o)
 .debug_ranges  0x00000950       0xa0 .\CortexM3\ARM_GCC_541\Release\UARTKeyboard.a(isr_RX.o)
 .debug_ranges  0x000009f0       0x88 .\CortexM3\ARM_GCC_541\Release\UARTKeyboard.a(CyFlash.o)
 .debug_ranges  0x00000a78       0x70 .\CortexM3\ARM_GCC_541\Release\UARTKeyboard.a(CySpc.o)

.comment        0x00000000       0x6e
 .comment       0x00000000       0x6e .\CortexM3\ARM_GCC_541\Release\main.o
                                 0x6f (size before relaxing)
 .comment       0x0000006e       0x6f .\CortexM3\ARM_GCC_541\Release\cyfitter_cfg.o
 .comment       0x0000006e       0x6f .\CortexM3\ARM_GCC_541\Release\cymetadata.o
 .comment       0x0000006e       0x6f .\CortexM3\ARM_GCC_541\Release\Cm3Start.o
 .comment       0x0000006e       0x6f .\CortexM3\ARM_GCC_541\Release\UARTKeyboard.a(Columns.o)
 .comment       0x0000006e       0x6f .\CortexM3\ARM_GCC_541\Release\UARTKeyboard.a(Rows.o)
 .comment       0x0000006e       0x6f .\CortexM3\ARM_GCC_541\Release\UARTKeyboard.a(LCD.o)
 .comment       0x0000006e       0x6f .\CortexM3\ARM_GCC_541\Release\UARTKeyboard.a(CyLib.o)
 .comment       0x0000006e       0x6f .\CortexM3\ARM_GCC_541\Release\UARTKeyboard.a(cyPm.o)
 .comment       0x0000006e       0x6f .\CortexM3\ARM_GCC_541\Release\UARTKeyboard.a(Timer.o)
 .comment       0x0000006e       0x6f .\CortexM3\ARM_GCC_541\Release\UARTKeyboard.a(isr_Keyboard.o)
 .comment       0x0000006e       0x6f .\CortexM3\ARM_GCC_541\Release\UARTKeyboard.a(isr_Iteration.o)
 .comment       0x0000006e       0x6f .\CortexM3\ARM_GCC_541\Release\UARTKeyboard.a(UART.o)
 .comment       0x0000006e       0x6f .\CortexM3\ARM_GCC_541\Release\UARTKeyboard.a(UART_IntClock.o)
 .comment       0x0000006e       0x6f .\CortexM3\ARM_GCC_541\Release\UARTKeyboard.a(isr_RX.o)
 .comment       0x0000006e       0x6f .\CortexM3\ARM_GCC_541\Release\UARTKeyboard.a(CyFlash.o)
 .comment       0x0000006e       0x6f .\CortexM3\ARM_GCC_541\Release\UARTKeyboard.a(CySpc.o)

.debug_weaknames
 *(.debug_weaknames)

.debug_funcnames
 *(.debug_funcnames)

.debug_typenames
 *(.debug_typenames)

.debug_varnames
 *(.debug_varnames)

.note.gnu.arm.ident
 *(.note.gnu.arm.ident)

.ARM.attributes
                0x00000000       0x29
 *(.ARM.attributes)
 .ARM.attributes
                0x00000000       0x1d c:/program files (x86)/cypress/psoc creator/4.4/psoc creator/import/gnu/arm/5.4.1/bin/../lib/gcc/arm-none-eabi/5.4.1/armv7-m/crti.o
 .ARM.attributes
                0x0000001d       0x2d c:/program files (x86)/cypress/psoc creator/4.4/psoc creator/import/gnu/arm/5.4.1/bin/../lib/gcc/arm-none-eabi/5.4.1/armv7-m/crtbegin.o
 .ARM.attributes
                0x0000004a       0x1b c:/program files (x86)/cypress/psoc creator/4.4/psoc creator/import/gnu/arm/5.4.1/bin/../lib/gcc/arm-none-eabi/5.4.1/../../../../arm-none-eabi/lib/armv7-m/crt0.o
 .ARM.attributes
                0x00000065       0x33 .\CortexM3\ARM_GCC_541\Release\main.o
 .ARM.attributes
                0x00000098       0x33 .\CortexM3\ARM_GCC_541\Release\cyfitter_cfg.o
 .ARM.attributes
                0x000000cb       0x33 .\CortexM3\ARM_GCC_541\Release\cymetadata.o
 .ARM.attributes
                0x000000fe       0x33 .\CortexM3\ARM_GCC_541\Release\Cm3Start.o
 .ARM.attributes
                0x00000131       0x33 .\CortexM3\ARM_GCC_541\Release\UARTKeyboard.a(Columns.o)
 .ARM.attributes
                0x00000164       0x33 .\CortexM3\ARM_GCC_541\Release\UARTKeyboard.a(Rows.o)
 .ARM.attributes
                0x00000197       0x33 .\CortexM3\ARM_GCC_541\Release\UARTKeyboard.a(LCD.o)
 .ARM.attributes
                0x000001ca       0x33 .\CortexM3\ARM_GCC_541\Release\UARTKeyboard.a(CyLib.o)
 .ARM.attributes
                0x000001fd       0x33 .\CortexM3\ARM_GCC_541\Release\UARTKeyboard.a(cyPm.o)
 .ARM.attributes
                0x00000230       0x33 .\CortexM3\ARM_GCC_541\Release\UARTKeyboard.a(Timer.o)
 .ARM.attributes
                0x00000263       0x33 .\CortexM3\ARM_GCC_541\Release\UARTKeyboard.a(isr_Keyboard.o)
 .ARM.attributes
                0x00000296       0x33 .\CortexM3\ARM_GCC_541\Release\UARTKeyboard.a(isr_Iteration.o)
 .ARM.attributes
                0x000002c9       0x33 .\CortexM3\ARM_GCC_541\Release\UARTKeyboard.a(UART.o)
 .ARM.attributes
                0x000002fc       0x33 .\CortexM3\ARM_GCC_541\Release\UARTKeyboard.a(UART_IntClock.o)
 .ARM.attributes
                0x0000032f       0x33 .\CortexM3\ARM_GCC_541\Release\UARTKeyboard.a(isr_RX.o)
 .ARM.attributes
                0x00000362       0x21 .\CortexM3\ARM_GCC_541\Release\UARTKeyboard.a(CyBootAsmGnu.o)
 .ARM.attributes
                0x00000383       0x33 .\CortexM3\ARM_GCC_541\Release\UARTKeyboard.a(CyFlash.o)
 .ARM.attributes
                0x000003b6       0x33 .\CortexM3\ARM_GCC_541\Release\UARTKeyboard.a(CySpc.o)
 .ARM.attributes
                0x000003e9       0x2d c:/program files (x86)/cypress/psoc creator/4.4/psoc creator/import/gnu/arm/5.4.1/bin/../lib/gcc/arm-none-eabi/5.4.1/../../../../arm-none-eabi/lib/armv7-m\libg_nano.a(lib_a-errno.o)
 .ARM.attributes
                0x00000416       0x2d c:/program files (x86)/cypress/psoc creator/4.4/psoc creator/import/gnu/arm/5.4.1/bin/../lib/gcc/arm-none-eabi/5.4.1/../../../../arm-none-eabi/lib/armv7-m\libg_nano.a(lib_a-exit.o)
 .ARM.attributes
                0x00000443       0x2d c:/program files (x86)/cypress/psoc creator/4.4/psoc creator/import/gnu/arm/5.4.1/bin/../lib/gcc/arm-none-eabi/5.4.1/../../../../arm-none-eabi/lib/armv7-m\libg_nano.a(lib_a-impure.o)
 .ARM.attributes
                0x00000470       0x2d c:/program files (x86)/cypress/psoc creator/4.4/psoc creator/import/gnu/arm/5.4.1/bin/../lib/gcc/arm-none-eabi/5.4.1/../../../../arm-none-eabi/lib/armv7-m\libg_nano.a(lib_a-init.o)
 .ARM.attributes
                0x0000049d       0x2d c:/program files (x86)/cypress/psoc creator/4.4/psoc creator/import/gnu/arm/5.4.1/bin/../lib/gcc/arm-none-eabi/5.4.1/../../../../arm-none-eabi/lib/armv7-m\libg_nano.a(lib_a-memcpy-stub.o)
 .ARM.attributes
                0x000004ca       0x2d c:/program files (x86)/cypress/psoc creator/4.4/psoc creator/import/gnu/arm/5.4.1/bin/../lib/gcc/arm-none-eabi/5.4.1/../../../../arm-none-eabi/lib/armv7-m\libg_nano.a(lib_a-memset.o)
 .ARM.attributes
                0x000004f7       0x2d c:/program files (x86)/cypress/psoc creator/4.4/psoc creator/import/gnu/arm/5.4.1/bin/../lib/gcc/arm-none-eabi/5.4.1/../../../../arm-none-eabi/lib/armv7-m\libg_nano.a(lib_a-strcpy.o)
 .ARM.attributes
                0x00000524       0x2d c:/program files (x86)/cypress/psoc creator/4.4/psoc creator/import/gnu/arm/5.4.1/bin/../lib/gcc/arm-none-eabi/5.4.1/armv7-m/crtend.o
 .ARM.attributes
                0x00000551       0x1d c:/program files (x86)/cypress/psoc creator/4.4/psoc creator/import/gnu/arm/5.4.1/bin/../lib/gcc/arm-none-eabi/5.4.1/armv7-m/crtn.o

/DISCARD/
 *(.note.GNU-stack)
OUTPUT(D:\Projects\PSoC\AdvancedMicrocontrollers\UARTKeyboard.cydsn\CortexM3\ARM_GCC_541\Release\UARTKeyboard.elf elf32-littlearm)
