Archive member included to satisfy reference by file (symbol)

.\CortexM3\ARM_GCC_541\Release\Keyboard.a(Columns.o)
                              .\CortexM3\ARM_GCC_541\Release\main.o (Columns_Write)
.\CortexM3\ARM_GCC_541\Release\Keyboard.a(Rows.o)
                              .\CortexM3\ARM_GCC_541\Release\main.o (Rows_Read)
.\CortexM3\ARM_GCC_541\Release\Keyboard.a(LCD.o)
                              .\CortexM3\ARM_GCC_541\Release\main.o (LCD_PrintString)
.\CortexM3\ARM_GCC_541\Release\Keyboard.a(CyLib.o)
                              .\CortexM3\ARM_GCC_541\Release\Cm3Start.o (CyHalt)
.\CortexM3\ARM_GCC_541\Release\Keyboard.a(cyPm.o)
                              .\CortexM3\ARM_GCC_541\Release\Keyboard.a(CyLib.o) (CyPmReadStatus)
.\CortexM3\ARM_GCC_541\Release\Keyboard.a(isr_Start.o)
                              .\CortexM3\ARM_GCC_541\Release\main.o (isr_Start_StartEx)
.\CortexM3\ARM_GCC_541\Release\Keyboard.a(Timer.o)
                              .\CortexM3\ARM_GCC_541\Release\main.o (Timer_Start)
.\CortexM3\ARM_GCC_541\Release\Keyboard.a(isr_Cambio.o)
                              .\CortexM3\ARM_GCC_541\Release\main.o (isr_Cambio_StartEx)
.\CortexM3\ARM_GCC_541\Release\Keyboard.a(CyBootAsmGnu.o)
                              .\CortexM3\ARM_GCC_541\Release\cyfitter_cfg.o (CyDelayCycles)
.\CortexM3\ARM_GCC_541\Release\Keyboard.a(CyFlash.o)
                              .\CortexM3\ARM_GCC_541\Release\Keyboard.a(cyPm.o) (CyFlash_SetWaitCycles)
.\CortexM3\ARM_GCC_541\Release\Keyboard.a(CySpc.o)
                              .\CortexM3\ARM_GCC_541\Release\Keyboard.a(CyFlash.o) (CySpcStart)
c:/program files (x86)/cypress/psoc creator/4.4/psoc creator/import/gnu/arm/5.4.1/bin/../lib/gcc/arm-none-eabi/5.4.1/../../../../arm-none-eabi/lib/armv7-m\libg_nano.a(lib_a-errno.o)
                              .\CortexM3\ARM_GCC_541\Release\Cm3Start.o (__errno)
c:/program files (x86)/cypress/psoc creator/4.4/psoc creator/import/gnu/arm/5.4.1/bin/../lib/gcc/arm-none-eabi/5.4.1/../../../../arm-none-eabi/lib/armv7-m\libg_nano.a(lib_a-exit.o)
                              c:/program files (x86)/cypress/psoc creator/4.4/psoc creator/import/gnu/arm/5.4.1/bin/../lib/gcc/arm-none-eabi/5.4.1/../../../../arm-none-eabi/lib/armv7-m/crt0.o (exit)
c:/program files (x86)/cypress/psoc creator/4.4/psoc creator/import/gnu/arm/5.4.1/bin/../lib/gcc/arm-none-eabi/5.4.1/../../../../arm-none-eabi/lib/armv7-m\libg_nano.a(lib_a-impure.o)
                              c:/program files (x86)/cypress/psoc creator/4.4/psoc creator/import/gnu/arm/5.4.1/bin/../lib/gcc/arm-none-eabi/5.4.1/../../../../arm-none-eabi/lib/armv7-m\libg_nano.a(lib_a-exit.o) (_global_impure_ptr)
c:/program files (x86)/cypress/psoc creator/4.4/psoc creator/import/gnu/arm/5.4.1/bin/../lib/gcc/arm-none-eabi/5.4.1/../../../../arm-none-eabi/lib/armv7-m\libg_nano.a(lib_a-init.o)
                              c:/program files (x86)/cypress/psoc creator/4.4/psoc creator/import/gnu/arm/5.4.1/bin/../lib/gcc/arm-none-eabi/5.4.1/../../../../arm-none-eabi/lib/armv7-m/crt0.o (__libc_init_array)
c:/program files (x86)/cypress/psoc creator/4.4/psoc creator/import/gnu/arm/5.4.1/bin/../lib/gcc/arm-none-eabi/5.4.1/../../../../arm-none-eabi/lib/armv7-m\libg_nano.a(lib_a-memset.o)
                              c:/program files (x86)/cypress/psoc creator/4.4/psoc creator/import/gnu/arm/5.4.1/bin/../lib/gcc/arm-none-eabi/5.4.1/../../../../arm-none-eabi/lib/armv7-m/crt0.o (memset)
c:/program files (x86)/cypress/psoc creator/4.4/psoc creator/import/gnu/arm/5.4.1/bin/../lib/gcc/arm-none-eabi/5.4.1/../../../../arm-none-eabi/lib/armv7-m\libg_nano.a(lib_a-strcpy.o)
                              .\CortexM3\ARM_GCC_541\Release\main.o (strcpy)

Allocating common symbols
Common symbol       size              file

key                 0x1               .\CortexM3\ARM_GCC_541\Release\main.o
str                 0x10              .\CortexM3\ARM_GCC_541\Release\main.o
dieTemperature      0x2               .\CortexM3\ARM_GCC_541\Release\Keyboard.a(CyFlash.o)
row                 0x1               .\CortexM3\ARM_GCC_541\Release\main.o

Discarded input sections

 .text          0x00000000        0x0 c:/program files (x86)/cypress/psoc creator/4.4/psoc creator/import/gnu/arm/5.4.1/bin/../lib/gcc/arm-none-eabi/5.4.1/armv7-m/crti.o
 .data          0x00000000        0x0 c:/program files (x86)/cypress/psoc creator/4.4/psoc creator/import/gnu/arm/5.4.1/bin/../lib/gcc/arm-none-eabi/5.4.1/armv7-m/crti.o
 .bss           0x00000000        0x0 c:/program files (x86)/cypress/psoc creator/4.4/psoc creator/import/gnu/arm/5.4.1/bin/../lib/gcc/arm-none-eabi/5.4.1/armv7-m/crti.o
 .data          0x00000000        0x4 c:/program files (x86)/cypress/psoc creator/4.4/psoc creator/import/gnu/arm/5.4.1/bin/../lib/gcc/arm-none-eabi/5.4.1/armv7-m/crtbegin.o
 .text          0x00000000       0x74 c:/program files (x86)/cypress/psoc creator/4.4/psoc creator/import/gnu/arm/5.4.1/bin/../lib/gcc/arm-none-eabi/5.4.1/../../../../arm-none-eabi/lib/armv7-m/crt0.o
 .data          0x00000000        0x0 c:/program files (x86)/cypress/psoc creator/4.4/psoc creator/import/gnu/arm/5.4.1/bin/../lib/gcc/arm-none-eabi/5.4.1/../../../../arm-none-eabi/lib/armv7-m/crt0.o
 .bss           0x00000000        0x0 c:/program files (x86)/cypress/psoc creator/4.4/psoc creator/import/gnu/arm/5.4.1/bin/../lib/gcc/arm-none-eabi/5.4.1/../../../../arm-none-eabi/lib/armv7-m/crt0.o
 .ARM.extab     0x00000000        0x0 c:/program files (x86)/cypress/psoc creator/4.4/psoc creator/import/gnu/arm/5.4.1/bin/../lib/gcc/arm-none-eabi/5.4.1/../../../../arm-none-eabi/lib/armv7-m/crt0.o
 .ARM.exidx     0x00000000        0x8 c:/program files (x86)/cypress/psoc creator/4.4/psoc creator/import/gnu/arm/5.4.1/bin/../lib/gcc/arm-none-eabi/5.4.1/../../../../arm-none-eabi/lib/armv7-m/crt0.o
 .text          0x00000000        0x0 .\CortexM3\ARM_GCC_541\Release\main.o
 .data          0x00000000        0x0 .\CortexM3\ARM_GCC_541\Release\main.o
 .text          0x00000000        0x0 .\CortexM3\ARM_GCC_541\Release\cyfitter_cfg.o
 .data          0x00000000        0x0 .\CortexM3\ARM_GCC_541\Release\cyfitter_cfg.o
 .bss           0x00000000        0x0 .\CortexM3\ARM_GCC_541\Release\cyfitter_cfg.o
 .text.SetAnalogRoutingPumps
                0x00000000       0x10 .\CortexM3\ARM_GCC_541\Release\cyfitter_cfg.o
 .text          0x00000000        0x0 .\CortexM3\ARM_GCC_541\Release\cymetadata.o
 .data          0x00000000        0x0 .\CortexM3\ARM_GCC_541\Release\cymetadata.o
 .bss           0x00000000        0x0 .\CortexM3\ARM_GCC_541\Release\cymetadata.o
 .text          0x00000000        0x0 .\CortexM3\ARM_GCC_541\Release\Cm3Start.o
 .data          0x00000000        0x4 .\CortexM3\ARM_GCC_541\Release\Cm3Start.o
 .bss           0x00000000        0x0 .\CortexM3\ARM_GCC_541\Release\Cm3Start.o
 .text._exit    0x00000000        0xa .\CortexM3\ARM_GCC_541\Release\Cm3Start.o
 .text._sbrk    0x00000000       0x2c .\CortexM3\ARM_GCC_541\Release\Cm3Start.o
 .text          0x00000000        0x0 .\CortexM3\ARM_GCC_541\Release\Keyboard.a(Columns.o)
 .data          0x00000000        0x0 .\CortexM3\ARM_GCC_541\Release\Keyboard.a(Columns.o)
 .bss           0x00000000        0x0 .\CortexM3\ARM_GCC_541\Release\Keyboard.a(Columns.o)
 .text.Columns_SetDriveMode
                0x00000000       0x34 .\CortexM3\ARM_GCC_541\Release\Keyboard.a(Columns.o)
 .text.Columns_ReadDataReg
                0x00000000        0xc .\CortexM3\ARM_GCC_541\Release\Keyboard.a(Columns.o)
 .text          0x00000000        0x0 .\CortexM3\ARM_GCC_541\Release\Keyboard.a(Rows.o)
 .data          0x00000000        0x0 .\CortexM3\ARM_GCC_541\Release\Keyboard.a(Rows.o)
 .bss           0x00000000        0x0 .\CortexM3\ARM_GCC_541\Release\Keyboard.a(Rows.o)
 .text.Rows_Write
                0x00000000       0x18 .\CortexM3\ARM_GCC_541\Release\Keyboard.a(Rows.o)
 .text.Rows_SetDriveMode
                0x00000000       0x34 .\CortexM3\ARM_GCC_541\Release\Keyboard.a(Rows.o)
 .text.Rows_ReadDataReg
                0x00000000        0xc .\CortexM3\ARM_GCC_541\Release\Keyboard.a(Rows.o)
 .text.Rows_SetInterruptMode
                0x00000000       0x3c .\CortexM3\ARM_GCC_541\Release\Keyboard.a(Rows.o)
 .text          0x00000000        0x0 .\CortexM3\ARM_GCC_541\Release\Keyboard.a(LCD.o)
 .data          0x00000000        0x0 .\CortexM3\ARM_GCC_541\Release\Keyboard.a(LCD.o)
 .text.LCD_Stop
                0x00000000       0x14 .\CortexM3\ARM_GCC_541\Release\Keyboard.a(LCD.o)
 .text.LCD_PrintInt8
                0x00000000       0x20 .\CortexM3\ARM_GCC_541\Release\Keyboard.a(LCD.o)
 .text.LCD_PrintInt16
                0x00000000       0x14 .\CortexM3\ARM_GCC_541\Release\Keyboard.a(LCD.o)
 .text.LCD_PrintInt32
                0x00000000       0x1a .\CortexM3\ARM_GCC_541\Release\Keyboard.a(LCD.o)
 .text.LCD_PrintU32Number
                0x00000000       0x40 .\CortexM3\ARM_GCC_541\Release\Keyboard.a(LCD.o)
 .rodata        0x00000000       0x10 .\CortexM3\ARM_GCC_541\Release\Keyboard.a(LCD.o)
 .text          0x00000000        0x0 .\CortexM3\ARM_GCC_541\Release\Keyboard.a(CyLib.o)
 .bss           0x00000000       0x1c .\CortexM3\ARM_GCC_541\Release\Keyboard.a(CyLib.o)
 .text.CyIMO_SetTrimValue
                0x00000000       0xb8 .\CortexM3\ARM_GCC_541\Release\Keyboard.a(CyLib.o)
 .text.CyBusClk_Internal_SetDivider
                0x00000000       0x44 .\CortexM3\ARM_GCC_541\Release\Keyboard.a(CyLib.o)
 .text.CyPLL_OUT_Stop
                0x00000000       0x10 .\CortexM3\ARM_GCC_541\Release\Keyboard.a(CyLib.o)
 .text.CyPLL_OUT_SetPQ
                0x00000000       0x34 .\CortexM3\ARM_GCC_541\Release\Keyboard.a(CyLib.o)
 .text.CyPLL_OUT_SetSource
                0x00000000       0x14 .\CortexM3\ARM_GCC_541\Release\Keyboard.a(CyLib.o)
 .text.CyIMO_Stop
                0x00000000       0x18 .\CortexM3\ARM_GCC_541\Release\Keyboard.a(CyLib.o)
 .text.CyIMO_SetSource
                0x00000000       0x40 .\CortexM3\ARM_GCC_541\Release\Keyboard.a(CyLib.o)
 .text.CyIMO_EnableDoubler
                0x00000000       0x10 .\CortexM3\ARM_GCC_541\Release\Keyboard.a(CyLib.o)
 .text.CyIMO_DisableDoubler
                0x00000000       0x10 .\CortexM3\ARM_GCC_541\Release\Keyboard.a(CyLib.o)
 .text.CyIMO_SetFreq
                0x00000000       0xcc .\CortexM3\ARM_GCC_541\Release\Keyboard.a(CyLib.o)
 .text.CyMasterClk_SetSource
                0x00000000       0x18 .\CortexM3\ARM_GCC_541\Release\Keyboard.a(CyLib.o)
 .text.CyMasterClk_SetDivider
                0x00000000        0xc .\CortexM3\ARM_GCC_541\Release\Keyboard.a(CyLib.o)
 .text.CyBusClk_SetDivider
                0x00000000       0x70 .\CortexM3\ARM_GCC_541\Release\Keyboard.a(CyLib.o)
 .text.CyUsbClk_SetSource
                0x00000000       0x18 .\CortexM3\ARM_GCC_541\Release\Keyboard.a(CyLib.o)
 .text.CyILO_Start1K
                0x00000000       0x10 .\CortexM3\ARM_GCC_541\Release\Keyboard.a(CyLib.o)
 .text.CyILO_Stop1K
                0x00000000       0x10 .\CortexM3\ARM_GCC_541\Release\Keyboard.a(CyLib.o)
 .text.CyILO_Start100K
                0x00000000       0x10 .\CortexM3\ARM_GCC_541\Release\Keyboard.a(CyLib.o)
 .text.CyILO_Stop100K
                0x00000000       0x10 .\CortexM3\ARM_GCC_541\Release\Keyboard.a(CyLib.o)
 .text.CyPLL_OUT_Start
                0x00000000       0x74 .\CortexM3\ARM_GCC_541\Release\Keyboard.a(CyLib.o)
 .text.CyIMO_Start
                0x00000000       0x5c .\CortexM3\ARM_GCC_541\Release\Keyboard.a(CyLib.o)
 .text.CyILO_Enable33K
                0x00000000       0x10 .\CortexM3\ARM_GCC_541\Release\Keyboard.a(CyLib.o)
 .text.CyILO_Disable33K
                0x00000000       0x10 .\CortexM3\ARM_GCC_541\Release\Keyboard.a(CyLib.o)
 .text.CyILO_SetSource
                0x00000000       0x16 .\CortexM3\ARM_GCC_541\Release\Keyboard.a(CyLib.o)
 .text.CyILO_SetPowerMode
                0x00000000       0x20 .\CortexM3\ARM_GCC_541\Release\Keyboard.a(CyLib.o)
 .text.CyXTAL_32KHZ_Stop
                0x00000000       0x30 .\CortexM3\ARM_GCC_541\Release\Keyboard.a(CyLib.o)
 .text.CyXTAL_32KHZ_ReadStatus
                0x00000000       0x10 .\CortexM3\ARM_GCC_541\Release\Keyboard.a(CyLib.o)
 .text.CyXTAL_Start
                0x00000000       0xa0 .\CortexM3\ARM_GCC_541\Release\Keyboard.a(CyLib.o)
 .text.CyXTAL_Stop
                0x00000000       0x10 .\CortexM3\ARM_GCC_541\Release\Keyboard.a(CyLib.o)
 .text.CyXTAL_EnableErrStatus
                0x00000000       0x10 .\CortexM3\ARM_GCC_541\Release\Keyboard.a(CyLib.o)
 .text.CyXTAL_DisableErrStatus
                0x00000000       0x10 .\CortexM3\ARM_GCC_541\Release\Keyboard.a(CyLib.o)
 .text.CyXTAL_ReadStatus
                0x00000000        0xc .\CortexM3\ARM_GCC_541\Release\Keyboard.a(CyLib.o)
 .text.CyXTAL_EnableFaultRecovery
                0x00000000       0x10 .\CortexM3\ARM_GCC_541\Release\Keyboard.a(CyLib.o)
 .text.CyXTAL_DisableFaultRecovery
                0x00000000       0x10 .\CortexM3\ARM_GCC_541\Release\Keyboard.a(CyLib.o)
 .text.CyXTAL_SetStartup
                0x00000000       0x18 .\CortexM3\ARM_GCC_541\Release\Keyboard.a(CyLib.o)
 .text.CyXTAL_SetFbVoltage
                0x00000000       0x18 .\CortexM3\ARM_GCC_541\Release\Keyboard.a(CyLib.o)
 .text.CyXTAL_SetWdVoltage
                0x00000000       0x18 .\CortexM3\ARM_GCC_541\Release\Keyboard.a(CyLib.o)
 .text.CyHalt   0x00000000        0x4 .\CortexM3\ARM_GCC_541\Release\Keyboard.a(CyLib.o)
 .text.CySoftwareReset
                0x00000000       0x10 .\CortexM3\ARM_GCC_541\Release\Keyboard.a(CyLib.o)
 .text.CyXTAL_32KHZ_SetPowerMode
                0x00000000       0x6c .\CortexM3\ARM_GCC_541\Release\Keyboard.a(CyLib.o)
 .text.CyXTAL_32KHZ_Start
                0x00000000       0x6c .\CortexM3\ARM_GCC_541\Release\Keyboard.a(CyLib.o)
 .text.CyDelayFreq
                0x00000000       0x40 .\CortexM3\ARM_GCC_541\Release\Keyboard.a(CyLib.o)
 .text.CyWdtStart
                0x00000000       0x40 .\CortexM3\ARM_GCC_541\Release\Keyboard.a(CyLib.o)
 .text.CyWdtClear
                0x00000000        0xc .\CortexM3\ARM_GCC_541\Release\Keyboard.a(CyLib.o)
 .text.CyVdStickyStatus
                0x00000000       0x2c .\CortexM3\ARM_GCC_541\Release\Keyboard.a(CyLib.o)
 .text.CyVdLvDigitEnable
                0x00000000       0x84 .\CortexM3\ARM_GCC_541\Release\Keyboard.a(CyLib.o)
 .text.CyVdLvAnalogEnable
                0x00000000       0x80 .\CortexM3\ARM_GCC_541\Release\Keyboard.a(CyLib.o)
 .text.CyVdLvDigitDisable
                0x00000000       0x2c .\CortexM3\ARM_GCC_541\Release\Keyboard.a(CyLib.o)
 .text.CyVdLvAnalogDisable
                0x00000000       0x24 .\CortexM3\ARM_GCC_541\Release\Keyboard.a(CyLib.o)
 .text.CyVdHvAnalogEnable
                0x00000000       0x58 .\CortexM3\ARM_GCC_541\Release\Keyboard.a(CyLib.o)
 .text.CyVdHvAnalogDisable
                0x00000000       0x1c .\CortexM3\ARM_GCC_541\Release\Keyboard.a(CyLib.o)
 .text.CyVdRealTimeStatus
                0x00000000       0x1c .\CortexM3\ARM_GCC_541\Release\Keyboard.a(CyLib.o)
 .text.CyDisableInts
                0x00000000       0x1c .\CortexM3\ARM_GCC_541\Release\Keyboard.a(CyLib.o)
 .text.CyEnableInts
                0x00000000       0x18 .\CortexM3\ARM_GCC_541\Release\Keyboard.a(CyLib.o)
 .text.CyFlushCache
                0x00000000       0x44 .\CortexM3\ARM_GCC_541\Release\Keyboard.a(CyLib.o)
 .text.CyIntSetSysVector
                0x00000000       0x18 .\CortexM3\ARM_GCC_541\Release\Keyboard.a(CyLib.o)
 .text.CyIntGetSysVector
                0x00000000       0x14 .\CortexM3\ARM_GCC_541\Release\Keyboard.a(CyLib.o)
 .text.CyIntSetVector
                0x00000000       0x1c .\CortexM3\ARM_GCC_541\Release\Keyboard.a(CyLib.o)
 .text.CyIntGetVector
                0x00000000       0x14 .\CortexM3\ARM_GCC_541\Release\Keyboard.a(CyLib.o)
 .text.CyIntSetPriority
                0x00000000       0x14 .\CortexM3\ARM_GCC_541\Release\Keyboard.a(CyLib.o)
 .text.CyIntGetPriority
                0x00000000       0x12 .\CortexM3\ARM_GCC_541\Release\Keyboard.a(CyLib.o)
 .text.CyIntGetState
                0x00000000       0x18 .\CortexM3\ARM_GCC_541\Release\Keyboard.a(CyLib.o)
 .text.CySysTickInit
                0x00000000       0x58 .\CortexM3\ARM_GCC_541\Release\Keyboard.a(CyLib.o)
 .text.CySysTickStop
                0x00000000       0x10 .\CortexM3\ARM_GCC_541\Release\Keyboard.a(CyLib.o)
 .text.CySysTickEnableInterrupt
                0x00000000       0x10 .\CortexM3\ARM_GCC_541\Release\Keyboard.a(CyLib.o)
 .text.CySysTickEnable
                0x00000000       0x18 .\CortexM3\ARM_GCC_541\Release\Keyboard.a(CyLib.o)
 .text.CySysTickStart
                0x00000000       0x1c .\CortexM3\ARM_GCC_541\Release\Keyboard.a(CyLib.o)
 .text.CySysTickDisableInterrupt
                0x00000000       0x10 .\CortexM3\ARM_GCC_541\Release\Keyboard.a(CyLib.o)
 .text.CySysTickSetReload
                0x00000000       0x10 .\CortexM3\ARM_GCC_541\Release\Keyboard.a(CyLib.o)
 .text.CySysTickGetReload
                0x00000000       0x10 .\CortexM3\ARM_GCC_541\Release\Keyboard.a(CyLib.o)
 .text.CySysTickGetValue
                0x00000000       0x10 .\CortexM3\ARM_GCC_541\Release\Keyboard.a(CyLib.o)
 .text.CySysTickSetClockSource
                0x00000000       0x18 .\CortexM3\ARM_GCC_541\Release\Keyboard.a(CyLib.o)
 .text.CySysTickGetClockSource
                0x00000000       0x10 .\CortexM3\ARM_GCC_541\Release\Keyboard.a(CyLib.o)
 .text.CySysTickGetCountFlag
                0x00000000       0x10 .\CortexM3\ARM_GCC_541\Release\Keyboard.a(CyLib.o)
 .text.CySysTickServiceCallbacks
                0x00000000       0x24 .\CortexM3\ARM_GCC_541\Release\Keyboard.a(CyLib.o)
 .text.CySysTickClear
                0x00000000        0xc .\CortexM3\ARM_GCC_541\Release\Keyboard.a(CyLib.o)
 .text.CySysTickSetCallback
                0x00000000       0x10 .\CortexM3\ARM_GCC_541\Release\Keyboard.a(CyLib.o)
 .text.CySysTickGetCallback
                0x00000000       0x10 .\CortexM3\ARM_GCC_541\Release\Keyboard.a(CyLib.o)
 .text.CyGetUniqueId
                0x00000000       0x70 .\CortexM3\ARM_GCC_541\Release\Keyboard.a(CyLib.o)
 .text          0x00000000        0x0 .\CortexM3\ARM_GCC_541\Release\Keyboard.a(cyPm.o)
 .data          0x00000000        0x0 .\CortexM3\ARM_GCC_541\Release\Keyboard.a(cyPm.o)
 .bss           0x00000000       0x43 .\CortexM3\ARM_GCC_541\Release\Keyboard.a(cyPm.o)
 .text.CyPmHibSlpSaveSet
                0x00000000      0x1c4 .\CortexM3\ARM_GCC_541\Release\Keyboard.a(cyPm.o)
 .text.CyPmHibSlpRestore
                0x00000000       0xc0 .\CortexM3\ARM_GCC_541\Release\Keyboard.a(cyPm.o)
 .text.CyPmSaveClocks
                0x00000000      0x1e0 .\CortexM3\ARM_GCC_541\Release\Keyboard.a(cyPm.o)
 .text.CyPmRestoreClocks
                0x00000000      0x214 .\CortexM3\ARM_GCC_541\Release\Keyboard.a(cyPm.o)
 .text.CyPmAltAct
                0x00000000       0x60 .\CortexM3\ARM_GCC_541\Release\Keyboard.a(cyPm.o)
 .text.CyPmSleep
                0x00000000       0xe4 .\CortexM3\ARM_GCC_541\Release\Keyboard.a(cyPm.o)
 .text.CyPmHibernateEx
                0x00000000      0x290 .\CortexM3\ARM_GCC_541\Release\Keyboard.a(cyPm.o)
 .text.CyPmHibernate
                0x00000000        0x6 .\CortexM3\ARM_GCC_541\Release\Keyboard.a(cyPm.o)
 .text.CyPmReadStatus
                0x00000000       0x30 .\CortexM3\ARM_GCC_541\Release\Keyboard.a(cyPm.o)
 .text.CyPmCtwSetInterval
                0x00000000       0x50 .\CortexM3\ARM_GCC_541\Release\Keyboard.a(cyPm.o)
 .text.CyPmOppsSet
                0x00000000       0x2c .\CortexM3\ARM_GCC_541\Release\Keyboard.a(cyPm.o)
 .text.CyPmFtwSetInterval
                0x00000000       0x50 .\CortexM3\ARM_GCC_541\Release\Keyboard.a(cyPm.o)
 .rodata        0x00000000        0xe .\CortexM3\ARM_GCC_541\Release\Keyboard.a(cyPm.o)
 .text          0x00000000        0x0 .\CortexM3\ARM_GCC_541\Release\Keyboard.a(isr_Start.o)
 .data          0x00000000        0x0 .\CortexM3\ARM_GCC_541\Release\Keyboard.a(isr_Start.o)
 .bss           0x00000000        0x0 .\CortexM3\ARM_GCC_541\Release\Keyboard.a(isr_Start.o)
 .text.isr_Start_Interrupt
                0x00000000        0x2 .\CortexM3\ARM_GCC_541\Release\Keyboard.a(isr_Start.o)
 .text.isr_Start_Start
                0x00000000       0x2c .\CortexM3\ARM_GCC_541\Release\Keyboard.a(isr_Start.o)
 .text.isr_Start_Stop
                0x00000000       0x1c .\CortexM3\ARM_GCC_541\Release\Keyboard.a(isr_Start.o)
 .text.isr_Start_SetVector
                0x00000000        0xc .\CortexM3\ARM_GCC_541\Release\Keyboard.a(isr_Start.o)
 .text.isr_Start_GetVector
                0x00000000        0xc .\CortexM3\ARM_GCC_541\Release\Keyboard.a(isr_Start.o)
 .text.isr_Start_SetPriority
                0x00000000       0x10 .\CortexM3\ARM_GCC_541\Release\Keyboard.a(isr_Start.o)
 .text.isr_Start_GetPriority
                0x00000000        0xc .\CortexM3\ARM_GCC_541\Release\Keyboard.a(isr_Start.o)
 .text.isr_Start_Enable
                0x00000000        0xc .\CortexM3\ARM_GCC_541\Release\Keyboard.a(isr_Start.o)
 .text.isr_Start_GetState
                0x00000000       0x10 .\CortexM3\ARM_GCC_541\Release\Keyboard.a(isr_Start.o)
 .text.isr_Start_Disable
                0x00000000        0xc .\CortexM3\ARM_GCC_541\Release\Keyboard.a(isr_Start.o)
 .text.isr_Start_SetPending
                0x00000000        0xc .\CortexM3\ARM_GCC_541\Release\Keyboard.a(isr_Start.o)
 .text.isr_Start_ClearPending
                0x00000000        0xc .\CortexM3\ARM_GCC_541\Release\Keyboard.a(isr_Start.o)
 .text          0x00000000        0x0 .\CortexM3\ARM_GCC_541\Release\Keyboard.a(Timer.o)
 .data          0x00000000        0x0 .\CortexM3\ARM_GCC_541\Release\Keyboard.a(Timer.o)
 .text.Timer_Stop
                0x00000000       0x28 .\CortexM3\ARM_GCC_541\Release\Keyboard.a(Timer.o)
 .text.Timer_SetInterruptMode
                0x00000000        0xc .\CortexM3\ARM_GCC_541\Release\Keyboard.a(Timer.o)
 .text.Timer_SoftwareCapture
                0x00000000        0xc .\CortexM3\ARM_GCC_541\Release\Keyboard.a(Timer.o)
 .text.Timer_ReadStatusRegister
                0x00000000        0xc .\CortexM3\ARM_GCC_541\Release\Keyboard.a(Timer.o)
 .text.Timer_ReadControlRegister
                0x00000000        0xc .\CortexM3\ARM_GCC_541\Release\Keyboard.a(Timer.o)
 .text.Timer_WriteControlRegister
                0x00000000        0xc .\CortexM3\ARM_GCC_541\Release\Keyboard.a(Timer.o)
 .text.Timer_ReadPeriod
                0x00000000        0xc .\CortexM3\ARM_GCC_541\Release\Keyboard.a(Timer.o)
 .text.Timer_WritePeriod
                0x00000000        0xc .\CortexM3\ARM_GCC_541\Release\Keyboard.a(Timer.o)
 .text.Timer_ReadCapture
                0x00000000        0xc .\CortexM3\ARM_GCC_541\Release\Keyboard.a(Timer.o)
 .text.Timer_WriteCounter
                0x00000000        0xc .\CortexM3\ARM_GCC_541\Release\Keyboard.a(Timer.o)
 .text.Timer_ReadCounter
                0x00000000       0x14 .\CortexM3\ARM_GCC_541\Release\Keyboard.a(Timer.o)
 .text          0x00000000        0x0 .\CortexM3\ARM_GCC_541\Release\Keyboard.a(isr_Cambio.o)
 .data          0x00000000        0x0 .\CortexM3\ARM_GCC_541\Release\Keyboard.a(isr_Cambio.o)
 .bss           0x00000000        0x0 .\CortexM3\ARM_GCC_541\Release\Keyboard.a(isr_Cambio.o)
 .text.isr_Cambio_Interrupt
                0x00000000        0x2 .\CortexM3\ARM_GCC_541\Release\Keyboard.a(isr_Cambio.o)
 .text.isr_Cambio_Start
                0x00000000       0x2c .\CortexM3\ARM_GCC_541\Release\Keyboard.a(isr_Cambio.o)
 .text.isr_Cambio_Stop
                0x00000000       0x1c .\CortexM3\ARM_GCC_541\Release\Keyboard.a(isr_Cambio.o)
 .text.isr_Cambio_SetVector
                0x00000000        0xc .\CortexM3\ARM_GCC_541\Release\Keyboard.a(isr_Cambio.o)
 .text.isr_Cambio_GetVector
                0x00000000        0xc .\CortexM3\ARM_GCC_541\Release\Keyboard.a(isr_Cambio.o)
 .text.isr_Cambio_SetPriority
                0x00000000       0x10 .\CortexM3\ARM_GCC_541\Release\Keyboard.a(isr_Cambio.o)
 .text.isr_Cambio_GetPriority
                0x00000000        0xc .\CortexM3\ARM_GCC_541\Release\Keyboard.a(isr_Cambio.o)
 .text.isr_Cambio_Enable
                0x00000000        0xc .\CortexM3\ARM_GCC_541\Release\Keyboard.a(isr_Cambio.o)
 .text.isr_Cambio_GetState
                0x00000000       0x10 .\CortexM3\ARM_GCC_541\Release\Keyboard.a(isr_Cambio.o)
 .text.isr_Cambio_Disable
                0x00000000        0xc .\CortexM3\ARM_GCC_541\Release\Keyboard.a(isr_Cambio.o)
 .text.isr_Cambio_SetPending
                0x00000000        0xc .\CortexM3\ARM_GCC_541\Release\Keyboard.a(isr_Cambio.o)
 .text.isr_Cambio_ClearPending
                0x00000000        0xc .\CortexM3\ARM_GCC_541\Release\Keyboard.a(isr_Cambio.o)
 .data          0x00000000        0x0 .\CortexM3\ARM_GCC_541\Release\Keyboard.a(CyBootAsmGnu.o)
 .bss           0x00000000        0x0 .\CortexM3\ARM_GCC_541\Release\Keyboard.a(CyBootAsmGnu.o)
 .text          0x00000000        0x0 .\CortexM3\ARM_GCC_541\Release\Keyboard.a(CyFlash.o)
 .data          0x00000000        0x0 .\CortexM3\ARM_GCC_541\Release\Keyboard.a(CyFlash.o)
 .bss           0x00000000        0x0 .\CortexM3\ARM_GCC_541\Release\Keyboard.a(CyFlash.o)
 .text.CyFlash_Start
                0x00000000       0x50 .\CortexM3\ARM_GCC_541\Release\Keyboard.a(CyFlash.o)
 .text.CyFlash_Stop
                0x00000000       0x24 .\CortexM3\ARM_GCC_541\Release\Keyboard.a(CyFlash.o)
 .text.CyFlash_EraseRow
                0x00000000       0x70 .\CortexM3\ARM_GCC_541\Release\Keyboard.a(CyFlash.o)
 .text.CyFlashGetSpcAlgorithm
                0x00000000       0x48 .\CortexM3\ARM_GCC_541\Release\Keyboard.a(CyFlash.o)
 .text.CySetTemp
                0x00000000       0x5c .\CortexM3\ARM_GCC_541\Release\Keyboard.a(CyFlash.o)
 .text.CySetFlashEEBuffer
                0x00000000       0x22 .\CortexM3\ARM_GCC_541\Release\Keyboard.a(CyFlash.o)
 .text.CyWriteRowFull
                0x00000000       0xcc .\CortexM3\ARM_GCC_541\Release\Keyboard.a(CyFlash.o)
 .text.CyWriteRowData
                0x00000000        0xe .\CortexM3\ARM_GCC_541\Release\Keyboard.a(CyFlash.o)
 .text.CyFlash_SetWaitCycles
                0x00000000       0x6c .\CortexM3\ARM_GCC_541\Release\Keyboard.a(CyFlash.o)
 .text.CyEEPROM_Start
                0x00000000       0x50 .\CortexM3\ARM_GCC_541\Release\Keyboard.a(CyFlash.o)
 .text.CyEEPROM_Stop
                0x00000000       0x24 .\CortexM3\ARM_GCC_541\Release\Keyboard.a(CyFlash.o)
 .text.CyEEPROM_ReadReserve
                0x00000000       0x18 .\CortexM3\ARM_GCC_541\Release\Keyboard.a(CyFlash.o)
 .text.CyEEPROM_ReadRelease
                0x00000000       0x10 .\CortexM3\ARM_GCC_541\Release\Keyboard.a(CyFlash.o)
 COMMON         0x00000000        0x2 .\CortexM3\ARM_GCC_541\Release\Keyboard.a(CyFlash.o)
 .text          0x00000000        0x0 .\CortexM3\ARM_GCC_541\Release\Keyboard.a(CySpc.o)
 .data          0x00000000        0x0 .\CortexM3\ARM_GCC_541\Release\Keyboard.a(CySpc.o)
 .bss           0x00000000        0x8 .\CortexM3\ARM_GCC_541\Release\Keyboard.a(CySpc.o)
 .text.CySpcStart
                0x00000000       0x24 .\CortexM3\ARM_GCC_541\Release\Keyboard.a(CySpc.o)
 .text.CySpcStop
                0x00000000       0x24 .\CortexM3\ARM_GCC_541\Release\Keyboard.a(CySpc.o)
 .text.CySpcReadData
                0x00000000       0x3c .\CortexM3\ARM_GCC_541\Release\Keyboard.a(CySpc.o)
 .text.CySpcLoadMultiByte
                0x00000000       0x6c .\CortexM3\ARM_GCC_541\Release\Keyboard.a(CySpc.o)
 .text.CySpcLoadRow
                0x00000000       0x48 .\CortexM3\ARM_GCC_541\Release\Keyboard.a(CySpc.o)
 .text.CySpcLoadRowFull
                0x00000000       0x6c .\CortexM3\ARM_GCC_541\Release\Keyboard.a(CySpc.o)
 .text.CySpcWriteRow
                0x00000000       0x40 .\CortexM3\ARM_GCC_541\Release\Keyboard.a(CySpc.o)
 .text.CySpcEraseSector
                0x00000000       0x38 .\CortexM3\ARM_GCC_541\Release\Keyboard.a(CySpc.o)
 .text.CySpcEraseRow
                0x00000000       0x40 .\CortexM3\ARM_GCC_541\Release\Keyboard.a(CySpc.o)
 .text.CySpcGetTemp
                0x00000000       0x34 .\CortexM3\ARM_GCC_541\Release\Keyboard.a(CySpc.o)
 .text.CySpcLock
                0x00000000       0x40 .\CortexM3\ARM_GCC_541\Release\Keyboard.a(CySpc.o)
 .text.CySpcUnlock
                0x00000000       0x34 .\CortexM3\ARM_GCC_541\Release\Keyboard.a(CySpc.o)
 .text.CySpcGetAlgorithm
                0x00000000       0x28 .\CortexM3\ARM_GCC_541\Release\Keyboard.a(CySpc.o)
 .text          0x00000000        0x0 c:/program files (x86)/cypress/psoc creator/4.4/psoc creator/import/gnu/arm/5.4.1/bin/../lib/gcc/arm-none-eabi/5.4.1/../../../../arm-none-eabi/lib/armv7-m\libg_nano.a(lib_a-errno.o)
 .data          0x00000000        0x0 c:/program files (x86)/cypress/psoc creator/4.4/psoc creator/import/gnu/arm/5.4.1/bin/../lib/gcc/arm-none-eabi/5.4.1/../../../../arm-none-eabi/lib/armv7-m\libg_nano.a(lib_a-errno.o)
 .bss           0x00000000        0x0 c:/program files (x86)/cypress/psoc creator/4.4/psoc creator/import/gnu/arm/5.4.1/bin/../lib/gcc/arm-none-eabi/5.4.1/../../../../arm-none-eabi/lib/armv7-m\libg_nano.a(lib_a-errno.o)
 .text          0x00000000        0x0 c:/program files (x86)/cypress/psoc creator/4.4/psoc creator/import/gnu/arm/5.4.1/bin/../lib/gcc/arm-none-eabi/5.4.1/../../../../arm-none-eabi/lib/armv7-m\libg_nano.a(lib_a-exit.o)
 .data          0x00000000        0x0 c:/program files (x86)/cypress/psoc creator/4.4/psoc creator/import/gnu/arm/5.4.1/bin/../lib/gcc/arm-none-eabi/5.4.1/../../../../arm-none-eabi/lib/armv7-m\libg_nano.a(lib_a-exit.o)
 .bss           0x00000000        0x0 c:/program files (x86)/cypress/psoc creator/4.4/psoc creator/import/gnu/arm/5.4.1/bin/../lib/gcc/arm-none-eabi/5.4.1/../../../../arm-none-eabi/lib/armv7-m\libg_nano.a(lib_a-exit.o)
 .text.exit     0x00000000       0x28 c:/program files (x86)/cypress/psoc creator/4.4/psoc creator/import/gnu/arm/5.4.1/bin/../lib/gcc/arm-none-eabi/5.4.1/../../../../arm-none-eabi/lib/armv7-m\libg_nano.a(lib_a-exit.o)
 .text          0x00000000        0x0 c:/program files (x86)/cypress/psoc creator/4.4/psoc creator/import/gnu/arm/5.4.1/bin/../lib/gcc/arm-none-eabi/5.4.1/../../../../arm-none-eabi/lib/armv7-m\libg_nano.a(lib_a-impure.o)
 .data          0x00000000        0x0 c:/program files (x86)/cypress/psoc creator/4.4/psoc creator/import/gnu/arm/5.4.1/bin/../lib/gcc/arm-none-eabi/5.4.1/../../../../arm-none-eabi/lib/armv7-m\libg_nano.a(lib_a-impure.o)
 .bss           0x00000000        0x0 c:/program files (x86)/cypress/psoc creator/4.4/psoc creator/import/gnu/arm/5.4.1/bin/../lib/gcc/arm-none-eabi/5.4.1/../../../../arm-none-eabi/lib/armv7-m\libg_nano.a(lib_a-impure.o)
 .rodata._global_impure_ptr
                0x00000000        0x4 c:/program files (x86)/cypress/psoc creator/4.4/psoc creator/import/gnu/arm/5.4.1/bin/../lib/gcc/arm-none-eabi/5.4.1/../../../../arm-none-eabi/lib/armv7-m\libg_nano.a(lib_a-impure.o)
 .text          0x00000000        0x0 c:/program files (x86)/cypress/psoc creator/4.4/psoc creator/import/gnu/arm/5.4.1/bin/../lib/gcc/arm-none-eabi/5.4.1/../../../../arm-none-eabi/lib/armv7-m\libg_nano.a(lib_a-init.o)
 .data          0x00000000        0x0 c:/program files (x86)/cypress/psoc creator/4.4/psoc creator/import/gnu/arm/5.4.1/bin/../lib/gcc/arm-none-eabi/5.4.1/../../../../arm-none-eabi/lib/armv7-m\libg_nano.a(lib_a-init.o)
 .bss           0x00000000        0x0 c:/program files (x86)/cypress/psoc creator/4.4/psoc creator/import/gnu/arm/5.4.1/bin/../lib/gcc/arm-none-eabi/5.4.1/../../../../arm-none-eabi/lib/armv7-m\libg_nano.a(lib_a-init.o)
 .text          0x00000000        0x0 c:/program files (x86)/cypress/psoc creator/4.4/psoc creator/import/gnu/arm/5.4.1/bin/../lib/gcc/arm-none-eabi/5.4.1/../../../../arm-none-eabi/lib/armv7-m\libg_nano.a(lib_a-memset.o)
 .data          0x00000000        0x0 c:/program files (x86)/cypress/psoc creator/4.4/psoc creator/import/gnu/arm/5.4.1/bin/../lib/gcc/arm-none-eabi/5.4.1/../../../../arm-none-eabi/lib/armv7-m\libg_nano.a(lib_a-memset.o)
 .bss           0x00000000        0x0 c:/program files (x86)/cypress/psoc creator/4.4/psoc creator/import/gnu/arm/5.4.1/bin/../lib/gcc/arm-none-eabi/5.4.1/../../../../arm-none-eabi/lib/armv7-m\libg_nano.a(lib_a-memset.o)
 .text          0x00000000        0x0 c:/program files (x86)/cypress/psoc creator/4.4/psoc creator/import/gnu/arm/5.4.1/bin/../lib/gcc/arm-none-eabi/5.4.1/../../../../arm-none-eabi/lib/armv7-m\libg_nano.a(lib_a-strcpy.o)
 .data          0x00000000        0x0 c:/program files (x86)/cypress/psoc creator/4.4/psoc creator/import/gnu/arm/5.4.1/bin/../lib/gcc/arm-none-eabi/5.4.1/../../../../arm-none-eabi/lib/armv7-m\libg_nano.a(lib_a-strcpy.o)
 .bss           0x00000000        0x0 c:/program files (x86)/cypress/psoc creator/4.4/psoc creator/import/gnu/arm/5.4.1/bin/../lib/gcc/arm-none-eabi/5.4.1/../../../../arm-none-eabi/lib/armv7-m\libg_nano.a(lib_a-strcpy.o)
 .text          0x00000000        0x0 c:/program files (x86)/cypress/psoc creator/4.4/psoc creator/import/gnu/arm/5.4.1/bin/../lib/gcc/arm-none-eabi/5.4.1/armv7-m/crtend.o
 .data          0x00000000        0x0 c:/program files (x86)/cypress/psoc creator/4.4/psoc creator/import/gnu/arm/5.4.1/bin/../lib/gcc/arm-none-eabi/5.4.1/armv7-m/crtend.o
 .bss           0x00000000        0x0 c:/program files (x86)/cypress/psoc creator/4.4/psoc creator/import/gnu/arm/5.4.1/bin/../lib/gcc/arm-none-eabi/5.4.1/armv7-m/crtend.o
 .text          0x00000000        0x0 c:/program files (x86)/cypress/psoc creator/4.4/psoc creator/import/gnu/arm/5.4.1/bin/../lib/gcc/arm-none-eabi/5.4.1/armv7-m/crtn.o
 .data          0x00000000        0x0 c:/program files (x86)/cypress/psoc creator/4.4/psoc creator/import/gnu/arm/5.4.1/bin/../lib/gcc/arm-none-eabi/5.4.1/armv7-m/crtn.o
 .bss           0x00000000        0x0 c:/program files (x86)/cypress/psoc creator/4.4/psoc creator/import/gnu/arm/5.4.1/bin/../lib/gcc/arm-none-eabi/5.4.1/armv7-m/crtn.o

Memory Configuration

Name             Origin             Length             Attributes
rom              0x00000000         0x00040000         xr
ram              0x1fff8000         0x00010000         xrw
*default*        0x00000000         0xffffffff

Linker script and memory map

LOAD c:/program files (x86)/cypress/psoc creator/4.4/psoc creator/import/gnu/arm/5.4.1/bin/../lib/gcc/arm-none-eabi/5.4.1/armv7-m/crti.o
LOAD c:/program files (x86)/cypress/psoc creator/4.4/psoc creator/import/gnu/arm/5.4.1/bin/../lib/gcc/arm-none-eabi/5.4.1/armv7-m/crtbegin.o
LOAD c:/program files (x86)/cypress/psoc creator/4.4/psoc creator/import/gnu/arm/5.4.1/bin/../lib/gcc/arm-none-eabi/5.4.1/../../../../arm-none-eabi/lib/armv7-m/crt0.o
START GROUP
LOAD .\CortexM3\ARM_GCC_541\Release\main.o
LOAD .\CortexM3\ARM_GCC_541\Release\cyfitter_cfg.o
LOAD .\CortexM3\ARM_GCC_541\Release\cymetadata.o
LOAD .\CortexM3\ARM_GCC_541\Release\Cm3Start.o
LOAD .\CortexM3\ARM_GCC_541\Release\Keyboard.a
LOAD C:\Program Files (x86)\Cypress\PSoC Creator\4.4\PSoC Creator\psoc\content\cycomponentlibrary\CyComponentLibrary.cylib\CortexM3\ARM_GCC_541\Release\CyComponentLibrary.a
END GROUP
START GROUP
LOAD c:/program files (x86)/cypress/psoc creator/4.4/psoc creator/import/gnu/arm/5.4.1/bin/../lib/gcc/arm-none-eabi/5.4.1/armv7-m\libgcc.a
LOAD c:/program files (x86)/cypress/psoc creator/4.4/psoc creator/import/gnu/arm/5.4.1/bin/../lib/gcc/arm-none-eabi/5.4.1/../../../../arm-none-eabi/lib/armv7-m\libg_nano.a
LOAD c:/program files (x86)/cypress/psoc creator/4.4/psoc creator/import/gnu/arm/5.4.1/bin/../lib/gcc/arm-none-eabi/5.4.1/../../../../arm-none-eabi/lib/armv7-m\libc_nano.a
END GROUP
START GROUP
LOAD c:/program files (x86)/cypress/psoc creator/4.4/psoc creator/import/gnu/arm/5.4.1/bin/../lib/gcc/arm-none-eabi/5.4.1/armv7-m\libgcc.a
LOAD c:/program files (x86)/cypress/psoc creator/4.4/psoc creator/import/gnu/arm/5.4.1/bin/../lib/gcc/arm-none-eabi/5.4.1/../../../../arm-none-eabi/lib/armv7-m\libc_nano.a
END GROUP
LOAD c:/program files (x86)/cypress/psoc creator/4.4/psoc creator/import/gnu/arm/5.4.1/bin/../lib/gcc/arm-none-eabi/5.4.1/armv7-m/crtend.o
LOAD c:/program files (x86)/cypress/psoc creator/4.4/psoc creator/import/gnu/arm/5.4.1/bin/../lib/gcc/arm-none-eabi/5.4.1/armv7-m/crtn.o
START GROUP
LOAD c:/program files (x86)/cypress/psoc creator/4.4/psoc creator/import/gnu/arm/5.4.1/bin/../lib/gcc/arm-none-eabi/5.4.1/armv7-m\libgcc.a
LOAD c:/program files (x86)/cypress/psoc creator/4.4/psoc creator/import/gnu/arm/5.4.1/bin/../lib/gcc/arm-none-eabi/5.4.1/../../../../arm-none-eabi/lib/armv7-m\libc.a
LOAD c:/program files (x86)/cypress/psoc creator/4.4/psoc creator/import/gnu/arm/5.4.1/bin/../lib/gcc/arm-none-eabi/5.4.1/../../../../arm-none-eabi/lib/armv7-m\libnosys.a
END GROUP
                0x00000000                CY_APPL_ORIGIN = 0x0
                0x00000100                CY_FLASH_ROW_SIZE = 0x100
                0x00000020                CY_ECC_ROW_SIZE = 0x20
                0x00000000                CY_EE_IN_BTLDR = 0x0
                0x00000000                CY_APPL_LOADABLE = 0x0
                0x00000800                CY_EE_SIZE = 0x800
                0x00000001                CY_APPL_NUM = 0x1
                0x00000001                CY_APPL_MAX = 0x1
                0x00000040                CY_METADATA_SIZE = 0x40
                0x00000000                CY_APPL_LOADABLE = 0x0
                0x00000000                CY_CHECKSUM_EXCLUDE_SIZE = ALIGN (0x0, CY_FLASH_ROW_SIZE)
                [!provide]                PROVIDE (__cy_heap_start, _end)
                0x00000001                PROVIDE (__cy_region_num, ((__cy_regions_end - __cy_regions) / 0x10))
                0x20008000                PROVIDE (__cy_stack, (ORIGIN (ram) + LENGTH (ram)))
                [!provide]                PROVIDE (__cy_heap_end, (__cy_stack - 0x800))

.cybootloader   0x00000000        0x0
 *(.cybootloader)
                0x00000000                appl1_start = CY_APPL_ORIGIN?CY_APPL_ORIGIN:ALIGN (CY_FLASH_ROW_SIZE)
                0x0001ff00                appl2_start = (appl1_start + ALIGN ((((LENGTH (rom) - appl1_start) - (0x2 * CY_FLASH_ROW_SIZE)) / 0x2), CY_FLASH_ROW_SIZE))
                0x00000000                appl_start = (CY_APPL_NUM == 0x1)?appl1_start:appl2_start
                0x00000000                ecc_offset = ((appl_start / CY_FLASH_ROW_SIZE) * CY_ECC_ROW_SIZE)
                0x00000000                ee_offset = (CY_APPL_LOADABLE && ! (CY_EE_IN_BTLDR))?((CY_EE_SIZE / CY_APPL_MAX) * (CY_APPL_NUM - 0x1)):0x0
                0x00000800                ee_size = (CY_APPL_LOADABLE && ! (CY_EE_IN_BTLDR))?(CY_EE_SIZE / CY_APPL_MAX):CY_EE_SIZE
                [!provide]                PROVIDE (CY_ECC_OFFSET, ecc_offset)

.text           0x00000000      0xaa0
 CREATE_OBJECT_SYMBOLS
                0x00000000                PROVIDE (__cy_interrupt_vector, RomVectors)
 *(.romvectors)
 .romvectors    0x00000000       0x10 .\CortexM3\ARM_GCC_541\Release\Cm3Start.o
                0x00000000                RomVectors
                0x00000001                ASSERT ((. != __cy_interrupt_vector), No interrupt vector)
                0x00000001                ASSERT (CY_APPL_ORIGIN?(SIZEOF (.cybootloader) <= CY_APPL_ORIGIN):0x1, Wrong image location)
                0x00000010                PROVIDE (__cy_reset, Reset)
 *(.text.Reset)
 .text.Reset    0x00000010       0x18 .\CortexM3\ARM_GCC_541\Release\Cm3Start.o
                0x00000010                Reset
                0x00000001                ASSERT ((. != __cy_reset), No reset code)
 *(.dma_init)
                0x00000001                ASSERT ((((appl_start + .) <= 0x10000) || 0x1), DMA Init must be within the first 64k of flash)
 *(.text .text.* .gnu.linkonce.t.*)
 .text          0x00000028       0x5c c:/program files (x86)/cypress/psoc creator/4.4/psoc creator/import/gnu/arm/5.4.1/bin/../lib/gcc/arm-none-eabi/5.4.1/armv7-m/crtbegin.o
 .text.INT_Cambio
                0x00000084       0x48 .\CortexM3\ARM_GCC_541\Release\main.o
                0x00000084                INT_Cambio
 .text.message  0x000000cc       0x18 .\CortexM3\ARM_GCC_541\Release\main.o
                0x000000cc                message
 .text.INT_KB   0x000000e4      0x274 .\CortexM3\ARM_GCC_541\Release\main.o
                0x000000e4                INT_KB
 .text.startup.main
                0x00000358       0x28 .\CortexM3\ARM_GCC_541\Release\main.o
                0x00000358                main
 .text.cyfitter_cfg
                0x00000380      0x1e8 .\CortexM3\ARM_GCC_541\Release\cyfitter_cfg.o
                0x00000380                cyfitter_cfg
 .text.IntDefaultHandler
                0x00000568       0x10 .\CortexM3\ARM_GCC_541\Release\Cm3Start.o
                0x00000568                IntDefaultHandler
 .text.Start_c  0x00000578       0x50 .\CortexM3\ARM_GCC_541\Release\Cm3Start.o
                0x00000578                Start_c
 .text.startup.initialize_psoc
                0x000005c8       0x68 .\CortexM3\ARM_GCC_541\Release\Cm3Start.o
                0x000005c8                initialize_psoc
 .text.Columns_Write
                0x00000630       0x18 .\CortexM3\ARM_GCC_541\Release\Keyboard.a(Columns.o)
                0x00000630                Columns_Write
 .text.Columns_Read
                0x00000648        0xc .\CortexM3\ARM_GCC_541\Release\Keyboard.a(Columns.o)
                0x00000648                Columns_Read
 .text.Rows_Read
                0x00000654        0xc .\CortexM3\ARM_GCC_541\Release\Keyboard.a(Rows.o)
                0x00000654                Rows_Read
 .text.Rows_ClearInterrupt
                0x00000660        0xc .\CortexM3\ARM_GCC_541\Release\Keyboard.a(Rows.o)
                0x00000660                Rows_ClearInterrupt
 .text.LCD_WrCntrlNib
                0x0000066c       0x34 .\CortexM3\ARM_GCC_541\Release\Keyboard.a(LCD.o)
 .text.LCD_WrDatNib
                0x000006a0       0x44 .\CortexM3\ARM_GCC_541\Release\Keyboard.a(LCD.o)
 .text.LCD_IsReady
                0x000006e4       0xe8 .\CortexM3\ARM_GCC_541\Release\Keyboard.a(LCD.o)
                0x000006e4                LCD_IsReady
 .text.LCD_WriteData
                0x000007cc       0x1a .\CortexM3\ARM_GCC_541\Release\Keyboard.a(LCD.o)
                0x000007cc                LCD_WriteData
 .text.LCD_PrintString
                0x000007e6       0x18 .\CortexM3\ARM_GCC_541\Release\Keyboard.a(LCD.o)
                0x000007e6                LCD_PrintString
 .text.LCD_PutChar
                0x000007fe        0x4 .\CortexM3\ARM_GCC_541\Release\Keyboard.a(LCD.o)
                0x000007fe                LCD_PutChar
 .text.LCD_WriteControl
                0x00000802       0x1a .\CortexM3\ARM_GCC_541\Release\Keyboard.a(LCD.o)
                0x00000802                LCD_WriteControl
 .text.LCD_Init
                0x0000081c       0x6c .\CortexM3\ARM_GCC_541\Release\Keyboard.a(LCD.o)
                0x0000081c                LCD_Init
 .text.LCD_Enable
                0x00000888       0x14 .\CortexM3\ARM_GCC_541\Release\Keyboard.a(LCD.o)
                0x00000888                LCD_Enable
 .text.LCD_Start
                0x0000089c       0x1c .\CortexM3\ARM_GCC_541\Release\Keyboard.a(LCD.o)
                0x0000089c                LCD_Start
 .text.LCD_Position
                0x000008b8       0x2a .\CortexM3\ARM_GCC_541\Release\Keyboard.a(LCD.o)
                0x000008b8                LCD_Position
 *fill*         0x000008e2        0x2 
 .text.CyDelay  0x000008e4       0x2c .\CortexM3\ARM_GCC_541\Release\Keyboard.a(CyLib.o)
                0x000008e4                CyDelay
 .text.CyDelayUs
                0x00000910       0x10 .\CortexM3\ARM_GCC_541\Release\Keyboard.a(CyLib.o)
                0x00000910                CyDelayUs
 .text.isr_Start_StartEx
                0x00000920       0x24 .\CortexM3\ARM_GCC_541\Release\Keyboard.a(isr_Start.o)
                0x00000920                isr_Start_StartEx
 .text.Timer_Init
                0x00000944       0x60 .\CortexM3\ARM_GCC_541\Release\Keyboard.a(Timer.o)
                0x00000944                Timer_Init
 .text.Timer_Enable
                0x000009a4       0x24 .\CortexM3\ARM_GCC_541\Release\Keyboard.a(Timer.o)
                0x000009a4                Timer_Enable
 .text.Timer_Start
                0x000009c8       0x1c .\CortexM3\ARM_GCC_541\Release\Keyboard.a(Timer.o)
                0x000009c8                Timer_Start
 .text.isr_Cambio_StartEx
                0x000009e4       0x24 .\CortexM3\ARM_GCC_541\Release\Keyboard.a(isr_Cambio.o)
                0x000009e4                isr_Cambio_StartEx
 .text          0x00000a08       0x20 .\CortexM3\ARM_GCC_541\Release\Keyboard.a(CyBootAsmGnu.o)
                0x00000a08                CyDelayCycles
                0x00000a18                CyEnterCriticalSection
                0x00000a20                CyExitCriticalSection
 .text.__errno  0x00000a28        0xc c:/program files (x86)/cypress/psoc creator/4.4/psoc creator/import/gnu/arm/5.4.1/bin/../lib/gcc/arm-none-eabi/5.4.1/../../../../arm-none-eabi/lib/armv7-m\libg_nano.a(lib_a-errno.o)
                0x00000a28                __errno
 .text.__libc_init_array
                0x00000a34       0x4c c:/program files (x86)/cypress/psoc creator/4.4/psoc creator/import/gnu/arm/5.4.1/bin/../lib/gcc/arm-none-eabi/5.4.1/../../../../arm-none-eabi/lib/armv7-m\libg_nano.a(lib_a-init.o)
                0x00000a34                __libc_init_array
 .text.memset   0x00000a80       0x10 c:/program files (x86)/cypress/psoc creator/4.4/psoc creator/import/gnu/arm/5.4.1/bin/../lib/gcc/arm-none-eabi/5.4.1/../../../../arm-none-eabi/lib/armv7-m\libg_nano.a(lib_a-memset.o)
                0x00000a80                memset
 .text.strcpy   0x00000a90       0x10 c:/program files (x86)/cypress/psoc creator/4.4/psoc creator/import/gnu/arm/5.4.1/bin/../lib/gcc/arm-none-eabi/5.4.1/../../../../arm-none-eabi/lib/armv7-m\libg_nano.a(lib_a-strcpy.o)
                0x00000a90                strcpy
 *(.plt)
 *(.gnu.warning)
 *(.glue_7t)
 .glue_7t       0x00000aa0        0x0 linker stubs
 *(.glue_7)
 .glue_7        0x00000aa0        0x0 linker stubs
 *(.vfp11_veneer)
 .vfp11_veneer  0x00000aa0        0x0 linker stubs
 *(.bootloader)
 *(.ARM.extab* .gnu.linkonce.armextab.*)
 *(.gcc_except_table)

.v4_bx          0x00000aa0        0x0
 .v4_bx         0x00000aa0        0x0 linker stubs

.iplt           0x00000aa0        0x0
 .iplt          0x00000aa0        0x0 c:/program files (x86)/cypress/psoc creator/4.4/psoc creator/import/gnu/arm/5.4.1/bin/../lib/gcc/arm-none-eabi/5.4.1/armv7-m/crtbegin.o

.eh_frame_hdr
 *(.eh_frame_hdr)

.eh_frame       0x00000aa0        0x4
 *(.eh_frame)
 .eh_frame      0x00000aa0        0x0 c:/program files (x86)/cypress/psoc creator/4.4/psoc creator/import/gnu/arm/5.4.1/bin/../lib/gcc/arm-none-eabi/5.4.1/armv7-m/crtbegin.o
 .eh_frame      0x00000aa0        0x4 c:/program files (x86)/cypress/psoc creator/4.4/psoc creator/import/gnu/arm/5.4.1/bin/../lib/gcc/arm-none-eabi/5.4.1/armv7-m/crtend.o
                [!provide]                PROVIDE (__exidx_start, .)

.ARM.exidx
 *(.ARM.exidx* .gnu.linkonce.armexidx.*)
                0x00000aa4                __exidx_end = .

.rodata         0x00000aa4       0x7c
 *(.rodata .rodata.* .gnu.linkonce.r.*)
 .rodata.str1.1
                0x00000aa4        0x8 .\CortexM3\ARM_GCC_541\Release\main.o
                                  0x9 (size before relaxing)
 .rodata        0x00000aac       0x3c .\CortexM3\ARM_GCC_541\Release\cyfitter_cfg.o
 .rodata.str1.1
                0x00000ae8        0x2 c:/program files (x86)/cypress/psoc creator/4.4/psoc creator/import/gnu/arm/5.4.1/bin/../lib/gcc/arm-none-eabi/5.4.1/../../../../arm-none-eabi/lib/armv7-m\libg_nano.a(lib_a-impure.o)
                0x00000aec                . = ALIGN (0x4)
 *fill*         0x00000aea        0x2 
 *(.init)
 .init          0x00000aec        0x4 c:/program files (x86)/cypress/psoc creator/4.4/psoc creator/import/gnu/arm/5.4.1/bin/../lib/gcc/arm-none-eabi/5.4.1/armv7-m/crti.o
                0x00000aec                _init
 .init          0x00000af0        0x8 c:/program files (x86)/cypress/psoc creator/4.4/psoc creator/import/gnu/arm/5.4.1/bin/../lib/gcc/arm-none-eabi/5.4.1/armv7-m/crtn.o
                0x00000af8                . = ALIGN (0x4)
                0x00000af8                __preinit_array_start = .
 *(.preinit_array)
                0x00000af8                __preinit_array_end = .
                0x00000af8                . = ALIGN (0x4)
                0x00000af8                __init_array_start = .
 *(SORT(.init_array.*))
 *(.init_array)
 .init_array    0x00000af8        0x4 c:/program files (x86)/cypress/psoc creator/4.4/psoc creator/import/gnu/arm/5.4.1/bin/../lib/gcc/arm-none-eabi/5.4.1/armv7-m/crtbegin.o
 .init_array    0x00000afc        0x4 .\CortexM3\ARM_GCC_541\Release\Cm3Start.o
                0x00000b00                __init_array_end = .
                0x00000b00                . = ALIGN (0x4)
 *(.fini)
 .fini          0x00000b00        0x4 c:/program files (x86)/cypress/psoc creator/4.4/psoc creator/import/gnu/arm/5.4.1/bin/../lib/gcc/arm-none-eabi/5.4.1/armv7-m/crti.o
                0x00000b00                _fini
 .fini          0x00000b04        0x8 c:/program files (x86)/cypress/psoc creator/4.4/psoc creator/import/gnu/arm/5.4.1/bin/../lib/gcc/arm-none-eabi/5.4.1/armv7-m/crtn.o
                0x00000b0c                . = ALIGN (0x4)
                0x00000b0c                __fini_array_start = .
 *(.fini_array)
 .fini_array    0x00000b0c        0x4 c:/program files (x86)/cypress/psoc creator/4.4/psoc creator/import/gnu/arm/5.4.1/bin/../lib/gcc/arm-none-eabi/5.4.1/armv7-m/crtbegin.o
 *(SORT(.fini_array.*))
                0x00000b10                __fini_array_end = .
                0x00000b10                . = ALIGN (0x4)
 *crtbegin.o(.ctors)
 *(EXCLUDE_FILE(*crtend.o) .ctors)
 *(SORT(.ctors.*))
 *crtend.o(.ctors)
                0x00000b10                . = ALIGN (0x4)
 *crtbegin.o(.dtors)
 *(EXCLUDE_FILE(*crtend.o) .dtors)
 *(SORT(.dtors.*))
 *crtend.o(.dtors)
                0x00000b10                . = ALIGN (0x4)
                0x00000b10                __cy_regions = .
                0x00000b10        0x4 LONG 0xb20 __cy_region_init_ram
                0x00000b14        0x4 LONG 0x1fff80c8 __cy_region_start_data
                0x00000b18        0x4 LONG 0x78 __cy_region_init_size_ram
                0x00000b1c        0x4 LONG 0x38 __cy_region_zero_size_ram
                0x00000b20                __cy_regions_end = .
                0x00000b20                . = ALIGN (0x8)
                0x00000b20                _etext = .

.cy_checksum_exclude
                0x00000b20        0x0
 *(.cy_checksum_exclude)

.ramvectors     0x1fff8000       0xc0
                0x1fff8000                __cy_region_start_ram = .
 *(.ramvectors)
 .ramvectors    0x1fff8000       0xc0 .\CortexM3\ARM_GCC_541\Release\Cm3Start.o
                0x1fff8000                CyRamVectors

.noinit         0x1fff80c0        0x1
 *(.noinit)
 .noinit        0x1fff80c0        0x1 .\CortexM3\ARM_GCC_541\Release\Keyboard.a(CyLib.o)
                0x1fff80c0                CyResetStatus

.data           0x1fff80c8       0x78 load address 0x00000b20
                0x1fff80c8                __cy_region_start_data = .
 *(.jcr)
 .jcr           0x1fff80c8        0x0 c:/program files (x86)/cypress/psoc creator/4.4/psoc creator/import/gnu/arm/5.4.1/bin/../lib/gcc/arm-none-eabi/5.4.1/armv7-m/crtbegin.o
 .jcr           0x1fff80c8        0x4 c:/program files (x86)/cypress/psoc creator/4.4/psoc creator/import/gnu/arm/5.4.1/bin/../lib/gcc/arm-none-eabi/5.4.1/armv7-m/crtend.o
 *(.got.plt)
 *(.got)
 *(.shdata)
 *(.data .data.* .gnu.linkonce.d.*)
 .data          0x1fff80cc       0x10 .\CortexM3\ARM_GCC_541\Release\Keyboard.a(CyLib.o)
                0x1fff80cc                cydelay_32k_ms
                0x1fff80d0                cydelay_freq_khz
                0x1fff80d4                cydelay_freq_mhz
                0x1fff80d8                cydelay_freq_hz
 .data.impure_data
                0x1fff80dc       0x60 c:/program files (x86)/cypress/psoc creator/4.4/psoc creator/import/gnu/arm/5.4.1/bin/../lib/gcc/arm-none-eabi/5.4.1/../../../../arm-none-eabi/lib/armv7-m\libg_nano.a(lib_a-impure.o)
 .data._impure_ptr
                0x1fff813c        0x4 c:/program files (x86)/cypress/psoc creator/4.4/psoc creator/import/gnu/arm/5.4.1/bin/../lib/gcc/arm-none-eabi/5.4.1/../../../../arm-none-eabi/lib/armv7-m\libg_nano.a(lib_a-impure.o)
                0x1fff813c                _impure_ptr
                0x1fff8140                . = ALIGN (0x8)
 *(.ram)
                0x1fff8140                _edata = .

.igot.plt       0x1fff8140        0x0 load address 0x00000b98
 .igot.plt      0x1fff8140        0x0 c:/program files (x86)/cypress/psoc creator/4.4/psoc creator/import/gnu/arm/5.4.1/bin/../lib/gcc/arm-none-eabi/5.4.1/armv7-m/crtbegin.o

.bss            0x1fff8140       0x38 load address 0x00000b98
                0x1fff8140                PROVIDE (__bss_start__, .)
 *(.shbss)
 *(.bss .bss.* .gnu.linkonce.b.*)
 .bss           0x1fff8140       0x1c c:/program files (x86)/cypress/psoc creator/4.4/psoc creator/import/gnu/arm/5.4.1/bin/../lib/gcc/arm-none-eabi/5.4.1/armv7-m/crtbegin.o
 .bss           0x1fff815c        0x2 .\CortexM3\ARM_GCC_541\Release\main.o
                0x1fff815c                contador
                0x1fff815d                p
 .bss           0x1fff815e        0x2 .\CortexM3\ARM_GCC_541\Release\Keyboard.a(LCD.o)
                0x1fff815e                LCD_enableState
                0x1fff815f                LCD_initVar
 .bss           0x1fff8160        0x1 .\CortexM3\ARM_GCC_541\Release\Keyboard.a(Timer.o)
                0x1fff8160                Timer_initVar
 *(COMMON)
 COMMON         0x1fff8161       0x12 .\CortexM3\ARM_GCC_541\Release\main.o
                0x1fff8161                key
                0x1fff8162                str
                0x1fff8172                row
                0x1fff8178                . = ALIGN (0x8)
 *fill*         0x1fff8173        0x5 
 *(.ram.b)
                0x1fff8178                _end = .
                0x1fff8178                __end = .
                0x1fff8178                PROVIDE (end, .)
                0x1fff8178                PROVIDE (__bss_end__, .)
                0x00000b20                __cy_region_init_ram = LOADADDR (.data)
                0x00000078                __cy_region_init_size_ram = (_edata - ADDR (.data))
                0x00000038                __cy_region_zero_size_ram = (_end - _edata)

.heap           0x1fff8178       0x80 load address 0x00000b98
                0x1fff8178                . = _end
                0x1fff81f8                . = (. + 0x80)
 *fill*         0x1fff8178       0x80 
                0x1fff81f8                __cy_heap_limit = .

.stack          0x20007800      0x800
                0x20007800                __cy_stack_limit = .
                0x20008000                . = (. + 0x800)
 *fill*         0x20007800      0x800 
                0x00000001                ASSERT ((__cy_stack_limit >= __cy_heap_limit), region RAM overflowed with stack)
                0x00000000                cy_checksum_exclude_size = (CY_APPL_LOADABLE == 0x1)?SIZEOF (.cy_checksum_exclude):0x0
                0x00000001                ASSERT ((cy_checksum_exclude_size <= CY_CHECKSUM_EXCLUDE_SIZE), CY_BOOT: Section .cy_checksum_exclude size exceedes specified limit.)

.cyloadermeta
 *(.cyloadermeta)

.cyloadablemeta
 *(.cyloadablemeta)

.cyconfigecc    0x80000000       0x78
 *(.cyconfigecc)
 .cyconfigecc   0x80000000       0x78 .\CortexM3\ARM_GCC_541\Release\cymetadata.o
                0x80000000                cy_meta_configecc

.cycustnvl      0x90000000        0x4
 *(.cycustnvl)
 .cycustnvl     0x90000000        0x4 .\CortexM3\ARM_GCC_541\Release\cymetadata.o
                0x90000000                cy_meta_custnvl

.cywolatch      0x90100000        0x4
 *(.cywolatch)
 .cywolatch     0x90100000        0x4 .\CortexM3\ARM_GCC_541\Release\cymetadata.o
                0x90100000                cy_meta_wonvl

.cyeeprom       0x90200000        0x0
 *(.cyeeprom)
                0x00000001                ASSERT ((. <= ((0x90200000 + ee_offset) + ee_size)), .cyeeprom data will not fit in EEPROM)

.cyflashprotect
                0x90400000      0x100
 *(.cyflashprotect)
 .cyflashprotect
                0x90400000      0x100 .\CortexM3\ARM_GCC_541\Release\cymetadata.o
                0x90400000                cy_meta_flashprotect

.cymeta         0x90500000        0xc
 *(.cymeta)
 .cymeta        0x90500000        0xc .\CortexM3\ARM_GCC_541\Release\cymetadata.o
                0x90500000                cy_metadata

.rel.dyn        0x00000b98        0x0 load address 0x9050000c
 .rel.iplt      0x00000b98        0x0 c:/program files (x86)/cypress/psoc creator/4.4/psoc creator/import/gnu/arm/5.4.1/bin/../lib/gcc/arm-none-eabi/5.4.1/armv7-m/crtbegin.o

.stab
 *(.stab)

.stabstr
 *(.stabstr)

.debug
 *(.debug)

.line
 *(.line)

.debug_srcinfo
 *(.debug_srcinfo)

.debug_sfnames
 *(.debug_sfnames)

.debug_aranges  0x00000000      0x790
 *(.debug_aranges)
 .debug_aranges
                0x00000000       0x38 .\CortexM3\ARM_GCC_541\Release\main.o
 .debug_aranges
                0x00000038       0x28 .\CortexM3\ARM_GCC_541\Release\cyfitter_cfg.o
 .debug_aranges
                0x00000060       0x18 .\CortexM3\ARM_GCC_541\Release\cymetadata.o
 .debug_aranges
                0x00000078       0x48 .\CortexM3\ARM_GCC_541\Release\Cm3Start.o
 .debug_aranges
                0x000000c0       0x38 .\CortexM3\ARM_GCC_541\Release\Keyboard.a(Columns.o)
 .debug_aranges
                0x000000f8       0x48 .\CortexM3\ARM_GCC_541\Release\Keyboard.a(Rows.o)
 .debug_aranges
                0x00000140       0x98 .\CortexM3\ARM_GCC_541\Release\Keyboard.a(LCD.o)
 .debug_aranges
                0x000001d8      0x298 .\CortexM3\ARM_GCC_541\Release\Keyboard.a(CyLib.o)
 .debug_aranges
                0x00000470       0x78 .\CortexM3\ARM_GCC_541\Release\Keyboard.a(cyPm.o)
 .debug_aranges
                0x000004e8       0x80 .\CortexM3\ARM_GCC_541\Release\Keyboard.a(isr_Start.o)
 .debug_aranges
                0x00000568       0x88 .\CortexM3\ARM_GCC_541\Release\Keyboard.a(Timer.o)
 .debug_aranges
                0x000005f0       0x80 .\CortexM3\ARM_GCC_541\Release\Keyboard.a(isr_Cambio.o)
 .debug_aranges
                0x00000670       0x20 .\CortexM3\ARM_GCC_541\Release\Keyboard.a(CyBootAsmGnu.o)
 .debug_aranges
                0x00000690       0x80 .\CortexM3\ARM_GCC_541\Release\Keyboard.a(CyFlash.o)
 .debug_aranges
                0x00000710       0x80 .\CortexM3\ARM_GCC_541\Release\Keyboard.a(CySpc.o)

.debug_pubnames
 *(.debug_pubnames)

.debug_info     0x00000000     0x4d3b
 *(.debug_info .gnu.linkonce.wi.*)
 .debug_info    0x00000000      0x5c9 .\CortexM3\ARM_GCC_541\Release\main.o
 .debug_info    0x000005c9      0x595 .\CortexM3\ARM_GCC_541\Release\cyfitter_cfg.o
 .debug_info    0x00000b5e      0x134 .\CortexM3\ARM_GCC_541\Release\cymetadata.o
 .debug_info    0x00000c92      0x3b7 .\CortexM3\ARM_GCC_541\Release\Cm3Start.o
 .debug_info    0x00001049      0x121 .\CortexM3\ARM_GCC_541\Release\Keyboard.a(Columns.o)
 .debug_info    0x0000116a      0x174 .\CortexM3\ARM_GCC_541\Release\Keyboard.a(Rows.o)
 .debug_info    0x000012de      0x707 .\CortexM3\ARM_GCC_541\Release\Keyboard.a(LCD.o)
 .debug_info    0x000019e5     0x1343 .\CortexM3\ARM_GCC_541\Release\Keyboard.a(CyLib.o)
 .debug_info    0x00002d28      0x97e .\CortexM3\ARM_GCC_541\Release\Keyboard.a(cyPm.o)
 .debug_info    0x000036a6      0x385 .\CortexM3\ARM_GCC_541\Release\Keyboard.a(isr_Start.o)
 .debug_info    0x00003a2b      0x2f4 .\CortexM3\ARM_GCC_541\Release\Keyboard.a(Timer.o)
 .debug_info    0x00003d1f      0x385 .\CortexM3\ARM_GCC_541\Release\Keyboard.a(isr_Cambio.o)
 .debug_info    0x000040a4       0x87 .\CortexM3\ARM_GCC_541\Release\Keyboard.a(CyBootAsmGnu.o)
 .debug_info    0x0000412b      0x6c0 .\CortexM3\ARM_GCC_541\Release\Keyboard.a(CyFlash.o)
 .debug_info    0x000047eb      0x550 .\CortexM3\ARM_GCC_541\Release\Keyboard.a(CySpc.o)

.debug_abbrev   0x00000000     0x17f3
 *(.debug_abbrev)
 .debug_abbrev  0x00000000      0x157 .\CortexM3\ARM_GCC_541\Release\main.o
 .debug_abbrev  0x00000157      0x252 .\CortexM3\ARM_GCC_541\Release\cyfitter_cfg.o
 .debug_abbrev  0x000003a9       0x5d .\CortexM3\ARM_GCC_541\Release\cymetadata.o
 .debug_abbrev  0x00000406      0x1f4 .\CortexM3\ARM_GCC_541\Release\Cm3Start.o
 .debug_abbrev  0x000005fa       0x90 .\CortexM3\ARM_GCC_541\Release\Keyboard.a(Columns.o)
 .debug_abbrev  0x0000068a       0x9f .\CortexM3\ARM_GCC_541\Release\Keyboard.a(Rows.o)
 .debug_abbrev  0x00000729      0x1d5 .\CortexM3\ARM_GCC_541\Release\Keyboard.a(LCD.o)
 .debug_abbrev  0x000008fe      0x390 .\CortexM3\ARM_GCC_541\Release\Keyboard.a(CyLib.o)
 .debug_abbrev  0x00000c8e      0x1d5 .\CortexM3\ARM_GCC_541\Release\Keyboard.a(cyPm.o)
 .debug_abbrev  0x00000e63      0x212 .\CortexM3\ARM_GCC_541\Release\Keyboard.a(isr_Start.o)
 .debug_abbrev  0x00001075      0x181 .\CortexM3\ARM_GCC_541\Release\Keyboard.a(Timer.o)
 .debug_abbrev  0x000011f6      0x212 .\CortexM3\ARM_GCC_541\Release\Keyboard.a(isr_Cambio.o)
 .debug_abbrev  0x00001408       0x14 .\CortexM3\ARM_GCC_541\Release\Keyboard.a(CyBootAsmGnu.o)
 .debug_abbrev  0x0000141c      0x235 .\CortexM3\ARM_GCC_541\Release\Keyboard.a(CyFlash.o)
 .debug_abbrev  0x00001651      0x1a2 .\CortexM3\ARM_GCC_541\Release\Keyboard.a(CySpc.o)

.debug_line     0x00000000     0x1ff5
 *(.debug_line)
 .debug_line    0x00000000      0x2de .\CortexM3\ARM_GCC_541\Release\main.o
 .debug_line    0x000002de      0x1bd .\CortexM3\ARM_GCC_541\Release\cyfitter_cfg.o
 .debug_line    0x0000049b      0x141 .\CortexM3\ARM_GCC_541\Release\cymetadata.o
 .debug_line    0x000005dc      0x21f .\CortexM3\ARM_GCC_541\Release\Cm3Start.o
 .debug_line    0x000007fb       0x97 .\CortexM3\ARM_GCC_541\Release\Keyboard.a(Columns.o)
 .debug_line    0x00000892       0xbe .\CortexM3\ARM_GCC_541\Release\Keyboard.a(Rows.o)
 .debug_line    0x00000950      0x226 .\CortexM3\ARM_GCC_541\Release\Keyboard.a(LCD.o)
 .debug_line    0x00000b76      0x7fc .\CortexM3\ARM_GCC_541\Release\Keyboard.a(CyLib.o)
 .debug_line    0x00001372      0x3be .\CortexM3\ARM_GCC_541\Release\Keyboard.a(cyPm.o)
 .debug_line    0x00001730      0x159 .\CortexM3\ARM_GCC_541\Release\Keyboard.a(isr_Start.o)
 .debug_line    0x00001889      0x15c .\CortexM3\ARM_GCC_541\Release\Keyboard.a(Timer.o)
 .debug_line    0x000019e5      0x15a .\CortexM3\ARM_GCC_541\Release\Keyboard.a(isr_Cambio.o)
 .debug_line    0x00001b3f       0x66 .\CortexM3\ARM_GCC_541\Release\Keyboard.a(CyBootAsmGnu.o)
 .debug_line    0x00001ba5      0x204 .\CortexM3\ARM_GCC_541\Release\Keyboard.a(CyFlash.o)
 .debug_line    0x00001da9      0x24c .\CortexM3\ARM_GCC_541\Release\Keyboard.a(CySpc.o)

.debug_frame    0x00000000     0x139c
 *(.debug_frame)
 .debug_frame   0x00000000       0x94 .\CortexM3\ARM_GCC_541\Release\main.o
 .debug_frame   0x00000094       0x48 .\CortexM3\ARM_GCC_541\Release\cyfitter_cfg.o
 .debug_frame   0x000000dc       0xb8 .\CortexM3\ARM_GCC_541\Release\Cm3Start.o
 .debug_frame   0x00000194       0x50 .\CortexM3\ARM_GCC_541\Release\Keyboard.a(Columns.o)
 .debug_frame   0x000001e4       0x70 .\CortexM3\ARM_GCC_541\Release\Keyboard.a(Rows.o)
 .debug_frame   0x00000254      0x200 .\CortexM3\ARM_GCC_541\Release\Keyboard.a(LCD.o)
 .debug_frame   0x00000454      0x6f8 .\CortexM3\ARM_GCC_541\Release\Keyboard.a(CyLib.o)
 .debug_frame   0x00000b4c      0x1c8 .\CortexM3\ARM_GCC_541\Release\Keyboard.a(cyPm.o)
 .debug_frame   0x00000d14       0xe0 .\CortexM3\ARM_GCC_541\Release\Keyboard.a(isr_Start.o)
 .debug_frame   0x00000df4      0x100 .\CortexM3\ARM_GCC_541\Release\Keyboard.a(Timer.o)
 .debug_frame   0x00000ef4       0xe0 .\CortexM3\ARM_GCC_541\Release\Keyboard.a(isr_Cambio.o)
 .debug_frame   0x00000fd4      0x184 .\CortexM3\ARM_GCC_541\Release\Keyboard.a(CyFlash.o)
 .debug_frame   0x00001158      0x190 .\CortexM3\ARM_GCC_541\Release\Keyboard.a(CySpc.o)
 .debug_frame   0x000012e8       0x20 c:/program files (x86)/cypress/psoc creator/4.4/psoc creator/import/gnu/arm/5.4.1/bin/../lib/gcc/arm-none-eabi/5.4.1/../../../../arm-none-eabi/lib/armv7-m\libg_nano.a(lib_a-errno.o)
 .debug_frame   0x00001308       0x28 c:/program files (x86)/cypress/psoc creator/4.4/psoc creator/import/gnu/arm/5.4.1/bin/../lib/gcc/arm-none-eabi/5.4.1/../../../../arm-none-eabi/lib/armv7-m\libg_nano.a(lib_a-exit.o)
 .debug_frame   0x00001330       0x2c c:/program files (x86)/cypress/psoc creator/4.4/psoc creator/import/gnu/arm/5.4.1/bin/../lib/gcc/arm-none-eabi/5.4.1/../../../../arm-none-eabi/lib/armv7-m\libg_nano.a(lib_a-init.o)
 .debug_frame   0x0000135c       0x20 c:/program files (x86)/cypress/psoc creator/4.4/psoc creator/import/gnu/arm/5.4.1/bin/../lib/gcc/arm-none-eabi/5.4.1/../../../../arm-none-eabi/lib/armv7-m\libg_nano.a(lib_a-memset.o)
 .debug_frame   0x0000137c       0x20 c:/program files (x86)/cypress/psoc creator/4.4/psoc creator/import/gnu/arm/5.4.1/bin/../lib/gcc/arm-none-eabi/5.4.1/../../../../arm-none-eabi/lib/armv7-m\libg_nano.a(lib_a-strcpy.o)

.debug_str      0x00000000     0x1924
 *(.debug_str)
 .debug_str     0x00000000      0x23b .\CortexM3\ARM_GCC_541\Release\main.o
                                0x283 (size before relaxing)
 .debug_str     0x0000023b      0x1af .\CortexM3\ARM_GCC_541\Release\cyfitter_cfg.o
                                0x334 (size before relaxing)
 .debug_str     0x000003ea       0x7f .\CortexM3\ARM_GCC_541\Release\cymetadata.o
                                0x1db (size before relaxing)
 .debug_str     0x00000469      0x144 .\CortexM3\ARM_GCC_541\Release\Cm3Start.o
                                0x301 (size before relaxing)
 .debug_str     0x000005ad       0x5a .\CortexM3\ARM_GCC_541\Release\Keyboard.a(Columns.o)
                                0x1e3 (size before relaxing)
 .debug_str     0x00000607       0x6b .\CortexM3\ARM_GCC_541\Release\Keyboard.a(Rows.o)
                                0x20e (size before relaxing)
 .debug_str     0x00000672      0x13d .\CortexM3\ARM_GCC_541\Release\Keyboard.a(LCD.o)
                                0x322 (size before relaxing)
 .debug_str     0x000007af      0x82e .\CortexM3\ARM_GCC_541\Release\Keyboard.a(CyLib.o)
                                0xa3e (size before relaxing)
 .debug_str     0x00000fdd      0x365 .\CortexM3\ARM_GCC_541\Release\Keyboard.a(cyPm.o)
                                0x723 (size before relaxing)
 .debug_str     0x00001342      0x10c .\CortexM3\ARM_GCC_541\Release\Keyboard.a(isr_Start.o)
                                0x2d5 (size before relaxing)
 .debug_str     0x0000144e      0x156 .\CortexM3\ARM_GCC_541\Release\Keyboard.a(Timer.o)
                                0x2ec (size before relaxing)
 .debug_str     0x000015a4      0x119 .\CortexM3\ARM_GCC_541\Release\Keyboard.a(isr_Cambio.o)
                                0x2e3 (size before relaxing)
 .debug_str     0x000016bd      0x1bb .\CortexM3\ARM_GCC_541\Release\Keyboard.a(CyFlash.o)
                                0x3b0 (size before relaxing)
 .debug_str     0x00001878       0xac .\CortexM3\ARM_GCC_541\Release\Keyboard.a(CySpc.o)
                                0x32f (size before relaxing)

.debug_loc      0x00000000     0x2303
 *(.debug_loc)
 .debug_loc     0x00000000       0x1f .\CortexM3\ARM_GCC_541\Release\main.o
 .debug_loc     0x0000001f      0x303 .\CortexM3\ARM_GCC_541\Release\cyfitter_cfg.o
 .debug_loc     0x00000322      0x1af .\CortexM3\ARM_GCC_541\Release\Cm3Start.o
 .debug_loc     0x000004d1       0x59 .\CortexM3\ARM_GCC_541\Release\Keyboard.a(Columns.o)
 .debug_loc     0x0000052a       0x7a .\CortexM3\ARM_GCC_541\Release\Keyboard.a(Rows.o)
 .debug_loc     0x000005a4      0x3f7 .\CortexM3\ARM_GCC_541\Release\Keyboard.a(LCD.o)
 .debug_loc     0x0000099b      0xa20 .\CortexM3\ARM_GCC_541\Release\Keyboard.a(CyLib.o)
 .debug_loc     0x000013bb      0x1d6 .\CortexM3\ARM_GCC_541\Release\Keyboard.a(cyPm.o)
 .debug_loc     0x00001591       0xf3 .\CortexM3\ARM_GCC_541\Release\Keyboard.a(isr_Start.o)
 .debug_loc     0x00001684       0x3c .\CortexM3\ARM_GCC_541\Release\Keyboard.a(Timer.o)
 .debug_loc     0x000016c0       0xf3 .\CortexM3\ARM_GCC_541\Release\Keyboard.a(isr_Cambio.o)
 .debug_loc     0x000017b3      0x4b7 .\CortexM3\ARM_GCC_541\Release\Keyboard.a(CyFlash.o)
 .debug_loc     0x00001c6a      0x699 .\CortexM3\ARM_GCC_541\Release\Keyboard.a(CySpc.o)

.debug_macinfo
 *(.debug_macinfo)

.debug_ranges   0x00000000      0x880
 *(.debug_ranges)
 .debug_ranges  0x00000000       0x28 .\CortexM3\ARM_GCC_541\Release\main.o
 .debug_ranges  0x00000028       0xf8 .\CortexM3\ARM_GCC_541\Release\cyfitter_cfg.o
 .debug_ranges  0x00000120       0x50 .\CortexM3\ARM_GCC_541\Release\Cm3Start.o
 .debug_ranges  0x00000170       0x28 .\CortexM3\ARM_GCC_541\Release\Keyboard.a(Columns.o)
 .debug_ranges  0x00000198       0x38 .\CortexM3\ARM_GCC_541\Release\Keyboard.a(Rows.o)
 .debug_ranges  0x000001d0       0xb8 .\CortexM3\ARM_GCC_541\Release\Keyboard.a(LCD.o)
 .debug_ranges  0x00000288      0x2b8 .\CortexM3\ARM_GCC_541\Release\Keyboard.a(CyLib.o)
 .debug_ranges  0x00000540       0x90 .\CortexM3\ARM_GCC_541\Release\Keyboard.a(cyPm.o)
 .debug_ranges  0x000005d0       0xa0 .\CortexM3\ARM_GCC_541\Release\Keyboard.a(isr_Start.o)
 .debug_ranges  0x00000670       0x78 .\CortexM3\ARM_GCC_541\Release\Keyboard.a(Timer.o)
 .debug_ranges  0x000006e8       0xa0 .\CortexM3\ARM_GCC_541\Release\Keyboard.a(isr_Cambio.o)
 .debug_ranges  0x00000788       0x88 .\CortexM3\ARM_GCC_541\Release\Keyboard.a(CyFlash.o)
 .debug_ranges  0x00000810       0x70 .\CortexM3\ARM_GCC_541\Release\Keyboard.a(CySpc.o)

.comment        0x00000000       0x6e
 .comment       0x00000000       0x6e .\CortexM3\ARM_GCC_541\Release\main.o
                                 0x6f (size before relaxing)
 .comment       0x0000006e       0x6f .\CortexM3\ARM_GCC_541\Release\cyfitter_cfg.o
 .comment       0x0000006e       0x6f .\CortexM3\ARM_GCC_541\Release\cymetadata.o
 .comment       0x0000006e       0x6f .\CortexM3\ARM_GCC_541\Release\Cm3Start.o
 .comment       0x0000006e       0x6f .\CortexM3\ARM_GCC_541\Release\Keyboard.a(Columns.o)
 .comment       0x0000006e       0x6f .\CortexM3\ARM_GCC_541\Release\Keyboard.a(Rows.o)
 .comment       0x0000006e       0x6f .\CortexM3\ARM_GCC_541\Release\Keyboard.a(LCD.o)
 .comment       0x0000006e       0x6f .\CortexM3\ARM_GCC_541\Release\Keyboard.a(CyLib.o)
 .comment       0x0000006e       0x6f .\CortexM3\ARM_GCC_541\Release\Keyboard.a(cyPm.o)
 .comment       0x0000006e       0x6f .\CortexM3\ARM_GCC_541\Release\Keyboard.a(isr_Start.o)
 .comment       0x0000006e       0x6f .\CortexM3\ARM_GCC_541\Release\Keyboard.a(Timer.o)
 .comment       0x0000006e       0x6f .\CortexM3\ARM_GCC_541\Release\Keyboard.a(isr_Cambio.o)
 .comment       0x0000006e       0x6f .\CortexM3\ARM_GCC_541\Release\Keyboard.a(CyFlash.o)
 .comment       0x0000006e       0x6f .\CortexM3\ARM_GCC_541\Release\Keyboard.a(CySpc.o)

.debug_weaknames
 *(.debug_weaknames)

.debug_funcnames
 *(.debug_funcnames)

.debug_typenames
 *(.debug_typenames)

.debug_varnames
 *(.debug_varnames)

.note.gnu.arm.ident
 *(.note.gnu.arm.ident)

.ARM.attributes
                0x00000000       0x29
 *(.ARM.attributes)
 .ARM.attributes
                0x00000000       0x1d c:/program files (x86)/cypress/psoc creator/4.4/psoc creator/import/gnu/arm/5.4.1/bin/../lib/gcc/arm-none-eabi/5.4.1/armv7-m/crti.o
 .ARM.attributes
                0x0000001d       0x2d c:/program files (x86)/cypress/psoc creator/4.4/psoc creator/import/gnu/arm/5.4.1/bin/../lib/gcc/arm-none-eabi/5.4.1/armv7-m/crtbegin.o
 .ARM.attributes
                0x0000004a       0x1b c:/program files (x86)/cypress/psoc creator/4.4/psoc creator/import/gnu/arm/5.4.1/bin/../lib/gcc/arm-none-eabi/5.4.1/../../../../arm-none-eabi/lib/armv7-m/crt0.o
 .ARM.attributes
                0x00000065       0x33 .\CortexM3\ARM_GCC_541\Release\main.o
 .ARM.attributes
                0x00000098       0x33 .\CortexM3\ARM_GCC_541\Release\cyfitter_cfg.o
 .ARM.attributes
                0x000000cb       0x33 .\CortexM3\ARM_GCC_541\Release\cymetadata.o
 .ARM.attributes
                0x000000fe       0x33 .\CortexM3\ARM_GCC_541\Release\Cm3Start.o
 .ARM.attributes
                0x00000131       0x33 .\CortexM3\ARM_GCC_541\Release\Keyboard.a(Columns.o)
 .ARM.attributes
                0x00000164       0x33 .\CortexM3\ARM_GCC_541\Release\Keyboard.a(Rows.o)
 .ARM.attributes
                0x00000197       0x33 .\CortexM3\ARM_GCC_541\Release\Keyboard.a(LCD.o)
 .ARM.attributes
                0x000001ca       0x33 .\CortexM3\ARM_GCC_541\Release\Keyboard.a(CyLib.o)
 .ARM.attributes
                0x000001fd       0x33 .\CortexM3\ARM_GCC_541\Release\Keyboard.a(cyPm.o)
 .ARM.attributes
                0x00000230       0x33 .\CortexM3\ARM_GCC_541\Release\Keyboard.a(isr_Start.o)
 .ARM.attributes
                0x00000263       0x33 .\CortexM3\ARM_GCC_541\Release\Keyboard.a(Timer.o)
 .ARM.attributes
                0x00000296       0x33 .\CortexM3\ARM_GCC_541\Release\Keyboard.a(isr_Cambio.o)
 .ARM.attributes
                0x000002c9       0x21 .\CortexM3\ARM_GCC_541\Release\Keyboard.a(CyBootAsmGnu.o)
 .ARM.attributes
                0x000002ea       0x33 .\CortexM3\ARM_GCC_541\Release\Keyboard.a(CyFlash.o)
 .ARM.attributes
                0x0000031d       0x33 .\CortexM3\ARM_GCC_541\Release\Keyboard.a(CySpc.o)
 .ARM.attributes
                0x00000350       0x2d c:/program files (x86)/cypress/psoc creator/4.4/psoc creator/import/gnu/arm/5.4.1/bin/../lib/gcc/arm-none-eabi/5.4.1/../../../../arm-none-eabi/lib/armv7-m\libg_nano.a(lib_a-errno.o)
 .ARM.attributes
                0x0000037d       0x2d c:/program files (x86)/cypress/psoc creator/4.4/psoc creator/import/gnu/arm/5.4.1/bin/../lib/gcc/arm-none-eabi/5.4.1/../../../../arm-none-eabi/lib/armv7-m\libg_nano.a(lib_a-exit.o)
 .ARM.attributes
                0x000003aa       0x2d c:/program files (x86)/cypress/psoc creator/4.4/psoc creator/import/gnu/arm/5.4.1/bin/../lib/gcc/arm-none-eabi/5.4.1/../../../../arm-none-eabi/lib/armv7-m\libg_nano.a(lib_a-impure.o)
 .ARM.attributes
                0x000003d7       0x2d c:/program files (x86)/cypress/psoc creator/4.4/psoc creator/import/gnu/arm/5.4.1/bin/../lib/gcc/arm-none-eabi/5.4.1/../../../../arm-none-eabi/lib/armv7-m\libg_nano.a(lib_a-init.o)
 .ARM.attributes
                0x00000404       0x2d c:/program files (x86)/cypress/psoc creator/4.4/psoc creator/import/gnu/arm/5.4.1/bin/../lib/gcc/arm-none-eabi/5.4.1/../../../../arm-none-eabi/lib/armv7-m\libg_nano.a(lib_a-memset.o)
 .ARM.attributes
                0x00000431       0x2d c:/program files (x86)/cypress/psoc creator/4.4/psoc creator/import/gnu/arm/5.4.1/bin/../lib/gcc/arm-none-eabi/5.4.1/../../../../arm-none-eabi/lib/armv7-m\libg_nano.a(lib_a-strcpy.o)
 .ARM.attributes
                0x0000045e       0x2d c:/program files (x86)/cypress/psoc creator/4.4/psoc creator/import/gnu/arm/5.4.1/bin/../lib/gcc/arm-none-eabi/5.4.1/armv7-m/crtend.o
 .ARM.attributes
                0x0000048b       0x1d c:/program files (x86)/cypress/psoc creator/4.4/psoc creator/import/gnu/arm/5.4.1/bin/../lib/gcc/arm-none-eabi/5.4.1/armv7-m/crtn.o

/DISCARD/
 *(.note.GNU-stack)
OUTPUT(D:\Projects\PSoC\AdvancedMicrocontrollers\Keyboard.cydsn\CortexM3\ARM_GCC_541\Release\Keyboard.elf elf32-littlearm)
