ARM GAS  C:\Users\adria\AppData\Local\Temp\ccgyPB9E.s 			page 1


   1              		.syntax unified
   2              		.cpu cortex-m3
   3              		.fpu softvfp
   4              		.eabi_attribute 20, 1
   5              		.eabi_attribute 21, 1
   6              		.eabi_attribute 23, 3
   7              		.eabi_attribute 24, 1
   8              		.eabi_attribute 25, 1
   9              		.eabi_attribute 26, 1
  10              		.eabi_attribute 30, 4
  11              		.eabi_attribute 34, 1
  12              		.eabi_attribute 18, 4
  13              		.thumb
  14              		.syntax unified
  15              		.file	"Rows.c"
  16              		.text
  17              	.Ltext0:
  18              		.cfi_sections	.debug_frame
  19              		.section	.text.Rows_Write,"ax",%progbits
  20              		.align	1
  21              		.global	Rows_Write
  22              		.thumb
  23              		.thumb_func
  24              		.type	Rows_Write, %function
  25              	Rows_Write:
  26              	.LFB0:
  27              		.file 1 "Generated_Source\\PSoC5\\Rows.c"
   1:Generated_Source\PSoC5/Rows.c **** /*******************************************************************************
   2:Generated_Source\PSoC5/Rows.c **** * File Name: Rows.c  
   3:Generated_Source\PSoC5/Rows.c **** * Version 2.20
   4:Generated_Source\PSoC5/Rows.c **** *
   5:Generated_Source\PSoC5/Rows.c **** * Description:
   6:Generated_Source\PSoC5/Rows.c **** *  This file contains API to enable firmware control of a Pins component.
   7:Generated_Source\PSoC5/Rows.c **** *
   8:Generated_Source\PSoC5/Rows.c **** * Note:
   9:Generated_Source\PSoC5/Rows.c **** *
  10:Generated_Source\PSoC5/Rows.c **** ********************************************************************************
  11:Generated_Source\PSoC5/Rows.c **** * Copyright 2008-2015, Cypress Semiconductor Corporation.  All rights reserved.
  12:Generated_Source\PSoC5/Rows.c **** * You may use this file only in accordance with the license, terms, conditions, 
  13:Generated_Source\PSoC5/Rows.c **** * disclaimers, and limitations in the end user license agreement accompanying 
  14:Generated_Source\PSoC5/Rows.c **** * the software package with which this file was provided.
  15:Generated_Source\PSoC5/Rows.c **** *******************************************************************************/
  16:Generated_Source\PSoC5/Rows.c **** 
  17:Generated_Source\PSoC5/Rows.c **** #include "cytypes.h"
  18:Generated_Source\PSoC5/Rows.c **** #include "Rows.h"
  19:Generated_Source\PSoC5/Rows.c **** 
  20:Generated_Source\PSoC5/Rows.c **** /* APIs are not generated for P15[7:6] on PSoC 5 */
  21:Generated_Source\PSoC5/Rows.c **** #if !(CY_PSOC5A &&\
  22:Generated_Source\PSoC5/Rows.c **** 	 Rows__PORT == 15 && ((Rows__MASK & 0xC0) != 0))
  23:Generated_Source\PSoC5/Rows.c **** 
  24:Generated_Source\PSoC5/Rows.c **** 
  25:Generated_Source\PSoC5/Rows.c **** /*******************************************************************************
  26:Generated_Source\PSoC5/Rows.c **** * Function Name: Rows_Write
  27:Generated_Source\PSoC5/Rows.c **** ****************************************************************************//**
  28:Generated_Source\PSoC5/Rows.c **** *
  29:Generated_Source\PSoC5/Rows.c **** * \brief Writes the value to the physical port (data output register), masking
  30:Generated_Source\PSoC5/Rows.c **** *  and shifting the bits appropriately. 
ARM GAS  C:\Users\adria\AppData\Local\Temp\ccgyPB9E.s 			page 2


  31:Generated_Source\PSoC5/Rows.c **** *
  32:Generated_Source\PSoC5/Rows.c **** * The data output register controls the signal applied to the physical pin in 
  33:Generated_Source\PSoC5/Rows.c **** * conjunction with the drive mode parameter. This function avoids changing 
  34:Generated_Source\PSoC5/Rows.c **** * other bits in the port by using the appropriate method (read-modify-write or
  35:Generated_Source\PSoC5/Rows.c **** * bit banding).
  36:Generated_Source\PSoC5/Rows.c **** *
  37:Generated_Source\PSoC5/Rows.c **** * <b>Note</b> This function should not be used on a hardware digital output pin 
  38:Generated_Source\PSoC5/Rows.c **** * as it is driven by the hardware signal attached to it.
  39:Generated_Source\PSoC5/Rows.c **** *
  40:Generated_Source\PSoC5/Rows.c **** * \param value
  41:Generated_Source\PSoC5/Rows.c **** *  Value to write to the component instance.
  42:Generated_Source\PSoC5/Rows.c **** *
  43:Generated_Source\PSoC5/Rows.c **** * \return 
  44:Generated_Source\PSoC5/Rows.c **** *  None 
  45:Generated_Source\PSoC5/Rows.c **** *
  46:Generated_Source\PSoC5/Rows.c **** * \sideeffect
  47:Generated_Source\PSoC5/Rows.c **** *  If you use read-modify-write operations that are not atomic; the Interrupt 
  48:Generated_Source\PSoC5/Rows.c **** *  Service Routines (ISR) can cause corruption of this function. An ISR that 
  49:Generated_Source\PSoC5/Rows.c **** *  interrupts this function and performs writes to the Pins component data 
  50:Generated_Source\PSoC5/Rows.c **** *  register can cause corrupted port data. To avoid this issue, you should 
  51:Generated_Source\PSoC5/Rows.c **** *  either use the Per-Pin APIs (primary method) or disable interrupts around 
  52:Generated_Source\PSoC5/Rows.c **** *  this function.
  53:Generated_Source\PSoC5/Rows.c **** *
  54:Generated_Source\PSoC5/Rows.c **** * \funcusage
  55:Generated_Source\PSoC5/Rows.c **** *  \snippet Rows_SUT.c usage_Rows_Write
  56:Generated_Source\PSoC5/Rows.c **** *******************************************************************************/
  57:Generated_Source\PSoC5/Rows.c **** void Rows_Write(uint8 value)
  58:Generated_Source\PSoC5/Rows.c **** {
  28              		.loc 1 58 0
  29              		.cfi_startproc
  30              		@ args = 0, pretend = 0, frame = 0
  31              		@ frame_needed = 0, uses_anonymous_args = 0
  32              		@ link register save eliminated.
  33              	.LVL0:
  59:Generated_Source\PSoC5/Rows.c ****     uint8 staticBits = (Rows_DR & (uint8)(~Rows_MASK));
  34              		.loc 1 59 0
  35 0000 044A     		ldr	r2, .L2
  36 0002 1378     		ldrb	r3, [r2]	@ zero_extendqisi2
  37              	.LVL1:
  60:Generated_Source\PSoC5/Rows.c ****     Rows_DR = staticBits | ((uint8)(value << Rows_SHIFT) & Rows_MASK);
  38              		.loc 1 60 0
  39 0004 03F00F03 		and	r3, r3, #15
  40              	.LVL2:
  41 0008 43EA0010 		orr	r0, r3, r0, lsl #4
  42              	.LVL3:
  43 000c C0B2     		uxtb	r0, r0
  44 000e 1070     		strb	r0, [r2]
  45 0010 7047     		bx	lr
  46              	.L3:
  47 0012 00BF     		.align	2
  48              	.L2:
  49 0014 30510040 		.word	1073762608
  50              		.cfi_endproc
  51              	.LFE0:
  52              		.size	Rows_Write, .-Rows_Write
  53              		.section	.text.Rows_SetDriveMode,"ax",%progbits
  54              		.align	1
ARM GAS  C:\Users\adria\AppData\Local\Temp\ccgyPB9E.s 			page 3


  55              		.global	Rows_SetDriveMode
  56              		.thumb
  57              		.thumb_func
  58              		.type	Rows_SetDriveMode, %function
  59              	Rows_SetDriveMode:
  60              	.LFB1:
  61:Generated_Source\PSoC5/Rows.c **** }
  62:Generated_Source\PSoC5/Rows.c **** 
  63:Generated_Source\PSoC5/Rows.c **** 
  64:Generated_Source\PSoC5/Rows.c **** /*******************************************************************************
  65:Generated_Source\PSoC5/Rows.c **** * Function Name: Rows_SetDriveMode
  66:Generated_Source\PSoC5/Rows.c **** ****************************************************************************//**
  67:Generated_Source\PSoC5/Rows.c **** *
  68:Generated_Source\PSoC5/Rows.c **** * \brief Sets the drive mode for each of the Pins component's pins.
  69:Generated_Source\PSoC5/Rows.c **** * 
  70:Generated_Source\PSoC5/Rows.c **** * <b>Note</b> This affects all pins in the Pins component instance. Use the
  71:Generated_Source\PSoC5/Rows.c **** * Per-Pin APIs if you wish to control individual pin's drive modes.
  72:Generated_Source\PSoC5/Rows.c **** *
  73:Generated_Source\PSoC5/Rows.c **** * \param mode
  74:Generated_Source\PSoC5/Rows.c **** *  Mode for the selected signals. Valid options are documented in 
  75:Generated_Source\PSoC5/Rows.c **** *  \ref driveMode.
  76:Generated_Source\PSoC5/Rows.c **** *
  77:Generated_Source\PSoC5/Rows.c **** * \return
  78:Generated_Source\PSoC5/Rows.c **** *  None
  79:Generated_Source\PSoC5/Rows.c **** *
  80:Generated_Source\PSoC5/Rows.c **** * \sideeffect
  81:Generated_Source\PSoC5/Rows.c **** *  If you use read-modify-write operations that are not atomic, the ISR can
  82:Generated_Source\PSoC5/Rows.c **** *  cause corruption of this function. An ISR that interrupts this function 
  83:Generated_Source\PSoC5/Rows.c **** *  and performs writes to the Pins component Drive Mode registers can cause 
  84:Generated_Source\PSoC5/Rows.c **** *  corrupted port data. To avoid this issue, you should either use the Per-Pin
  85:Generated_Source\PSoC5/Rows.c **** *  APIs (primary method) or disable interrupts around this function.
  86:Generated_Source\PSoC5/Rows.c **** *
  87:Generated_Source\PSoC5/Rows.c **** * \funcusage
  88:Generated_Source\PSoC5/Rows.c **** *  \snippet Rows_SUT.c usage_Rows_SetDriveMode
  89:Generated_Source\PSoC5/Rows.c **** *******************************************************************************/
  90:Generated_Source\PSoC5/Rows.c **** void Rows_SetDriveMode(uint8 mode)
  91:Generated_Source\PSoC5/Rows.c **** {
  61              		.loc 1 91 0
  62              		.cfi_startproc
  63              		@ args = 0, pretend = 0, frame = 0
  64              		@ frame_needed = 0, uses_anonymous_args = 0
  65              		@ link register save eliminated.
  66              	.LVL4:
  92:Generated_Source\PSoC5/Rows.c **** 	CyPins_SetPinDriveMode(Rows_0, mode);
  67              		.loc 1 92 0
  68 0000 0B4A     		ldr	r2, .L5
  69 0002 00F00E00 		and	r0, r0, #14
  70              	.LVL5:
  71 0006 1378     		ldrb	r3, [r2]	@ zero_extendqisi2
  72 0008 03F0F103 		and	r3, r3, #241
  73 000c 0343     		orrs	r3, r3, r0
  74 000e 1370     		strb	r3, [r2]
  93:Generated_Source\PSoC5/Rows.c **** 	CyPins_SetPinDriveMode(Rows_1, mode);
  75              		.loc 1 93 0
  76 0010 5378     		ldrb	r3, [r2, #1]	@ zero_extendqisi2
  77 0012 03F0F103 		and	r3, r3, #241
  78 0016 0343     		orrs	r3, r3, r0
ARM GAS  C:\Users\adria\AppData\Local\Temp\ccgyPB9E.s 			page 4


  79 0018 5370     		strb	r3, [r2, #1]
  94:Generated_Source\PSoC5/Rows.c **** 	CyPins_SetPinDriveMode(Rows_2, mode);
  80              		.loc 1 94 0
  81 001a 9378     		ldrb	r3, [r2, #2]	@ zero_extendqisi2
  82 001c 03F0F103 		and	r3, r3, #241
  83 0020 0343     		orrs	r3, r3, r0
  84 0022 9370     		strb	r3, [r2, #2]
  95:Generated_Source\PSoC5/Rows.c **** 	CyPins_SetPinDriveMode(Rows_3, mode);
  85              		.loc 1 95 0
  86 0024 D378     		ldrb	r3, [r2, #3]	@ zero_extendqisi2
  87 0026 03F0F103 		and	r3, r3, #241
  88 002a 1843     		orrs	r0, r0, r3
  89 002c D070     		strb	r0, [r2, #3]
  90 002e 7047     		bx	lr
  91              	.L6:
  92              		.align	2
  93              	.L5:
  94 0030 1C500040 		.word	1073762332
  95              		.cfi_endproc
  96              	.LFE1:
  97              		.size	Rows_SetDriveMode, .-Rows_SetDriveMode
  98              		.section	.text.Rows_Read,"ax",%progbits
  99              		.align	1
 100              		.global	Rows_Read
 101              		.thumb
 102              		.thumb_func
 103              		.type	Rows_Read, %function
 104              	Rows_Read:
 105              	.LFB2:
  96:Generated_Source\PSoC5/Rows.c **** }
  97:Generated_Source\PSoC5/Rows.c **** 
  98:Generated_Source\PSoC5/Rows.c **** 
  99:Generated_Source\PSoC5/Rows.c **** /*******************************************************************************
 100:Generated_Source\PSoC5/Rows.c **** * Function Name: Rows_Read
 101:Generated_Source\PSoC5/Rows.c **** ****************************************************************************//**
 102:Generated_Source\PSoC5/Rows.c **** *
 103:Generated_Source\PSoC5/Rows.c **** * \brief Reads the associated physical port (pin status register) and masks 
 104:Generated_Source\PSoC5/Rows.c **** *  the required bits according to the width and bit position of the component
 105:Generated_Source\PSoC5/Rows.c **** *  instance. 
 106:Generated_Source\PSoC5/Rows.c **** *
 107:Generated_Source\PSoC5/Rows.c **** * The pin's status register returns the current logic level present on the 
 108:Generated_Source\PSoC5/Rows.c **** * physical pin.
 109:Generated_Source\PSoC5/Rows.c **** *
 110:Generated_Source\PSoC5/Rows.c **** * \return 
 111:Generated_Source\PSoC5/Rows.c **** *  The current value for the pins in the component as a right justified number.
 112:Generated_Source\PSoC5/Rows.c **** *
 113:Generated_Source\PSoC5/Rows.c **** * \funcusage
 114:Generated_Source\PSoC5/Rows.c **** *  \snippet Rows_SUT.c usage_Rows_Read  
 115:Generated_Source\PSoC5/Rows.c **** *******************************************************************************/
 116:Generated_Source\PSoC5/Rows.c **** uint8 Rows_Read(void)
 117:Generated_Source\PSoC5/Rows.c **** {
 106              		.loc 1 117 0
 107              		.cfi_startproc
 108              		@ args = 0, pretend = 0, frame = 0
 109              		@ frame_needed = 0, uses_anonymous_args = 0
 110              		@ link register save eliminated.
 118:Generated_Source\PSoC5/Rows.c ****     return (Rows_PS & Rows_MASK) >> Rows_SHIFT;
ARM GAS  C:\Users\adria\AppData\Local\Temp\ccgyPB9E.s 			page 5


 111              		.loc 1 118 0
 112 0000 014B     		ldr	r3, .L8
 113 0002 1878     		ldrb	r0, [r3]	@ zero_extendqisi2
 119:Generated_Source\PSoC5/Rows.c **** }
 114              		.loc 1 119 0
 115 0004 0009     		lsrs	r0, r0, #4
 116 0006 7047     		bx	lr
 117              	.L9:
 118              		.align	2
 119              	.L8:
 120 0008 31510040 		.word	1073762609
 121              		.cfi_endproc
 122              	.LFE2:
 123              		.size	Rows_Read, .-Rows_Read
 124              		.section	.text.Rows_ReadDataReg,"ax",%progbits
 125              		.align	1
 126              		.global	Rows_ReadDataReg
 127              		.thumb
 128              		.thumb_func
 129              		.type	Rows_ReadDataReg, %function
 130              	Rows_ReadDataReg:
 131              	.LFB3:
 120:Generated_Source\PSoC5/Rows.c **** 
 121:Generated_Source\PSoC5/Rows.c **** 
 122:Generated_Source\PSoC5/Rows.c **** /*******************************************************************************
 123:Generated_Source\PSoC5/Rows.c **** * Function Name: Rows_ReadDataReg
 124:Generated_Source\PSoC5/Rows.c **** ****************************************************************************//**
 125:Generated_Source\PSoC5/Rows.c **** *
 126:Generated_Source\PSoC5/Rows.c **** * \brief Reads the associated physical port's data output register and masks 
 127:Generated_Source\PSoC5/Rows.c **** *  the correct bits according to the width and bit position of the component 
 128:Generated_Source\PSoC5/Rows.c **** *  instance. 
 129:Generated_Source\PSoC5/Rows.c **** *
 130:Generated_Source\PSoC5/Rows.c **** * The data output register controls the signal applied to the physical pin in 
 131:Generated_Source\PSoC5/Rows.c **** * conjunction with the drive mode parameter. This is not the same as the 
 132:Generated_Source\PSoC5/Rows.c **** * preferred Rows_Read() API because the 
 133:Generated_Source\PSoC5/Rows.c **** * Rows_ReadDataReg() reads the data register instead of the status 
 134:Generated_Source\PSoC5/Rows.c **** * register. For output pins this is a useful function to determine the value 
 135:Generated_Source\PSoC5/Rows.c **** * just written to the pin.
 136:Generated_Source\PSoC5/Rows.c **** *
 137:Generated_Source\PSoC5/Rows.c **** * \return 
 138:Generated_Source\PSoC5/Rows.c **** *  The current value of the data register masked and shifted into a right 
 139:Generated_Source\PSoC5/Rows.c **** *  justified number for the component instance.
 140:Generated_Source\PSoC5/Rows.c **** *
 141:Generated_Source\PSoC5/Rows.c **** * \funcusage
 142:Generated_Source\PSoC5/Rows.c **** *  \snippet Rows_SUT.c usage_Rows_ReadDataReg 
 143:Generated_Source\PSoC5/Rows.c **** *******************************************************************************/
 144:Generated_Source\PSoC5/Rows.c **** uint8 Rows_ReadDataReg(void)
 145:Generated_Source\PSoC5/Rows.c **** {
 132              		.loc 1 145 0
 133              		.cfi_startproc
 134              		@ args = 0, pretend = 0, frame = 0
 135              		@ frame_needed = 0, uses_anonymous_args = 0
 136              		@ link register save eliminated.
 146:Generated_Source\PSoC5/Rows.c ****     return (Rows_DR & Rows_MASK) >> Rows_SHIFT;
 137              		.loc 1 146 0
 138 0000 014B     		ldr	r3, .L11
 139 0002 1878     		ldrb	r0, [r3]	@ zero_extendqisi2
ARM GAS  C:\Users\adria\AppData\Local\Temp\ccgyPB9E.s 			page 6


 147:Generated_Source\PSoC5/Rows.c **** }
 140              		.loc 1 147 0
 141 0004 0009     		lsrs	r0, r0, #4
 142 0006 7047     		bx	lr
 143              	.L12:
 144              		.align	2
 145              	.L11:
 146 0008 30510040 		.word	1073762608
 147              		.cfi_endproc
 148              	.LFE3:
 149              		.size	Rows_ReadDataReg, .-Rows_ReadDataReg
 150              		.section	.text.Rows_SetInterruptMode,"ax",%progbits
 151              		.align	1
 152              		.global	Rows_SetInterruptMode
 153              		.thumb
 154              		.thumb_func
 155              		.type	Rows_SetInterruptMode, %function
 156              	Rows_SetInterruptMode:
 157              	.LFB4:
 148:Generated_Source\PSoC5/Rows.c **** 
 149:Generated_Source\PSoC5/Rows.c **** 
 150:Generated_Source\PSoC5/Rows.c **** /* If interrupt is connected for this Pins component */ 
 151:Generated_Source\PSoC5/Rows.c **** #if defined(Rows_INTSTAT) 
 152:Generated_Source\PSoC5/Rows.c **** 
 153:Generated_Source\PSoC5/Rows.c ****     /*******************************************************************************
 154:Generated_Source\PSoC5/Rows.c ****     * Function Name: Rows_SetInterruptMode
 155:Generated_Source\PSoC5/Rows.c ****     ****************************************************************************//**
 156:Generated_Source\PSoC5/Rows.c ****     *
 157:Generated_Source\PSoC5/Rows.c ****     * \brief Configures the interrupt mode for each of the Pins component's
 158:Generated_Source\PSoC5/Rows.c ****     *  pins. Alternatively you may set the interrupt mode for all the pins
 159:Generated_Source\PSoC5/Rows.c ****     *  specified in the Pins component.
 160:Generated_Source\PSoC5/Rows.c ****     *
 161:Generated_Source\PSoC5/Rows.c ****     *  <b>Note</b> The interrupt is port-wide and therefore any enabled pin
 162:Generated_Source\PSoC5/Rows.c ****     *  interrupt may trigger it.
 163:Generated_Source\PSoC5/Rows.c ****     *
 164:Generated_Source\PSoC5/Rows.c ****     * \param position
 165:Generated_Source\PSoC5/Rows.c ****     *  The pin position as listed in the Pins component. You may OR these to be 
 166:Generated_Source\PSoC5/Rows.c ****     *  able to configure the interrupt mode of multiple pins within a Pins 
 167:Generated_Source\PSoC5/Rows.c ****     *  component. Or you may use Rows_INTR_ALL to configure the
 168:Generated_Source\PSoC5/Rows.c ****     *  interrupt mode of all the pins in the Pins component.       
 169:Generated_Source\PSoC5/Rows.c ****     *  - Rows_0_INTR       (First pin in the list)
 170:Generated_Source\PSoC5/Rows.c ****     *  - Rows_1_INTR       (Second pin in the list)
 171:Generated_Source\PSoC5/Rows.c ****     *  - ...
 172:Generated_Source\PSoC5/Rows.c ****     *  - Rows_INTR_ALL     (All pins in Pins component)
 173:Generated_Source\PSoC5/Rows.c ****     *
 174:Generated_Source\PSoC5/Rows.c ****     * \param mode
 175:Generated_Source\PSoC5/Rows.c ****     *  Interrupt mode for the selected pins. Valid options are documented in
 176:Generated_Source\PSoC5/Rows.c ****     *  \ref intrMode.
 177:Generated_Source\PSoC5/Rows.c ****     *
 178:Generated_Source\PSoC5/Rows.c ****     * \return 
 179:Generated_Source\PSoC5/Rows.c ****     *  None
 180:Generated_Source\PSoC5/Rows.c ****     *  
 181:Generated_Source\PSoC5/Rows.c ****     * \sideeffect
 182:Generated_Source\PSoC5/Rows.c ****     *  It is recommended that the interrupt be disabled before calling this 
 183:Generated_Source\PSoC5/Rows.c ****     *  function to avoid unintended interrupt requests. Note that the interrupt
 184:Generated_Source\PSoC5/Rows.c ****     *  type is port wide, and therefore will trigger for any enabled pin on the 
 185:Generated_Source\PSoC5/Rows.c ****     *  port.
ARM GAS  C:\Users\adria\AppData\Local\Temp\ccgyPB9E.s 			page 7


 186:Generated_Source\PSoC5/Rows.c ****     *
 187:Generated_Source\PSoC5/Rows.c ****     * \funcusage
 188:Generated_Source\PSoC5/Rows.c ****     *  \snippet Rows_SUT.c usage_Rows_SetInterruptMode
 189:Generated_Source\PSoC5/Rows.c ****     *******************************************************************************/
 190:Generated_Source\PSoC5/Rows.c ****     void Rows_SetInterruptMode(uint16 position, uint16 mode)
 191:Generated_Source\PSoC5/Rows.c ****     {
 158              		.loc 1 191 0
 159              		.cfi_startproc
 160              		@ args = 0, pretend = 0, frame = 0
 161              		@ frame_needed = 0, uses_anonymous_args = 0
 162              		@ link register save eliminated.
 163              	.LVL6:
 192:Generated_Source\PSoC5/Rows.c **** 		if((position & Rows_0_INTR) != 0u) 
 164              		.loc 1 192 0
 165 0000 C206     		lsls	r2, r0, #27
 193:Generated_Source\PSoC5/Rows.c **** 		{ 
 194:Generated_Source\PSoC5/Rows.c **** 			 Rows_0_INTTYPE_REG = (uint8)mode; 
 166              		.loc 1 194 0
 167 0002 42BF     		ittt	mi
 168 0004 094A     		ldrmi	r2, .L30
 169 0006 CBB2     		uxtbmi	r3, r1
 170 0008 1370     		strbmi	r3, [r2]
 195:Generated_Source\PSoC5/Rows.c **** 		} 
 196:Generated_Source\PSoC5/Rows.c **** 		if((position & Rows_1_INTR) != 0u) 
 171              		.loc 1 196 0
 172 000a 8306     		lsls	r3, r0, #26
 197:Generated_Source\PSoC5/Rows.c **** 		{ 
 198:Generated_Source\PSoC5/Rows.c **** 			 Rows_1_INTTYPE_REG = (uint8)mode; 
 173              		.loc 1 198 0
 174 000c 42BF     		ittt	mi
 175 000e 084A     		ldrmi	r2, .L30+4
 176 0010 CBB2     		uxtbmi	r3, r1
 177 0012 1370     		strbmi	r3, [r2]
 199:Generated_Source\PSoC5/Rows.c **** 		} 
 200:Generated_Source\PSoC5/Rows.c **** 		if((position & Rows_2_INTR) != 0u) 
 178              		.loc 1 200 0
 179 0014 4206     		lsls	r2, r0, #25
 201:Generated_Source\PSoC5/Rows.c **** 		{ 
 202:Generated_Source\PSoC5/Rows.c **** 			 Rows_2_INTTYPE_REG = (uint8)mode; 
 180              		.loc 1 202 0
 181 0016 42BF     		ittt	mi
 182 0018 064A     		ldrmi	r2, .L30+8
 183 001a CBB2     		uxtbmi	r3, r1
 184 001c 1370     		strbmi	r3, [r2]
 203:Generated_Source\PSoC5/Rows.c **** 		} 
 204:Generated_Source\PSoC5/Rows.c **** 		if((position & Rows_3_INTR) != 0u) 
 185              		.loc 1 204 0
 186 001e 0306     		lsls	r3, r0, #24
 205:Generated_Source\PSoC5/Rows.c **** 		{ 
 206:Generated_Source\PSoC5/Rows.c **** 			 Rows_3_INTTYPE_REG = (uint8)mode; 
 187              		.loc 1 206 0
 188 0020 42BF     		ittt	mi
 189 0022 054B     		ldrmi	r3, .L30+12
 190 0024 C9B2     		uxtbmi	r1, r1
 191              	.LVL7:
 192 0026 1970     		strbmi	r1, [r3]
 193 0028 7047     		bx	lr
ARM GAS  C:\Users\adria\AppData\Local\Temp\ccgyPB9E.s 			page 8


 194              	.L31:
 195 002a 00BF     		.align	2
 196              	.L30:
 197 002c 1C450040 		.word	1073759516
 198 0030 1D450040 		.word	1073759517
 199 0034 1E450040 		.word	1073759518
 200 0038 1F450040 		.word	1073759519
 201              		.cfi_endproc
 202              	.LFE4:
 203              		.size	Rows_SetInterruptMode, .-Rows_SetInterruptMode
 204              		.section	.text.Rows_ClearInterrupt,"ax",%progbits
 205              		.align	1
 206              		.global	Rows_ClearInterrupt
 207              		.thumb
 208              		.thumb_func
 209              		.type	Rows_ClearInterrupt, %function
 210              	Rows_ClearInterrupt:
 211              	.LFB5:
 207:Generated_Source\PSoC5/Rows.c **** 		}
 208:Generated_Source\PSoC5/Rows.c ****     }
 209:Generated_Source\PSoC5/Rows.c ****     
 210:Generated_Source\PSoC5/Rows.c ****     
 211:Generated_Source\PSoC5/Rows.c ****     /*******************************************************************************
 212:Generated_Source\PSoC5/Rows.c ****     * Function Name: Rows_ClearInterrupt
 213:Generated_Source\PSoC5/Rows.c ****     ****************************************************************************//**
 214:Generated_Source\PSoC5/Rows.c ****     *
 215:Generated_Source\PSoC5/Rows.c ****     * \brief Clears any active interrupts attached with the component and returns 
 216:Generated_Source\PSoC5/Rows.c ****     *  the value of the interrupt status register allowing determination of which
 217:Generated_Source\PSoC5/Rows.c ****     *  pins generated an interrupt event.
 218:Generated_Source\PSoC5/Rows.c ****     *
 219:Generated_Source\PSoC5/Rows.c ****     * \return 
 220:Generated_Source\PSoC5/Rows.c ****     *  The right-shifted current value of the interrupt status register. Each pin 
 221:Generated_Source\PSoC5/Rows.c ****     *  has one bit set if it generated an interrupt event. For example, bit 0 is 
 222:Generated_Source\PSoC5/Rows.c ****     *  for pin 0 and bit 1 is for pin 1 of the Pins component.
 223:Generated_Source\PSoC5/Rows.c ****     *  
 224:Generated_Source\PSoC5/Rows.c ****     * \sideeffect
 225:Generated_Source\PSoC5/Rows.c ****     *  Clears all bits of the physical port's interrupt status register, not just
 226:Generated_Source\PSoC5/Rows.c ****     *  those associated with the Pins component.
 227:Generated_Source\PSoC5/Rows.c ****     *
 228:Generated_Source\PSoC5/Rows.c ****     * \funcusage
 229:Generated_Source\PSoC5/Rows.c ****     *  \snippet Rows_SUT.c usage_Rows_ClearInterrupt
 230:Generated_Source\PSoC5/Rows.c ****     *******************************************************************************/
 231:Generated_Source\PSoC5/Rows.c ****     uint8 Rows_ClearInterrupt(void)
 232:Generated_Source\PSoC5/Rows.c ****     {
 212              		.loc 1 232 0
 213              		.cfi_startproc
 214              		@ args = 0, pretend = 0, frame = 0
 215              		@ frame_needed = 0, uses_anonymous_args = 0
 216              		@ link register save eliminated.
 233:Generated_Source\PSoC5/Rows.c ****         return (Rows_INTSTAT & Rows_MASK) >> Rows_SHIFT;
 217              		.loc 1 233 0
 218 0000 014B     		ldr	r3, .L33
 219 0002 1878     		ldrb	r0, [r3]	@ zero_extendqisi2
 234:Generated_Source\PSoC5/Rows.c ****     }
 220              		.loc 1 234 0
 221 0004 0009     		lsrs	r0, r0, #4
 222 0006 7047     		bx	lr
ARM GAS  C:\Users\adria\AppData\Local\Temp\ccgyPB9E.s 			page 9


 223              	.L34:
 224              		.align	2
 225              	.L33:
 226 0008 83450040 		.word	1073759619
 227              		.cfi_endproc
 228              	.LFE5:
 229              		.size	Rows_ClearInterrupt, .-Rows_ClearInterrupt
 230              		.text
 231              	.Letext0:
 232              		.file 2 "Generated_Source\\PSoC5\\cytypes.h"
 233              		.section	.debug_info,"",%progbits
 234              	.Ldebug_info0:
 235 0000 70010000 		.4byte	0x170
 236 0004 0400     		.2byte	0x4
 237 0006 00000000 		.4byte	.Ldebug_abbrev0
 238 000a 04       		.byte	0x4
 239 000b 01       		.uleb128 0x1
 240 000c 1A010000 		.4byte	.LASF24
 241 0010 0C       		.byte	0xc
 242 0011 4A000000 		.4byte	.LASF25
 243 0015 BD000000 		.4byte	.LASF26
 244 0019 00000000 		.4byte	.Ldebug_ranges0+0
 245 001d 00000000 		.4byte	0
 246 0021 00000000 		.4byte	.Ldebug_line0
 247 0025 02       		.uleb128 0x2
 248 0026 01       		.byte	0x1
 249 0027 06       		.byte	0x6
 250 0028 F8010000 		.4byte	.LASF0
 251 002c 02       		.uleb128 0x2
 252 002d 01       		.byte	0x1
 253 002e 08       		.byte	0x8
 254 002f 85000000 		.4byte	.LASF1
 255 0033 02       		.uleb128 0x2
 256 0034 02       		.byte	0x2
 257 0035 05       		.byte	0x5
 258 0036 D4010000 		.4byte	.LASF2
 259 003a 02       		.uleb128 0x2
 260 003b 02       		.byte	0x2
 261 003c 07       		.byte	0x7
 262 003d AA000000 		.4byte	.LASF3
 263 0041 02       		.uleb128 0x2
 264 0042 04       		.byte	0x4
 265 0043 05       		.byte	0x5
 266 0044 EF010000 		.4byte	.LASF4
 267 0048 02       		.uleb128 0x2
 268 0049 04       		.byte	0x4
 269 004a 07       		.byte	0x7
 270 004b 98000000 		.4byte	.LASF5
 271 004f 02       		.uleb128 0x2
 272 0050 08       		.byte	0x8
 273 0051 05       		.byte	0x5
 274 0052 AD010000 		.4byte	.LASF6
 275 0056 02       		.uleb128 0x2
 276 0057 08       		.byte	0x8
 277 0058 07       		.byte	0x7
 278 0059 6E000000 		.4byte	.LASF7
 279 005d 03       		.uleb128 0x3
ARM GAS  C:\Users\adria\AppData\Local\Temp\ccgyPB9E.s 			page 10


 280 005e 04       		.byte	0x4
 281 005f 05       		.byte	0x5
 282 0060 696E7400 		.ascii	"int\000"
 283 0064 02       		.uleb128 0x2
 284 0065 04       		.byte	0x4
 285 0066 07       		.byte	0x7
 286 0067 0D010000 		.4byte	.LASF8
 287 006b 04       		.uleb128 0x4
 288 006c DE010000 		.4byte	.LASF9
 289 0070 02       		.byte	0x2
 290 0071 E801     		.2byte	0x1e8
 291 0073 2C000000 		.4byte	0x2c
 292 0077 04       		.uleb128 0x4
 293 0078 FD000000 		.4byte	.LASF10
 294 007c 02       		.byte	0x2
 295 007d E901     		.2byte	0x1e9
 296 007f 3A000000 		.4byte	0x3a
 297 0083 02       		.uleb128 0x2
 298 0084 04       		.byte	0x4
 299 0085 04       		.byte	0x4
 300 0086 68000000 		.4byte	.LASF11
 301 008a 02       		.uleb128 0x2
 302 008b 08       		.byte	0x8
 303 008c 04       		.byte	0x4
 304 008d F6000000 		.4byte	.LASF12
 305 0091 02       		.uleb128 0x2
 306 0092 01       		.byte	0x1
 307 0093 08       		.byte	0x8
 308 0094 CF010000 		.4byte	.LASF13
 309 0098 04       		.uleb128 0x4
 310 0099 93000000 		.4byte	.LASF14
 311 009d 02       		.byte	0x2
 312 009e 9202     		.2byte	0x292
 313 00a0 A4000000 		.4byte	0xa4
 314 00a4 05       		.uleb128 0x5
 315 00a5 6B000000 		.4byte	0x6b
 316 00a9 06       		.uleb128 0x6
 317 00aa E4010000 		.4byte	.LASF15
 318 00ae 01       		.byte	0x1
 319 00af 39       		.byte	0x39
 320 00b0 00000000 		.4byte	.LFB0
 321 00b4 18000000 		.4byte	.LFE0-.LFB0
 322 00b8 01       		.uleb128 0x1
 323 00b9 9C       		.byte	0x9c
 324 00ba DD000000 		.4byte	0xdd
 325 00be 07       		.uleb128 0x7
 326 00bf 39000000 		.4byte	.LASF17
 327 00c3 01       		.byte	0x1
 328 00c4 39       		.byte	0x39
 329 00c5 6B000000 		.4byte	0x6b
 330 00c9 00000000 		.4byte	.LLST0
 331 00cd 08       		.uleb128 0x8
 332 00ce 3F000000 		.4byte	.LASF27
 333 00d2 01       		.byte	0x1
 334 00d3 3B       		.byte	0x3b
 335 00d4 6B000000 		.4byte	0x6b
 336 00d8 21000000 		.4byte	.LLST1
ARM GAS  C:\Users\adria\AppData\Local\Temp\ccgyPB9E.s 			page 11


 337 00dc 00       		.byte	0
 338 00dd 06       		.uleb128 0x6
 339 00de 16000000 		.4byte	.LASF16
 340 00e2 01       		.byte	0x1
 341 00e3 5A       		.byte	0x5a
 342 00e4 00000000 		.4byte	.LFB1
 343 00e8 34000000 		.4byte	.LFE1-.LFB1
 344 00ec 01       		.uleb128 0x1
 345 00ed 9C       		.byte	0x9c
 346 00ee 02010000 		.4byte	0x102
 347 00f2 07       		.uleb128 0x7
 348 00f3 A8010000 		.4byte	.LASF18
 349 00f7 01       		.byte	0x1
 350 00f8 5A       		.byte	0x5a
 351 00f9 6B000000 		.4byte	0x6b
 352 00fd 38000000 		.4byte	.LLST2
 353 0101 00       		.byte	0
 354 0102 09       		.uleb128 0x9
 355 0103 04020000 		.4byte	.LASF19
 356 0107 01       		.byte	0x1
 357 0108 74       		.byte	0x74
 358 0109 6B000000 		.4byte	0x6b
 359 010d 00000000 		.4byte	.LFB2
 360 0111 0C000000 		.4byte	.LFE2-.LFB2
 361 0115 01       		.uleb128 0x1
 362 0116 9C       		.byte	0x9c
 363 0117 09       		.uleb128 0x9
 364 0118 28000000 		.4byte	.LASF20
 365 011c 01       		.byte	0x1
 366 011d 90       		.byte	0x90
 367 011e 6B000000 		.4byte	0x6b
 368 0122 00000000 		.4byte	.LFB3
 369 0126 0C000000 		.4byte	.LFE3-.LFB3
 370 012a 01       		.uleb128 0x1
 371 012b 9C       		.byte	0x9c
 372 012c 06       		.uleb128 0x6
 373 012d 00000000 		.4byte	.LASF21
 374 0131 01       		.byte	0x1
 375 0132 BE       		.byte	0xbe
 376 0133 00000000 		.4byte	.LFB4
 377 0137 3C000000 		.4byte	.LFE4-.LFB4
 378 013b 01       		.uleb128 0x1
 379 013c 9C       		.byte	0x9c
 380 013d 5E010000 		.4byte	0x15e
 381 0141 0A       		.uleb128 0xa
 382 0142 04010000 		.4byte	.LASF22
 383 0146 01       		.byte	0x1
 384 0147 BE       		.byte	0xbe
 385 0148 77000000 		.4byte	0x77
 386 014c 01       		.uleb128 0x1
 387 014d 50       		.byte	0x50
 388 014e 07       		.uleb128 0x7
 389 014f A8010000 		.4byte	.LASF18
 390 0153 01       		.byte	0x1
 391 0154 BE       		.byte	0xbe
 392 0155 77000000 		.4byte	0x77
 393 0159 59000000 		.4byte	.LLST3
ARM GAS  C:\Users\adria\AppData\Local\Temp\ccgyPB9E.s 			page 12


 394 015d 00       		.byte	0
 395 015e 09       		.uleb128 0x9
 396 015f BB010000 		.4byte	.LASF23
 397 0163 01       		.byte	0x1
 398 0164 E7       		.byte	0xe7
 399 0165 6B000000 		.4byte	0x6b
 400 0169 00000000 		.4byte	.LFB5
 401 016d 0C000000 		.4byte	.LFE5-.LFB5
 402 0171 01       		.uleb128 0x1
 403 0172 9C       		.byte	0x9c
 404 0173 00       		.byte	0
 405              		.section	.debug_abbrev,"",%progbits
 406              	.Ldebug_abbrev0:
 407 0000 01       		.uleb128 0x1
 408 0001 11       		.uleb128 0x11
 409 0002 01       		.byte	0x1
 410 0003 25       		.uleb128 0x25
 411 0004 0E       		.uleb128 0xe
 412 0005 13       		.uleb128 0x13
 413 0006 0B       		.uleb128 0xb
 414 0007 03       		.uleb128 0x3
 415 0008 0E       		.uleb128 0xe
 416 0009 1B       		.uleb128 0x1b
 417 000a 0E       		.uleb128 0xe
 418 000b 55       		.uleb128 0x55
 419 000c 17       		.uleb128 0x17
 420 000d 11       		.uleb128 0x11
 421 000e 01       		.uleb128 0x1
 422 000f 10       		.uleb128 0x10
 423 0010 17       		.uleb128 0x17
 424 0011 00       		.byte	0
 425 0012 00       		.byte	0
 426 0013 02       		.uleb128 0x2
 427 0014 24       		.uleb128 0x24
 428 0015 00       		.byte	0
 429 0016 0B       		.uleb128 0xb
 430 0017 0B       		.uleb128 0xb
 431 0018 3E       		.uleb128 0x3e
 432 0019 0B       		.uleb128 0xb
 433 001a 03       		.uleb128 0x3
 434 001b 0E       		.uleb128 0xe
 435 001c 00       		.byte	0
 436 001d 00       		.byte	0
 437 001e 03       		.uleb128 0x3
 438 001f 24       		.uleb128 0x24
 439 0020 00       		.byte	0
 440 0021 0B       		.uleb128 0xb
 441 0022 0B       		.uleb128 0xb
 442 0023 3E       		.uleb128 0x3e
 443 0024 0B       		.uleb128 0xb
 444 0025 03       		.uleb128 0x3
 445 0026 08       		.uleb128 0x8
 446 0027 00       		.byte	0
 447 0028 00       		.byte	0
 448 0029 04       		.uleb128 0x4
 449 002a 16       		.uleb128 0x16
 450 002b 00       		.byte	0
ARM GAS  C:\Users\adria\AppData\Local\Temp\ccgyPB9E.s 			page 13


 451 002c 03       		.uleb128 0x3
 452 002d 0E       		.uleb128 0xe
 453 002e 3A       		.uleb128 0x3a
 454 002f 0B       		.uleb128 0xb
 455 0030 3B       		.uleb128 0x3b
 456 0031 05       		.uleb128 0x5
 457 0032 49       		.uleb128 0x49
 458 0033 13       		.uleb128 0x13
 459 0034 00       		.byte	0
 460 0035 00       		.byte	0
 461 0036 05       		.uleb128 0x5
 462 0037 35       		.uleb128 0x35
 463 0038 00       		.byte	0
 464 0039 49       		.uleb128 0x49
 465 003a 13       		.uleb128 0x13
 466 003b 00       		.byte	0
 467 003c 00       		.byte	0
 468 003d 06       		.uleb128 0x6
 469 003e 2E       		.uleb128 0x2e
 470 003f 01       		.byte	0x1
 471 0040 3F       		.uleb128 0x3f
 472 0041 19       		.uleb128 0x19
 473 0042 03       		.uleb128 0x3
 474 0043 0E       		.uleb128 0xe
 475 0044 3A       		.uleb128 0x3a
 476 0045 0B       		.uleb128 0xb
 477 0046 3B       		.uleb128 0x3b
 478 0047 0B       		.uleb128 0xb
 479 0048 27       		.uleb128 0x27
 480 0049 19       		.uleb128 0x19
 481 004a 11       		.uleb128 0x11
 482 004b 01       		.uleb128 0x1
 483 004c 12       		.uleb128 0x12
 484 004d 06       		.uleb128 0x6
 485 004e 40       		.uleb128 0x40
 486 004f 18       		.uleb128 0x18
 487 0050 9742     		.uleb128 0x2117
 488 0052 19       		.uleb128 0x19
 489 0053 01       		.uleb128 0x1
 490 0054 13       		.uleb128 0x13
 491 0055 00       		.byte	0
 492 0056 00       		.byte	0
 493 0057 07       		.uleb128 0x7
 494 0058 05       		.uleb128 0x5
 495 0059 00       		.byte	0
 496 005a 03       		.uleb128 0x3
 497 005b 0E       		.uleb128 0xe
 498 005c 3A       		.uleb128 0x3a
 499 005d 0B       		.uleb128 0xb
 500 005e 3B       		.uleb128 0x3b
 501 005f 0B       		.uleb128 0xb
 502 0060 49       		.uleb128 0x49
 503 0061 13       		.uleb128 0x13
 504 0062 02       		.uleb128 0x2
 505 0063 17       		.uleb128 0x17
 506 0064 00       		.byte	0
 507 0065 00       		.byte	0
ARM GAS  C:\Users\adria\AppData\Local\Temp\ccgyPB9E.s 			page 14


 508 0066 08       		.uleb128 0x8
 509 0067 34       		.uleb128 0x34
 510 0068 00       		.byte	0
 511 0069 03       		.uleb128 0x3
 512 006a 0E       		.uleb128 0xe
 513 006b 3A       		.uleb128 0x3a
 514 006c 0B       		.uleb128 0xb
 515 006d 3B       		.uleb128 0x3b
 516 006e 0B       		.uleb128 0xb
 517 006f 49       		.uleb128 0x49
 518 0070 13       		.uleb128 0x13
 519 0071 02       		.uleb128 0x2
 520 0072 17       		.uleb128 0x17
 521 0073 00       		.byte	0
 522 0074 00       		.byte	0
 523 0075 09       		.uleb128 0x9
 524 0076 2E       		.uleb128 0x2e
 525 0077 00       		.byte	0
 526 0078 3F       		.uleb128 0x3f
 527 0079 19       		.uleb128 0x19
 528 007a 03       		.uleb128 0x3
 529 007b 0E       		.uleb128 0xe
 530 007c 3A       		.uleb128 0x3a
 531 007d 0B       		.uleb128 0xb
 532 007e 3B       		.uleb128 0x3b
 533 007f 0B       		.uleb128 0xb
 534 0080 27       		.uleb128 0x27
 535 0081 19       		.uleb128 0x19
 536 0082 49       		.uleb128 0x49
 537 0083 13       		.uleb128 0x13
 538 0084 11       		.uleb128 0x11
 539 0085 01       		.uleb128 0x1
 540 0086 12       		.uleb128 0x12
 541 0087 06       		.uleb128 0x6
 542 0088 40       		.uleb128 0x40
 543 0089 18       		.uleb128 0x18
 544 008a 9742     		.uleb128 0x2117
 545 008c 19       		.uleb128 0x19
 546 008d 00       		.byte	0
 547 008e 00       		.byte	0
 548 008f 0A       		.uleb128 0xa
 549 0090 05       		.uleb128 0x5
 550 0091 00       		.byte	0
 551 0092 03       		.uleb128 0x3
 552 0093 0E       		.uleb128 0xe
 553 0094 3A       		.uleb128 0x3a
 554 0095 0B       		.uleb128 0xb
 555 0096 3B       		.uleb128 0x3b
 556 0097 0B       		.uleb128 0xb
 557 0098 49       		.uleb128 0x49
 558 0099 13       		.uleb128 0x13
 559 009a 02       		.uleb128 0x2
 560 009b 18       		.uleb128 0x18
 561 009c 00       		.byte	0
 562 009d 00       		.byte	0
 563 009e 00       		.byte	0
 564              		.section	.debug_loc,"",%progbits
ARM GAS  C:\Users\adria\AppData\Local\Temp\ccgyPB9E.s 			page 15


 565              	.Ldebug_loc0:
 566              	.LLST0:
 567 0000 00000000 		.4byte	.LVL0
 568 0004 0C000000 		.4byte	.LVL3
 569 0008 0100     		.2byte	0x1
 570 000a 50       		.byte	0x50
 571 000b 0C000000 		.4byte	.LVL3
 572 000f 18000000 		.4byte	.LFE0
 573 0013 0400     		.2byte	0x4
 574 0015 F3       		.byte	0xf3
 575 0016 01       		.uleb128 0x1
 576 0017 50       		.byte	0x50
 577 0018 9F       		.byte	0x9f
 578 0019 00000000 		.4byte	0
 579 001d 00000000 		.4byte	0
 580              	.LLST1:
 581 0021 04000000 		.4byte	.LVL1
 582 0025 08000000 		.4byte	.LVL2
 583 0029 0500     		.2byte	0x5
 584 002b 73       		.byte	0x73
 585 002c 00       		.sleb128 0
 586 002d 3F       		.byte	0x3f
 587 002e 1A       		.byte	0x1a
 588 002f 9F       		.byte	0x9f
 589 0030 00000000 		.4byte	0
 590 0034 00000000 		.4byte	0
 591              	.LLST2:
 592 0038 00000000 		.4byte	.LVL4
 593 003c 06000000 		.4byte	.LVL5
 594 0040 0100     		.2byte	0x1
 595 0042 50       		.byte	0x50
 596 0043 06000000 		.4byte	.LVL5
 597 0047 34000000 		.4byte	.LFE1
 598 004b 0400     		.2byte	0x4
 599 004d F3       		.byte	0xf3
 600 004e 01       		.uleb128 0x1
 601 004f 50       		.byte	0x50
 602 0050 9F       		.byte	0x9f
 603 0051 00000000 		.4byte	0
 604 0055 00000000 		.4byte	0
 605              	.LLST3:
 606 0059 00000000 		.4byte	.LVL6
 607 005d 26000000 		.4byte	.LVL7
 608 0061 0100     		.2byte	0x1
 609 0063 51       		.byte	0x51
 610 0064 26000000 		.4byte	.LVL7
 611 0068 3C000000 		.4byte	.LFE4
 612 006c 0400     		.2byte	0x4
 613 006e F3       		.byte	0xf3
 614 006f 01       		.uleb128 0x1
 615 0070 51       		.byte	0x51
 616 0071 9F       		.byte	0x9f
 617 0072 00000000 		.4byte	0
 618 0076 00000000 		.4byte	0
 619              		.section	.debug_aranges,"",%progbits
 620 0000 44000000 		.4byte	0x44
 621 0004 0200     		.2byte	0x2
ARM GAS  C:\Users\adria\AppData\Local\Temp\ccgyPB9E.s 			page 16


 622 0006 00000000 		.4byte	.Ldebug_info0
 623 000a 04       		.byte	0x4
 624 000b 00       		.byte	0
 625 000c 0000     		.2byte	0
 626 000e 0000     		.2byte	0
 627 0010 00000000 		.4byte	.LFB0
 628 0014 18000000 		.4byte	.LFE0-.LFB0
 629 0018 00000000 		.4byte	.LFB1
 630 001c 34000000 		.4byte	.LFE1-.LFB1
 631 0020 00000000 		.4byte	.LFB2
 632 0024 0C000000 		.4byte	.LFE2-.LFB2
 633 0028 00000000 		.4byte	.LFB3
 634 002c 0C000000 		.4byte	.LFE3-.LFB3
 635 0030 00000000 		.4byte	.LFB4
 636 0034 3C000000 		.4byte	.LFE4-.LFB4
 637 0038 00000000 		.4byte	.LFB5
 638 003c 0C000000 		.4byte	.LFE5-.LFB5
 639 0040 00000000 		.4byte	0
 640 0044 00000000 		.4byte	0
 641              		.section	.debug_ranges,"",%progbits
 642              	.Ldebug_ranges0:
 643 0000 00000000 		.4byte	.LFB0
 644 0004 18000000 		.4byte	.LFE0
 645 0008 00000000 		.4byte	.LFB1
 646 000c 34000000 		.4byte	.LFE1
 647 0010 00000000 		.4byte	.LFB2
 648 0014 0C000000 		.4byte	.LFE2
 649 0018 00000000 		.4byte	.LFB3
 650 001c 0C000000 		.4byte	.LFE3
 651 0020 00000000 		.4byte	.LFB4
 652 0024 3C000000 		.4byte	.LFE4
 653 0028 00000000 		.4byte	.LFB5
 654 002c 0C000000 		.4byte	.LFE5
 655 0030 00000000 		.4byte	0
 656 0034 00000000 		.4byte	0
 657              		.section	.debug_line,"",%progbits
 658              	.Ldebug_line0:
 659 0000 BA000000 		.section	.debug_str,"MS",%progbits,1
 659      02004100 
 659      00000201 
 659      FB0E0D00 
 659      01010101 
 660              	.LASF21:
 661 0000 526F7773 		.ascii	"Rows_SetInterruptMode\000"
 661      5F536574 
 661      496E7465 
 661      72727570 
 661      744D6F64 
 662              	.LASF16:
 663 0016 526F7773 		.ascii	"Rows_SetDriveMode\000"
 663      5F536574 
 663      44726976 
 663      654D6F64 
 663      6500
 664              	.LASF20:
 665 0028 526F7773 		.ascii	"Rows_ReadDataReg\000"
 665      5F526561 
ARM GAS  C:\Users\adria\AppData\Local\Temp\ccgyPB9E.s 			page 17


 665      64446174 
 665      61526567 
 665      00
 666              	.LASF17:
 667 0039 76616C75 		.ascii	"value\000"
 667      6500
 668              	.LASF27:
 669 003f 73746174 		.ascii	"staticBits\000"
 669      69634269 
 669      747300
 670              	.LASF25:
 671 004a 47656E65 		.ascii	"Generated_Source\\PSoC5\\Rows.c\000"
 671      72617465 
 671      645F536F 
 671      75726365 
 671      5C50536F 
 672              	.LASF11:
 673 0068 666C6F61 		.ascii	"float\000"
 673      7400
 674              	.LASF7:
 675 006e 6C6F6E67 		.ascii	"long long unsigned int\000"
 675      206C6F6E 
 675      6720756E 
 675      7369676E 
 675      65642069 
 676              	.LASF1:
 677 0085 756E7369 		.ascii	"unsigned char\000"
 677      676E6564 
 677      20636861 
 677      7200
 678              	.LASF14:
 679 0093 72656738 		.ascii	"reg8\000"
 679      00
 680              	.LASF5:
 681 0098 6C6F6E67 		.ascii	"long unsigned int\000"
 681      20756E73 
 681      69676E65 
 681      6420696E 
 681      7400
 682              	.LASF3:
 683 00aa 73686F72 		.ascii	"short unsigned int\000"
 683      7420756E 
 683      7369676E 
 683      65642069 
 683      6E7400
 684              	.LASF26:
 685 00bd 443A5C50 		.ascii	"D:\\Projects\\PSoC\\AdvancedMicrocontrollers\\Keybo"
 685      726F6A65 
 685      6374735C 
 685      50536F43 
 685      5C416476 
 686 00ec 6172642E 		.ascii	"ard.cydsn\000"
 686      63796473 
 686      6E00
 687              	.LASF12:
 688 00f6 646F7562 		.ascii	"double\000"
 688      6C6500
ARM GAS  C:\Users\adria\AppData\Local\Temp\ccgyPB9E.s 			page 18


 689              	.LASF10:
 690 00fd 75696E74 		.ascii	"uint16\000"
 690      313600
 691              	.LASF22:
 692 0104 706F7369 		.ascii	"position\000"
 692      74696F6E 
 692      00
 693              	.LASF8:
 694 010d 756E7369 		.ascii	"unsigned int\000"
 694      676E6564 
 694      20696E74 
 694      00
 695              	.LASF24:
 696 011a 474E5520 		.ascii	"GNU C11 5.4.1 20160609 (release) [ARM/embedded-5-br"
 696      43313120 
 696      352E342E 
 696      31203230 
 696      31363036 
 697 014d 616E6368 		.ascii	"anch revision 237715] -mcpu=cortex-m3 -mthumb -g -O"
 697      20726576 
 697      6973696F 
 697      6E203233 
 697      37373135 
 698 0180 73202D66 		.ascii	"s -ffunction-sections -ffat-lto-objects\000"
 698      66756E63 
 698      74696F6E 
 698      2D736563 
 698      74696F6E 
 699              	.LASF18:
 700 01a8 6D6F6465 		.ascii	"mode\000"
 700      00
 701              	.LASF6:
 702 01ad 6C6F6E67 		.ascii	"long long int\000"
 702      206C6F6E 
 702      6720696E 
 702      7400
 703              	.LASF23:
 704 01bb 526F7773 		.ascii	"Rows_ClearInterrupt\000"
 704      5F436C65 
 704      6172496E 
 704      74657272 
 704      75707400 
 705              	.LASF13:
 706 01cf 63686172 		.ascii	"char\000"
 706      00
 707              	.LASF2:
 708 01d4 73686F72 		.ascii	"short int\000"
 708      7420696E 
 708      7400
 709              	.LASF9:
 710 01de 75696E74 		.ascii	"uint8\000"
 710      3800
 711              	.LASF15:
 712 01e4 526F7773 		.ascii	"Rows_Write\000"
 712      5F577269 
 712      746500
 713              	.LASF4:
ARM GAS  C:\Users\adria\AppData\Local\Temp\ccgyPB9E.s 			page 19


 714 01ef 6C6F6E67 		.ascii	"long int\000"
 714      20696E74 
 714      00
 715              	.LASF0:
 716 01f8 7369676E 		.ascii	"signed char\000"
 716      65642063 
 716      68617200 
 717              	.LASF19:
 718 0204 526F7773 		.ascii	"Rows_Read\000"
 718      5F526561 
 718      6400
 719              		.ident	"GCC: (GNU Tools for ARM Embedded Processors) 5.4.1 20160609 (release) [ARM/embedded-5-bran
