Archive member included to satisfy reference by file (symbol)

.\CortexM3\ARM_GCC_541\Debug\Matrix.a(Columns.o)
                              .\CortexM3\ARM_GCC_541\Debug\main.o (Columns_Write)
.\CortexM3\ARM_GCC_541\Debug\Matrix.a(Rows.o)
                              .\CortexM3\ARM_GCC_541\Debug\main.o (Rows_Read)
.\CortexM3\ARM_GCC_541\Debug\Matrix.a(LCD.o)
                              .\CortexM3\ARM_GCC_541\Debug\main.o (LCD_PrintString)
.\CortexM3\ARM_GCC_541\Debug\Matrix.a(CyLib.o)
                              .\CortexM3\ARM_GCC_541\Debug\Cm3Start.o (CyHalt)
.\CortexM3\ARM_GCC_541\Debug\Matrix.a(cyPm.o)
                              .\CortexM3\ARM_GCC_541\Debug\Matrix.a(CyLib.o) (CyPmReadStatus)
.\CortexM3\ARM_GCC_541\Debug\Matrix.a(isr_Start.o)
                              .\CortexM3\ARM_GCC_541\Debug\main.o (isr_Start_StartEx)
.\CortexM3\ARM_GCC_541\Debug\Matrix.a(Counter.o)
                              .\CortexM3\ARM_GCC_541\Debug\main.o (Counter_ReadCounter)
.\CortexM3\ARM_GCC_541\Debug\Matrix.a(Timer.o)
                              .\CortexM3\ARM_GCC_541\Debug\main.o (Timer_Start)
.\CortexM3\ARM_GCC_541\Debug\Matrix.a(CyBootAsmGnu.o)
                              .\CortexM3\ARM_GCC_541\Debug\cyfitter_cfg.o (CyDelayCycles)
.\CortexM3\ARM_GCC_541\Debug\Matrix.a(CyFlash.o)
                              .\CortexM3\ARM_GCC_541\Debug\Matrix.a(cyPm.o) (CyFlash_SetWaitCycles)
.\CortexM3\ARM_GCC_541\Debug\Matrix.a(CySpc.o)
                              .\CortexM3\ARM_GCC_541\Debug\Matrix.a(CyFlash.o) (CySpcStart)
c:/program files (x86)/cypress/psoc creator/4.4/psoc creator/import/gnu/arm/5.4.1/bin/../lib/gcc/arm-none-eabi/5.4.1/../../../../arm-none-eabi/lib/armv7-m\libg_nano.a(lib_a-errno.o)
                              .\CortexM3\ARM_GCC_541\Debug\Cm3Start.o (__errno)
c:/program files (x86)/cypress/psoc creator/4.4/psoc creator/import/gnu/arm/5.4.1/bin/../lib/gcc/arm-none-eabi/5.4.1/../../../../arm-none-eabi/lib/armv7-m\libg_nano.a(lib_a-exit.o)
                              c:/program files (x86)/cypress/psoc creator/4.4/psoc creator/import/gnu/arm/5.4.1/bin/../lib/gcc/arm-none-eabi/5.4.1/../../../../arm-none-eabi/lib/armv7-m/crt0.o (exit)
c:/program files (x86)/cypress/psoc creator/4.4/psoc creator/import/gnu/arm/5.4.1/bin/../lib/gcc/arm-none-eabi/5.4.1/../../../../arm-none-eabi/lib/armv7-m\libg_nano.a(lib_a-impure.o)
                              c:/program files (x86)/cypress/psoc creator/4.4/psoc creator/import/gnu/arm/5.4.1/bin/../lib/gcc/arm-none-eabi/5.4.1/../../../../arm-none-eabi/lib/armv7-m\libg_nano.a(lib_a-exit.o) (_global_impure_ptr)
c:/program files (x86)/cypress/psoc creator/4.4/psoc creator/import/gnu/arm/5.4.1/bin/../lib/gcc/arm-none-eabi/5.4.1/../../../../arm-none-eabi/lib/armv7-m\libg_nano.a(lib_a-init.o)
                              c:/program files (x86)/cypress/psoc creator/4.4/psoc creator/import/gnu/arm/5.4.1/bin/../lib/gcc/arm-none-eabi/5.4.1/../../../../arm-none-eabi/lib/armv7-m/crt0.o (__libc_init_array)
c:/program files (x86)/cypress/psoc creator/4.4/psoc creator/import/gnu/arm/5.4.1/bin/../lib/gcc/arm-none-eabi/5.4.1/../../../../arm-none-eabi/lib/armv7-m\libg_nano.a(lib_a-memcpy-stub.o)
                              .\CortexM3\ARM_GCC_541\Debug\cyfitter_cfg.o (memcpy)
c:/program files (x86)/cypress/psoc creator/4.4/psoc creator/import/gnu/arm/5.4.1/bin/../lib/gcc/arm-none-eabi/5.4.1/../../../../arm-none-eabi/lib/armv7-m\libg_nano.a(lib_a-memset.o)
                              c:/program files (x86)/cypress/psoc creator/4.4/psoc creator/import/gnu/arm/5.4.1/bin/../lib/gcc/arm-none-eabi/5.4.1/../../../../arm-none-eabi/lib/armv7-m/crt0.o (memset)
c:/program files (x86)/cypress/psoc creator/4.4/psoc creator/import/gnu/arm/5.4.1/bin/../lib/gcc/arm-none-eabi/5.4.1/../../../../arm-none-eabi/lib/armv7-m\libg_nano.a(lib_a-nano-vfprintf_float.o)
                              (_printf_float)
c:/program files (x86)/cypress/psoc creator/4.4/psoc creator/import/gnu/arm/5.4.1/bin/../lib/gcc/arm-none-eabi/5.4.1/../../../../arm-none-eabi/lib/armv7-m\libg_nano.a(lib_a-nano-vfprintf_i.o)
                              c:/program files (x86)/cypress/psoc creator/4.4/psoc creator/import/gnu/arm/5.4.1/bin/../lib/gcc/arm-none-eabi/5.4.1/../../../../arm-none-eabi/lib/armv7-m\libg_nano.a(lib_a-nano-vfprintf_float.o) (_printf_common)
c:/program files (x86)/cypress/psoc creator/4.4/psoc creator/import/gnu/arm/5.4.1/bin/../lib/gcc/arm-none-eabi/5.4.1/../../../../arm-none-eabi/lib/armv7-m\libg_nano.a(lib_a-strlen.o)
                              c:/program files (x86)/cypress/psoc creator/4.4/psoc creator/import/gnu/arm/5.4.1/bin/../lib/gcc/arm-none-eabi/5.4.1/../../../../arm-none-eabi/lib/armv7-m\libg_nano.a(lib_a-nano-vfprintf_float.o) (strlen)
c:/program files (x86)/cypress/psoc creator/4.4/psoc creator/import/gnu/arm/5.4.1/bin/../lib/gcc/arm-none-eabi/5.4.1/../../../../arm-none-eabi/lib/armv7-m\libg_nano.a(lib_a-dtoa.o)
[...]
Memory Configuration

Name             Origin             Length             Attributes
rom              0x00000000         0x00040000         xr
ram              0x1fff8000         0x00010000         xrw
*default*        0x00000000         0xffffffff

Linker script and memory map

LOAD c:/program files (x86)/cypress/psoc creator/4.4/psoc creator/import/gnu/arm/5.4.1/bin/../lib/gcc/arm-none-eabi/5.4.1/armv7-m/crti.o
LOAD c:/program files (x86)/cypress/psoc creator/4.4/psoc creator/import/gnu/arm/5.4.1/bin/../lib/gcc/arm-none-eabi/5.4.1/armv7-m/crtbegin.o
LOAD c:/program files (x86)/cypress/psoc creator/4.4/psoc creator/import/gnu/arm/5.4.1/bin/../lib/gcc/arm-none-eabi/5.4.1/../../../../arm-none-eabi/lib/armv7-m/crt0.o
START GROUP
LOAD .\CortexM3\ARM_GCC_541\Debug\main.o
LOAD .\CortexM3\ARM_GCC_541\Debug\cyfitter_cfg.o
LOAD .\CortexM3\ARM_GCC_541\Debug\cymetadata.o
LOAD .\CortexM3\ARM_GCC_541\Debug\Cm3Start.o
LOAD .\CortexM3\ARM_GCC_541\Debug\Matrix.a
LOAD C:\Program Files (x86)\Cypress\PSoC Creator\4.4\PSoC Creator\psoc\content\cycomponentlibrary\CyComponentLibrary.cylib\CortexM3\ARM_GCC_541\Debug\CyComponentLibrary.a
END GROUP
START GROUP
LOAD c:/program files (x86)/cypress/psoc creator/4.4/psoc creator/import/gnu/arm/5.4.1/bin/../lib/gcc/arm-none-eabi/5.4.1/armv7-m\libgcc.a
LOAD c:/program files (x86)/cypress/psoc creator/4.4/psoc creator/import/gnu/arm/5.4.1/bin/../lib/gcc/arm-none-eabi/5.4.1/../../../../arm-none-eabi/lib/armv7-m\libg_nano.a
LOAD c:/program files (x86)/cypress/psoc creator/4.4/psoc creator/import/gnu/arm/5.4.1/bin/../lib/gcc/arm-none-eabi/5.4.1/../../../../arm-none-eabi/lib/armv7-m\libc_nano.a
END GROUP
START GROUP
LOAD c:/program files (x86)/cypress/psoc creator/4.4/psoc creator/import/gnu/arm/5.4.1/bin/../lib/gcc/arm-none-eabi/5.4.1/armv7-m\libgcc.a
LOAD c:/program files (x86)/cypress/psoc creator/4.4/psoc creator/import/gnu/arm/5.4.1/bin/../lib/gcc/arm-none-eabi/5.4.1/../../../../arm-none-eabi/lib/armv7-m\libc_nano.a
END GROUP
LOAD c:/program files (x86)/cypress/psoc creator/4.4/psoc creator/import/gnu/arm/5.4.1/bin/../lib/gcc/arm-none-eabi/5.4.1/armv7-m/crtend.o
LOAD c:/program files (x86)/cypress/psoc creator/4.4/psoc creator/import/gnu/arm/5.4.1/bin/../lib/gcc/arm-none-eabi/5.4.1/armv7-m/crtn.o
START GROUP
LOAD c:/program files (x86)/cypress/psoc creator/4.4/psoc creator/import/gnu/arm/5.4.1/bin/../lib/gcc/arm-none-eabi/5.4.1/armv7-m\libgcc.a
LOAD c:/program files (x86)/cypress/psoc creator/4.4/psoc creator/import/gnu/arm/5.4.1/bin/../lib/gcc/arm-none-eabi/5.4.1/../../../../arm-none-eabi/lib/armv7-m\libc.a
LOAD c:/program files (x86)/cypress/psoc creator/4.4/psoc creator/import/gnu/arm/5.4.1/bin/../lib/gcc/arm-none-eabi/5.4.1/../../../../arm-none-eabi/lib/armv7-m\libnosys.a
END GROUP
                0x00000000                CY_APPL_ORIGIN = 0x0
                0x00000100                CY_FLASH_ROW_SIZE = 0x100
                0x00000020                CY_ECC_ROW_SIZE = 0x20
                0x00000000                CY_EE_IN_BTLDR = 0x0
                0x00000000                CY_APPL_LOADABLE = 0x0
                0x00000800                CY_EE_SIZE = 0x800
                0x00000001                CY_APPL_NUM = 0x1
                0x00000001                CY_APPL_MAX = 0x1
                0x00000040                CY_METADATA_SIZE = 0x40
                0x00000000                CY_APPL_LOADABLE = 0x0
                0x00000000                CY_CHECKSUM_EXCLUDE_SIZE = ALIGN (0x0, CY_FLASH_ROW_SIZE)
                [!provide]                PROVIDE (__cy_heap_start, _end)
                0x00000001                PROVIDE (__cy_region_num, ((__cy_regions_end - __cy_regions) / 0x10))
                0x20008000                PROVIDE (__cy_stack, (ORIGIN (ram) + LENGTH (ram)))
                [!provide]                PROVIDE (__cy_heap_end, (__cy_stack - 0x800))

.cybootloader   0x00000000        0x0
 *(.cybootloader)
                0x00000000                appl1_start = CY_APPL_ORIGIN?CY_APPL_ORIGIN:ALIGN (CY_FLASH_ROW_SIZE)
                0x0001ff00                appl2_start = (appl1_start + ALIGN ((((LENGTH (rom) - appl1_start) - (0x2 * CY_FLASH_ROW_SIZE)) / 0x2), CY_FLASH_ROW_SIZE))
                0x00000000                appl_start = (CY_APPL_NUM == 0x1)?appl1_start:appl2_start
                0x00000000                ecc_offset = ((appl_start / CY_FLASH_ROW_SIZE) * CY_ECC_ROW_SIZE)
                0x00000000                ee_offset = (CY_APPL_LOADABLE && ! (CY_EE_IN_BTLDR))?((CY_EE_SIZE / CY_APPL_MAX) * (CY_APPL_NUM - 0x1)):0x0
                0x00000800                ee_size = (CY_APPL_LOADABLE && ! (CY_EE_IN_BTLDR))?(CY_EE_SIZE / CY_APPL_MAX):CY_EE_SIZE
                [!provide]                PROVIDE (CY_ECC_OFFSET, ecc_offset)

.text           0x00000000     0x2de0
 CREATE_OBJECT_SYMBOLS
                0x00000000                PROVIDE (__cy_interrupt_vector, RomVectors)
 *(.romvectors)
 .romvectors    0x00000000       0x10 .\CortexM3\ARM_GCC_541\Debug\Cm3Start.o
                0x00000000                RomVectors
                0x00000001                ASSERT ((. != __cy_interrupt_vector), No interrupt vector)
                0x00000001                ASSERT (CY_APPL_ORIGIN?(SIZEOF (.cybootloader) <= CY_APPL_ORIGIN):0x1, Wrong image location)
                0x00000010                PROVIDE (__cy_reset, Reset)
 *(.text.Reset)
 .text.Reset    0x00000010       0x18 .\CortexM3\ARM_GCC_541\Debug\Cm3Start.o
                0x00000010                Reset
                0x00000001                ASSERT ((. != __cy_reset), No reset code)
 *(.dma_init)
                0x00000001                ASSERT ((((appl_start + .) <= 0x10000) || 0x1), DMA Init must be within the first 64k of flash)
 *(.text .text.* .gnu.linkonce.t.*)
 .text          0x00000028       0x5c c:/program files (x86)/cypress/psoc creator/4.4/psoc creator/import/gnu/arm/5.4.1/bin/../lib/gcc/arm-none-eabi/5.4.1/armv7-m/crtbegin.o
 .text.INT_KB   0x00000084      0x114 .\CortexM3\ARM_GCC_541\Debug\main.o
                0x00000084                INT_KB
 .text.Reloj    0x00000198       0x5c .\CortexM3\ARM_GCC_541\Debug\main.o
                0x00000198                Reloj
 .text.message  0x000001f4       0x18 .\CortexM3\ARM_GCC_541\Debug\main.o
                0x000001f4                message
 .text.main     0x0000020c       0x24 .\CortexM3\ARM_GCC_541\Debug\main.o
                0x0000020c                main
 .text.CyClockStartupError
                0x00000230        0x4 .\CortexM3\ARM_GCC_541\Debug\cyfitter_cfg.o
 .text.cfg_write_bytes32
                0x00000234       0x34 .\CortexM3\ARM_GCC_541\Debug\cyfitter_cfg.o
 .text.AnalogSetDefault
                0x00000268       0x28 .\CortexM3\ARM_GCC_541\Debug\cyfitter_cfg.o
 .text.CYMEMZERO
                0x00000290        0xc .\CortexM3\ARM_GCC_541\Debug\cyfitter_cfg.o
 .text.ClockSetup
                0x0000029c       0xb8 .\CortexM3\ARM_GCC_541\Debug\cyfitter_cfg.o
 .text.CYCONFIGCPY
                0x00000354        0x8 .\CortexM3\ARM_GCC_541\Debug\cyfitter_cfg.o
 .text.cyfitter_cfg
                0x0000035c      0x110 .\CortexM3\ARM_GCC_541\Debug\cyfitter_cfg.o
                0x0000035c                cyfitter_cfg
 .text.IntDefaultHandler
                0x0000046c       0x10 .\CortexM3\ARM_GCC_541\Debug\Cm3Start.o
                0x0000046c                IntDefaultHandler
 .text._sbrk    0x0000047c       0x30 .\CortexM3\ARM_GCC_541\Debug\Cm3Start.o
                0x0000047c                _sbrk
 .text.Start_c  0x000004ac       0x4c .\CortexM3\ARM_GCC_541\Debug\Cm3Start.o
                0x000004ac                Start_c
 .text.initialize_psoc
                0x000004f8       0x68 .\CortexM3\ARM_GCC_541\Debug\Cm3Start.o
                0x000004f8                initialize_psoc
 .text.Columns_Write
                0x00000560       0x18 .\CortexM3\ARM_GCC_541\Debug\Matrix.a(Columns.o)
                0x00000560                Columns_Write
 .text.Columns_Read
                0x00000578       0x10 .\CortexM3\ARM_GCC_541\Debug\Matrix.a(Columns.o)
                0x00000578                Columns_Read
 .text.Rows_Read
                0x00000588        0xc .\CortexM3\ARM_GCC_541\Debug\Matrix.a(Rows.o)
                0x00000588                Rows_Read
 .text.Rows_ClearInterrupt
                0x00000594        0xc .\CortexM3\ARM_GCC_541\Debug\Matrix.a(Rows.o)
                0x00000594                Rows_ClearInterrupt
 .text.LCD_WrCntrlNib
                0x000005a0       0x34 .\CortexM3\ARM_GCC_541\Debug\Matrix.a(LCD.o)
 .text.LCD_WrDatNib
                0x000005d4       0x44 .\CortexM3\ARM_GCC_541\Debug\Matrix.a(LCD.o)
 .text.LCD_IsReady
                0x00000618       0xe4 .\CortexM3\ARM_GCC_541\Debug\Matrix.a(LCD.o)
                0x00000618                LCD_IsReady
 .text.LCD_WriteData
                0x000006fc       0x18 .\CortexM3\ARM_GCC_541\Debug\Matrix.a(LCD.o)
                0x000006fc                LCD_WriteData
 .text.LCD_PrintString
                0x00000714       0x1c .\CortexM3\ARM_GCC_541\Debug\Matrix.a(LCD.o)
                0x00000714                LCD_PrintString
 .text.LCD_PutChar
                0x00000730        0x8 .\CortexM3\ARM_GCC_541\Debug\Matrix.a(LCD.o)
                0x00000730                LCD_PutChar
 .text.LCD_WriteControl
                0x00000738       0x18 .\CortexM3\ARM_GCC_541\Debug\Matrix.a(LCD.o)
                0x00000738                LCD_WriteControl
 .text.LCD_Init
                0x00000750       0x6c .\CortexM3\ARM_GCC_541\Debug\Matrix.a(LCD.o)
                0x00000750                LCD_Init
 .text.LCD_Enable
                0x000007bc       0x14 .\CortexM3\ARM_GCC_541\Debug\Matrix.a(LCD.o)
                0x000007bc                LCD_Enable
 .text.LCD_Start
                0x000007d0       0x1c .\CortexM3\ARM_GCC_541\Debug\Matrix.a(LCD.o)
                0x000007d0                LCD_Start
 .text.LCD_Position
                0x000007ec       0x3c .\CortexM3\ARM_GCC_541\Debug\Matrix.a(LCD.o)
                0x000007ec                LCD_Position
 .text.CyDelay  0x00000828       0x2c .\CortexM3\ARM_GCC_541\Debug\Matrix.a(CyLib.o)
                0x00000828                CyDelay
 .text.CyDelayUs
                0x00000854       0x14 .\CortexM3\ARM_GCC_541\Debug\Matrix.a(CyLib.o)
                0x00000854                CyDelayUs
 .text.isr_Start_SetVector
                0x00000868        0xc .\CortexM3\ARM_GCC_541\Debug\Matrix.a(isr_Start.o)
                0x00000868                isr_Start_SetVector
 .text.isr_Start_SetPriority
                0x00000874       0x10 .\CortexM3\ARM_GCC_541\Debug\Matrix.a(isr_Start.o)
                0x00000874                isr_Start_SetPriority
 .text.isr_Start_Enable
                0x00000884        0xc .\CortexM3\ARM_GCC_541\Debug\Matrix.a(isr_Start.o)
                0x00000884                isr_Start_Enable
 .text.isr_Start_Disable
                0x00000890        0xc .\CortexM3\ARM_GCC_541\Debug\Matrix.a(isr_Start.o)
                0x00000890                isr_Start_Disable
 .text.isr_Start_StartEx
                0x0000089c       0x1c .\CortexM3\ARM_GCC_541\Debug\Matrix.a(isr_Start.o)
                0x0000089c                isr_Start_StartEx
 .text.Counter_Enable
                0x000008b8       0x10 .\CortexM3\ARM_GCC_541\Debug\Matrix.a(Counter.o)
                0x000008b8                Counter_Enable
 .text.Counter_SetInterruptMode
                0x000008c8        0xc .\CortexM3\ARM_GCC_541\Debug\Matrix.a(Counter.o)
                0x000008c8                Counter_SetInterruptMode
 .text.Counter_ReadStatusRegister
                0x000008d4        0xc .\CortexM3\ARM_GCC_541\Debug\Matrix.a(Counter.o)
                0x000008d4                Counter_ReadStatusRegister
 .text.Counter_WriteCounter
                0x000008e0        0xc .\CortexM3\ARM_GCC_541\Debug\Matrix.a(Counter.o)
                0x000008e0                Counter_WriteCounter
 .text.Counter_ReadCounter
                0x000008ec       0x14 .\CortexM3\ARM_GCC_541\Debug\Matrix.a(Counter.o)
                0x000008ec                Counter_ReadCounter
 .text.Counter_ReadCapture
                0x00000900        0xc .\CortexM3\ARM_GCC_541\Debug\Matrix.a(Counter.o)
                0x00000900                Counter_ReadCapture
 .text.Counter_WritePeriod
                0x0000090c        0xc .\CortexM3\ARM_GCC_541\Debug\Matrix.a(Counter.o)
                0x0000090c                Counter_WritePeriod
 .text.Counter_WriteCompare
                0x00000918        0xc .\CortexM3\ARM_GCC_541\Debug\Matrix.a(Counter.o)
                0x00000918                Counter_WriteCompare
 .text.Counter_ClearFIFO
                0x00000924       0x14 .\CortexM3\ARM_GCC_541\Debug\Matrix.a(Counter.o)
                0x00000924                Counter_ClearFIFO
 .text.Counter_Init
                0x00000938       0x50 .\CortexM3\ARM_GCC_541\Debug\Matrix.a(Counter.o)
                0x00000938                Counter_Init
 .text.Counter_Start
                0x00000988       0x1c .\CortexM3\ARM_GCC_541\Debug\Matrix.a(Counter.o)
                0x00000988                Counter_Start
 .text.Timer_Enable
                0x000009a4       0x28 .\CortexM3\ARM_GCC_541\Debug\Matrix.a(Timer.o)
                0x000009a4                Timer_Enable
 .text.Timer_SetInterruptMode
                0x000009cc        0xc .\CortexM3\ARM_GCC_541\Debug\Matrix.a(Timer.o)
                0x000009cc                Timer_SetInterruptMode
 .text.Timer_WritePeriod
                0x000009d8        0xc .\CortexM3\ARM_GCC_541\Debug\Matrix.a(Timer.o)
                0x000009d8                Timer_WritePeriod
 .text.Timer_WriteCounter
                0x000009e4        0xc .\CortexM3\ARM_GCC_541\Debug\Matrix.a(Timer.o)
                0x000009e4                Timer_WriteCounter
 .text.Timer_Init
                0x000009f0       0x64 .\CortexM3\ARM_GCC_541\Debug\Matrix.a(Timer.o)
                0x000009f0                Timer_Init
 .text.Timer_Start
                0x00000a54       0x1c .\CortexM3\ARM_GCC_541\Debug\Matrix.a(Timer.o)
                0x00000a54                Timer_Start
 .text          0x00000a70       0x20 .\CortexM3\ARM_GCC_541\Debug\Matrix.a(CyBootAsmGnu.o)
                0x00000a70                CyDelayCycles
                0x00000a80                CyEnterCriticalSection
                0x00000a88                CyExitCriticalSection
 .text.__errno  0x00000a90        0xc c:/program files (x86)/cypress/psoc creator/4.4/psoc creator/import/gnu/arm/5.4.1/bin/../lib/gcc/arm-none-eabi/5.4.1/../../../../arm-none-eabi/lib/armv7-m\libg_nano.a(lib_a-errno.o)
                0x00000a90                __errno
 .text.__libc_init_array
                0x00000a9c       0x4c c:/program files (x86)/cypress/psoc creator/4.4/psoc creator/import/gnu/arm/5.4.1/bin/../lib/gcc/arm-none-eabi/5.4.1/../../../../arm-none-eabi/lib/armv7-m\libg_nano.a(lib_a-init.o)
                0x00000a9c                __libc_init_array
 .text.memcpy   0x00000ae8       0x16 c:/program files (x86)/cypress/psoc creator/4.4/psoc creator/import/gnu/arm/5.4.1/bin/../lib/gcc/arm-none-eabi/5.4.1/../../../../arm-none-eabi/lib/armv7-m\libg_nano.a(lib_a-memcpy-stub.o)
                0x00000ae8                memcpy
 .text.memset   0x00000afe       0x10 c:/program files (x86)/cypress/psoc creator/4.4/psoc creator/import/gnu/arm/5.4.1/bin/../lib/gcc/arm-none-eabi/5.4.1/../../../../arm-none-eabi/lib/armv7-m\libg_nano.a(lib_a-memset.o)
                0x00000afe                memset
 .text.__cvt    0x00000b0e       0xc0 c:/program files (x86)/cypress/psoc creator/4.4/psoc creator/import/gnu/arm/5.4.1/bin/../lib/gcc/arm-none-eabi/5.4.1/../../../../arm-none-eabi/lib/armv7-m\libg_nano.a(lib_a-nano-vfprintf_float.o)
                0x00000b0e                __cvt
 .text.__exponent
                0x00000bce       0x62 c:/program files (x86)/cypress/psoc creator/4.4/psoc creator/import/gnu/arm/5.4.1/bin/../lib/gcc/arm-none-eabi/5.4.1/../../../../arm-none-eabi/lib/armv7-m\libg_nano.a(lib_a-nano-vfprintf_float.o)
                0x00000bce                __exponent
 .text._printf_float
                0x00000c30      0x488 c:/program files (x86)/cypress/psoc creator/4.4/psoc creator/import/gnu/arm/5.4.1/bin/../lib/gcc/arm-none-eabi/5.4.1/../../../../arm-none-eabi/lib/armv7-m\libg_nano.a(lib_a-nano-vfprintf_float.o)
                0x00000c30                _printf_float
 .text._printf_common
                0x000010b8       0xec c:/program files (x86)/cypress/psoc creator/4.4/psoc creator/import/gnu/arm/5.4.1/bin/../lib/gcc/arm-none-eabi/5.4.1/../../../../arm-none-eabi/lib/armv7-m\libg_nano.a(lib_a-nano-vfprintf_i.o)
                0x000010b8                _printf_common
 .text          0x000011a4       0x10 c:/program files (x86)/cypress/psoc creator/4.4/psoc creator/import/gnu/arm/5.4.1/bin/../lib/gcc/arm-none-eabi/5.4.1/../../../../arm-none-eabi/lib/armv7-m\libg_nano.a(lib_a-strlen.o)
                0x000011a4                strlen
 .text.quorem   0x000011b4      0x116 c:/program files (x86)/cypress/psoc creator/4.4/psoc creator/import/gnu/arm/5.4.1/bin/../lib/gcc/arm-none-eabi/5.4.1/../../../../arm-none-eabi/lib/armv7-m\libg_nano.a(lib_a-dtoa.o)
 *fill*         0x000012ca        0x6 
 .text._dtoa_r  0x000012d0      0xb30 c:/program files (x86)/cypress/psoc creator/4.4/psoc creator/import/gnu/arm/5.4.1/bin/../lib/gcc/arm-none-eabi/5.4.1/../../../../arm-none-eabi/lib/armv7-m\libg_nano.a(lib_a-dtoa.o)
                0x000012d0                _dtoa_r
 .text._localeconv_r
                0x00001e00        0x8 c:/program files (x86)/cypress/psoc creator/4.4/psoc creator/import/gnu/arm/5.4.1/bin/../lib/gcc/arm-none-eabi/5.4.1/../../../../arm-none-eabi/lib/armv7-m\libg_nano.a(lib_a-locale.o)
                0x00001e00                _localeconv_r
 .text.malloc   0x00001e08       0x10 c:/program files (x86)/cypress/psoc creator/4.4/psoc creator/import/gnu/arm/5.4.1/bin/../lib/gcc/arm-none-eabi/5.4.1/../../../../arm-none-eabi/lib/armv7-m\libg_nano.a(lib_a-malloc.o)
                0x00001e08                malloc
 .text._Balloc  0x00001e18       0x6a c:/program files (x86)/cypress/psoc creator/4.4/psoc creator/import/gnu/arm/5.4.1/bin/../lib/gcc/arm-none-eabi/5.4.1/../../../../arm-none-eabi/lib/armv7-m\libg_nano.a(lib_a-mprec.o)
                0x00001e18                _Balloc
 .text._Bfree   0x00001e82       0x2e c:/program files (x86)/cypress/psoc creator/4.4/psoc creator/import/gnu/arm/5.4.1/bin/../lib/gcc/arm-none-eabi/5.4.1/../../../../arm-none-eabi/lib/armv7-m\libg_nano.a(lib_a-mprec.o)
                0x00001e82                _Bfree
 .text.__multadd
                0x00001eb0       0x76 c:/program files (x86)/cypress/psoc creator/4.4/psoc creator/import/gnu/arm/5.4.1/bin/../lib/gcc/arm-none-eabi/5.4.1/../../../../arm-none-eabi/lib/armv7-m\libg_nano.a(lib_a-mprec.o)
                0x00001eb0                __multadd
 .text.__hi0bits
                0x00001f26       0x40 c:/program files (x86)/cypress/psoc creator/4.4/psoc creator/import/gnu/arm/5.4.1/bin/../lib/gcc/arm-none-eabi/5.4.1/../../../../arm-none-eabi/lib/armv7-m\libg_nano.a(lib_a-mprec.o)
                0x00001f26                __hi0bits
 .text.__lo0bits
                0x00001f66       0x5a c:/program files (x86)/cypress/psoc creator/4.4/psoc creator/import/gnu/arm/5.4.1/bin/../lib/gcc/arm-none-eabi/5.4.1/../../../../arm-none-eabi/lib/armv7-m\libg_nano.a(lib_a-mprec.o)
                0x00001f66                __lo0bits
 .text.__i2b    0x00001fc0       0x12 c:/program files (x86)/cypress/psoc creator/4.4/psoc creator/import/gnu/arm/5.4.1/bin/../lib/gcc/arm-none-eabi/5.4.1/../../../../arm-none-eabi/lib/armv7-m\libg_nano.a(lib_a-mprec.o)
                0x00001fc0                __i2b
 .text.__multiply
                0x00001fd2      0x120 c:/program files (x86)/cypress/psoc creator/4.4/psoc creator/import/gnu/arm/5.4.1/bin/../lib/gcc/arm-none-eabi/5.4.1/../../../../arm-none-eabi/lib/armv7-m\libg_nano.a(lib_a-mprec.o)
                0x00001fd2                __multiply
 *fill*         0x000020f2        0x2 
 .text.__pow5mult
                0x000020f4       0x9c c:/program files (x86)/cypress/psoc creator/4.4/psoc creator/import/gnu/arm/5.4.1/bin/../lib/gcc/arm-none-eabi/5.4.1/../../../../arm-none-eabi/lib/armv7-m\libg_nano.a(lib_a-mprec.o)
                0x000020f4                __pow5mult
 .text.__lshift
                0x00002190       0xa2 c:/program files (x86)/cypress/psoc creator/4.4/psoc creator/import/gnu/arm/5.4.1/bin/../lib/gcc/arm-none-eabi/5.4.1/../../../../arm-none-eabi/lib/armv7-m\libg_nano.a(lib_a-mprec.o)
                0x00002190                __lshift
 .text.__mcmp   0x00002232       0x38 c:/program files (x86)/cypress/psoc creator/4.4/psoc creator/import/gnu/arm/5.4.1/bin/../lib/gcc/arm-none-eabi/5.4.1/../../../../arm-none-eabi/lib/armv7-m\libg_nano.a(lib_a-mprec.o)
                0x00002232                __mcmp
 .text.__mdiff  0x0000226a       0xbe c:/program files (x86)/cypress/psoc creator/4.4/psoc creator/import/gnu/arm/5.4.1/bin/../lib/gcc/arm-none-eabi/5.4.1/../../../../arm-none-eabi/lib/armv7-m\libg_nano.a(lib_a-mprec.o)
                0x0000226a                __mdiff
 .text.__d2b    0x00002328       0x9c c:/program files (x86)/cypress/psoc creator/4.4/psoc creator/import/gnu/arm/5.4.1/bin/../lib/gcc/arm-none-eabi/5.4.1/../../../../arm-none-eabi/lib/armv7-m\libg_nano.a(lib_a-mprec.o)
                0x00002328                __d2b
 .text._calloc_r
                0x000023c4       0x1c c:/program files (x86)/cypress/psoc creator/4.4/psoc creator/import/gnu/arm/5.4.1/bin/../lib/gcc/arm-none-eabi/5.4.1/../../../../arm-none-eabi/lib/armv7-m\libg_nano.a(lib_a-nano-callocr.o)
                0x000023c4                _calloc_r
 .text._malloc_r
                0x000023e0       0xbc c:/program files (x86)/cypress/psoc creator/4.4/psoc creator/import/gnu/arm/5.4.1/bin/../lib/gcc/arm-none-eabi/5.4.1/../../../../arm-none-eabi/lib/armv7-m\libg_nano.a(lib_a-nano-mallocr.o)
                0x000023e0                _malloc_r
 .text._sbrk_r  0x0000249c       0x20 c:/program files (x86)/cypress/psoc creator/4.4/psoc creator/import/gnu/arm/5.4.1/bin/../lib/gcc/arm-none-eabi/5.4.1/../../../../arm-none-eabi/lib/armv7-m\libg_nano.a(lib_a-sbrkr.o)
                0x0000249c                _sbrk_r
 .text.__malloc_lock
                0x000024bc        0x2 c:/program files (x86)/cypress/psoc creator/4.4/psoc creator/import/gnu/arm/5.4.1/bin/../lib/gcc/arm-none-eabi/5.4.1/../../../../arm-none-eabi/lib/armv7-m\libg_nano.a(lib_a-mlock.o)
                0x000024bc                __malloc_lock
 .text.__malloc_unlock
                0x000024be        0x2 c:/program files (x86)/cypress/psoc creator/4.4/psoc creator/import/gnu/arm/5.4.1/bin/../lib/gcc/arm-none-eabi/5.4.1/../../../../arm-none-eabi/lib/armv7-m\libg_nano.a(lib_a-mlock.o)
                0x000024be                __malloc_unlock
 .text          0x000024c0      0x370 c:/program files (x86)/cypress/psoc creator/4.4/psoc creator/import/gnu/arm/5.4.1/bin/../lib/gcc/arm-none-eabi/5.4.1/armv7-m\libgcc.a(_arm_addsubdf3.o)
                0x000024c0                __aeabi_drsub
                0x000024c8                __aeabi_dsub
                0x000024c8                __subdf3
                0x000024cc                __aeabi_dadd
                0x000024cc                __adddf3
                0x00002744                __floatunsidf
                0x00002744                __aeabi_ui2d
                0x00002764                __floatsidf
                0x00002764                __aeabi_i2d
                0x00002788                __aeabi_f2d
                0x00002788                __extendsfdf2
                0x000027c4                __floatundidf
                0x000027c4                __aeabi_ul2d
                0x000027d4                __floatdidf
                0x000027d4                __aeabi_l2d
 .text          0x00002830      0x424 c:/program files (x86)/cypress/psoc creator/4.4/psoc creator/import/gnu/arm/5.4.1/bin/../lib/gcc/arm-none-eabi/5.4.1/armv7-m\libgcc.a(_arm_muldivdf3.o)
                0x00002830                __aeabi_dmul
                0x00002830                __muldf3
                0x00002a84                __divdf3
                0x00002a84                __aeabi_ddiv
 .text          0x00002c54      0x110 c:/program files (x86)/cypress/psoc creator/4.4/psoc creator/import/gnu/arm/5.4.1/bin/../lib/gcc/arm-none-eabi/5.4.1/armv7-m\libgcc.a(_arm_cmpdf2.o)
                0x00002c54                __gtdf2
                0x00002c54                __gedf2
                0x00002c5c                __ltdf2
                0x00002c5c                __ledf2
                0x00002c64                __nedf2
                0x00002c64                __eqdf2
                0x00002c64                __cmpdf2
                0x00002ce0                __aeabi_cdrcmple
                0x00002cf0                __aeabi_cdcmpeq
                0x00002cf0                __aeabi_cdcmple
                0x00002d00                __aeabi_dcmpeq
                0x00002d14                __aeabi_dcmplt
                0x00002d28                __aeabi_dcmple
                0x00002d3c                __aeabi_dcmpge
                0x00002d50                __aeabi_dcmpgt
 .text          0x00002d64       0x2c c:/program files (x86)/cypress/psoc creator/4.4/psoc creator/import/gnu/arm/5.4.1/bin/../lib/gcc/arm-none-eabi/5.4.1/armv7-m\libgcc.a(_arm_unorddf2.o)
                0x00002d64                __unorddf2
                0x00002d64                __aeabi_dcmpun
 .text          0x00002d90       0x50 c:/program files (x86)/cypress/psoc creator/4.4/psoc creator/import/gnu/arm/5.4.1/bin/../lib/gcc/arm-none-eabi/5.4.1/armv7-m\libgcc.a(_arm_fixdfsi.o)
                0x00002d90                __aeabi_d2iz
                0x00002d90                __fixdfsi
 *(.plt)
 *(.gnu.warning)
 *(.glue_7t)
 .glue_7t       0x00002de0        0x0 linker stubs
 *(.glue_7)
 .glue_7        0x00002de0        0x0 linker stubs
 *(.vfp11_veneer)
 .vfp11_veneer  0x00002de0        0x0 linker stubs
 *(.bootloader)
 *(.ARM.extab* .gnu.linkonce.armextab.*)
 *(.gcc_except_table)

.v4_bx          0x00002de0        0x0
 .v4_bx         0x00002de0        0x0 linker stubs

.iplt           0x00002de0        0x0
 .iplt          0x00002de0        0x0 c:/program files (x86)/cypress/psoc creator/4.4/psoc creator/import/gnu/arm/5.4.1/bin/../lib/gcc/arm-none-eabi/5.4.1/armv7-m/crtbegin.o

.eh_frame_hdr
 *(.eh_frame_hdr)

.eh_frame       0x00002de0        0x4
 *(.eh_frame)
 .eh_frame      0x00002de0        0x0 c:/program files (x86)/cypress/psoc creator/4.4/psoc creator/import/gnu/arm/5.4.1/bin/../lib/gcc/arm-none-eabi/5.4.1/armv7-m/crtbegin.o
 .eh_frame      0x00002de0        0x4 c:/program files (x86)/cypress/psoc creator/4.4/psoc creator/import/gnu/arm/5.4.1/bin/../lib/gcc/arm-none-eabi/5.4.1/armv7-m/crtend.o
                [!provide]                PROVIDE (__exidx_start, .)

.ARM.exidx
 *(.ARM.exidx* .gnu.linkonce.armexidx.*)
                0x00002de4                __exidx_end = .

.rodata         0x00002de8      0x1b0
 *(.rodata .rodata.* .gnu.linkonce.r.*)
 .rodata.str1.4
                0x00002de8        0x4 .\CortexM3\ARM_GCC_541\Debug\main.o
                                  0x3 (size before relaxing)
 .rodata        0x00002dec       0x46 .\CortexM3\ARM_GCC_541\Debug\cyfitter_cfg.o
 .rodata.str1.1
                0x00002e32        0x2 c:/program files (x86)/cypress/psoc creator/4.4/psoc creator/import/gnu/arm/5.4.1/bin/../lib/gcc/arm-none-eabi/5.4.1/../../../../arm-none-eabi/lib/armv7-m\libg_nano.a(lib_a-impure.o)
 .rodata.str1.1
                0x00002e34       0x12 c:/program files (x86)/cypress/psoc creator/4.4/psoc creator/import/gnu/arm/5.4.1/bin/../lib/gcc/arm-none-eabi/5.4.1/../../../../arm-none-eabi/lib/armv7-m\libg_nano.a(lib_a-nano-vfprintf_float.o)
 .rodata.str1.1
                0x00002e46        0xd c:/program files (x86)/cypress/psoc creator/4.4/psoc creator/import/gnu/arm/5.4.1/bin/../lib/gcc/arm-none-eabi/5.4.1/../../../../arm-none-eabi/lib/armv7-m\libg_nano.a(lib_a-dtoa.o)
                                  0xf (size before relaxing)
 .rodata.str1.1
                0x00002e53        0x8 c:/program files (x86)/cypress/psoc creator/4.4/psoc creator/import/gnu/arm/5.4.1/bin/../lib/gcc/arm-none-eabi/5.4.1/../../../../arm-none-eabi/lib/armv7-m\libg_nano.a(lib_a-locale.o)
                                  0xb (size before relaxing)
 *fill*         0x00002e5b        0x5 
 .rodata.__mprec_tens
                0x00002e60       0xc8 c:/program files (x86)/cypress/psoc creator/4.4/psoc creator/import/gnu/arm/5.4.1/bin/../lib/gcc/arm-none-eabi/5.4.1/../../../../arm-none-eabi/lib/armv7-m\libg_nano.a(lib_a-mprec.o)
                0x00002e60                __mprec_tens
 .rodata.p05.5408
                0x00002f28        0xc c:/program files (x86)/cypress/psoc creator/4.4/psoc creator/import/gnu/arm/5.4.1/bin/../lib/gcc/arm-none-eabi/5.4.1/../../../../arm-none-eabi/lib/armv7-m\libg_nano.a(lib_a-mprec.o)
 *fill*         0x00002f34        0x4 
 .rodata.__mprec_bigtens
                0x00002f38       0x28 c:/program files (x86)/cypress/psoc creator/4.4/psoc creator/import/gnu/arm/5.4.1/bin/../lib/gcc/arm-none-eabi/5.4.1/../../../../arm-none-eabi/lib/armv7-m\libg_nano.a(lib_a-mprec.o)
                0x00002f38                __mprec_bigtens
                0x00002f60                . = ALIGN (0x4)
 *(.init)
 .init          0x00002f60        0x4 c:/program files (x86)/cypress/psoc creator/4.4/psoc creator/import/gnu/arm/5.4.1/bin/../lib/gcc/arm-none-eabi/5.4.1/armv7-m/crti.o
                0x00002f60                _init
 .init          0x00002f64        0x8 c:/program files (x86)/cypress/psoc creator/4.4/psoc creator/import/gnu/arm/5.4.1/bin/../lib/gcc/arm-none-eabi/5.4.1/armv7-m/crtn.o
                0x00002f6c                . = ALIGN (0x4)
                0x00002f6c                __preinit_array_start = .
 *(.preinit_array)
                0x00002f6c                __preinit_array_end = .
                0x00002f6c                . = ALIGN (0x4)
                0x00002f6c                __init_array_start = .
 *(SORT(.init_array.*))
 *(.init_array)
 .init_array    0x00002f6c        0x4 c:/program files (x86)/cypress/psoc creator/4.4/psoc creator/import/gnu/arm/5.4.1/bin/../lib/gcc/arm-none-eabi/5.4.1/armv7-m/crtbegin.o
 .init_array    0x00002f70        0x4 .\CortexM3\ARM_GCC_541\Debug\Cm3Start.o
                0x00002f74                __init_array_end = .
                0x00002f74                . = ALIGN (0x4)
 *(.fini)
 .fini          0x00002f74        0x4 c:/program files (x86)/cypress/psoc creator/4.4/psoc creator/import/gnu/arm/5.4.1/bin/../lib/gcc/arm-none-eabi/5.4.1/armv7-m/crti.o
                0x00002f74                _fini
 .fini          0x00002f78        0x8 c:/program files (x86)/cypress/psoc creator/4.4/psoc creator/import/gnu/arm/5.4.1/bin/../lib/gcc/arm-none-eabi/5.4.1/armv7-m/crtn.o
                0x00002f80                . = ALIGN (0x4)
                0x00002f80                __fini_array_start = .
 *(.fini_array)
 .fini_array    0x00002f80        0x4 c:/program files (x86)/cypress/psoc creator/4.4/psoc creator/import/gnu/arm/5.4.1/bin/../lib/gcc/arm-none-eabi/5.4.1/armv7-m/crtbegin.o
 *(SORT(.fini_array.*))
                0x00002f84                __fini_array_end = .
                0x00002f84                . = ALIGN (0x4)
 *crtbegin.o(.ctors)
 *(EXCLUDE_FILE(*crtend.o) .ctors)
 *(SORT(.ctors.*))
 *crtend.o(.ctors)
                0x00002f84                . = ALIGN (0x4)
 *crtbegin.o(.dtors)
 *(EXCLUDE_FILE(*crtend.o) .dtors)
 *(SORT(.dtors.*))
 *crtend.o(.dtors)
                0x00002f84                . = ALIGN (0x4)
                0x00002f84                __cy_regions = .
                0x00002f84        0x4 LONG 0x2f98 __cy_region_init_ram
                0x00002f88        0x4 LONG 0x1fff80c8 __cy_region_start_data
                0x00002f8c        0x4 LONG 0xb8 __cy_region_init_size_ram
                0x00002f90        0x4 LONG 0x48 __cy_region_zero_size_ram
                0x00002f94                __cy_regions_end = .
                0x00002f98                . = ALIGN (0x8)
 *fill*         0x00002f94        0x4 
                0x00002f98                _etext = .

.cy_checksum_exclude
                0x00002f98        0x0
 *(.cy_checksum_exclude)

.ramvectors     0x1fff8000       0xc0
                0x1fff8000                __cy_region_start_ram = .
 *(.ramvectors)
 .ramvectors    0x1fff8000       0xc0 .\CortexM3\ARM_GCC_541\Debug\Cm3Start.o
                0x1fff8000                CyRamVectors

.noinit         0x1fff80c0        0x1
 *(.noinit)
 .noinit        0x1fff80c0        0x1 .\CortexM3\ARM_GCC_541\Debug\Matrix.a(CyLib.o)
                0x1fff80c0                CyResetStatus

.data           0x1fff80c8       0xb8 load address 0x00002f98
                0x1fff80c8                __cy_region_start_data = .
 *(.jcr)
 .jcr           0x1fff80c8        0x0 c:/program files (x86)/cypress/psoc creator/4.4/psoc creator/import/gnu/arm/5.4.1/bin/../lib/gcc/arm-none-eabi/5.4.1/armv7-m/crtbegin.o
 .jcr           0x1fff80c8        0x4 c:/program files (x86)/cypress/psoc creator/4.4/psoc creator/import/gnu/arm/5.4.1/bin/../lib/gcc/arm-none-eabi/5.4.1/armv7-m/crtend.o
 *(.got.plt)
 *(.got)
 *(.shdata)
 *(.data .data.* .gnu.linkonce.d.*)
 .data          0x1fff80cc        0x4 .\CortexM3\ARM_GCC_541\Debug\Cm3Start.o
 .data          0x1fff80d0       0x10 .\CortexM3\ARM_GCC_541\Debug\Matrix.a(CyLib.o)
                0x1fff80d0                cydelay_32k_ms
                0x1fff80d4                cydelay_freq_khz
                0x1fff80d8                cydelay_freq_mhz
                0x1fff80dc                cydelay_freq_hz
 .data.impure_data
                0x1fff80e0       0x60 c:/program files (x86)/cypress/psoc creator/4.4/psoc creator/import/gnu/arm/5.4.1/bin/../lib/gcc/arm-none-eabi/5.4.1/../../../../arm-none-eabi/lib/armv7-m\libg_nano.a(lib_a-impure.o)
 .data._impure_ptr
                0x1fff8140        0x4 c:/program files (x86)/cypress/psoc creator/4.4/psoc creator/import/gnu/arm/5.4.1/bin/../lib/gcc/arm-none-eabi/5.4.1/../../../../arm-none-eabi/lib/armv7-m\libg_nano.a(lib_a-impure.o)
                0x1fff8140                _impure_ptr
 .data.lconv    0x1fff8144       0x38 c:/program files (x86)/cypress/psoc creator/4.4/psoc creator/import/gnu/arm/5.4.1/bin/../lib/gcc/arm-none-eabi/5.4.1/../../../../arm-none-eabi/lib/armv7-m\libg_nano.a(lib_a-locale.o)
                0x1fff8180                . = ALIGN (0x8)
 *fill*         0x1fff817c        0x4 
 *(.ram)
                0x1fff8180                _edata = .

.igot.plt       0x1fff8180        0x0 load address 0x00003050
 .igot.plt      0x1fff8180        0x0 c:/program files (x86)/cypress/psoc creator/4.4/psoc creator/import/gnu/arm/5.4.1/bin/../lib/gcc/arm-none-eabi/5.4.1/armv7-m/crtbegin.o

.bss            0x1fff8180       0x48 load address 0x00003050
                0x1fff8180                PROVIDE (__bss_start__, .)
 *(.shbss)
 *(.bss .bss.* .gnu.linkonce.b.*)
 .bss           0x1fff8180       0x1c c:/program files (x86)/cypress/psoc creator/4.4/psoc creator/import/gnu/arm/5.4.1/bin/../lib/gcc/arm-none-eabi/5.4.1/armv7-m/crtbegin.o
 .bss           0x1fff819c        0x1 .\CortexM3\ARM_GCC_541\Debug\main.o
                0x1fff819c                contador
 .bss           0x1fff819d        0x2 .\CortexM3\ARM_GCC_541\Debug\Matrix.a(LCD.o)
                0x1fff819d                LCD_enableState
                0x1fff819e                LCD_initVar
 .bss           0x1fff819f        0x1 .\CortexM3\ARM_GCC_541\Debug\Matrix.a(Counter.o)
                0x1fff819f                Counter_initVar
 .bss           0x1fff81a0        0x1 .\CortexM3\ARM_GCC_541\Debug\Matrix.a(Timer.o)
                0x1fff81a0                Timer_initVar
 *fill*         0x1fff81a1        0x3 
 .bss.__malloc_sbrk_start
                0x1fff81a4        0x4 c:/program files (x86)/cypress/psoc creator/4.4/psoc creator/import/gnu/arm/5.4.1/bin/../lib/gcc/arm-none-eabi/5.4.1/../../../../arm-none-eabi/lib/armv7-m\libg_nano.a(lib_a-nano-mallocr.o)
                0x1fff81a4                __malloc_sbrk_start
 .bss.__malloc_free_list
                0x1fff81a8        0x4 c:/program files (x86)/cypress/psoc creator/4.4/psoc creator/import/gnu/arm/5.4.1/bin/../lib/gcc/arm-none-eabi/5.4.1/../../../../arm-none-eabi/lib/armv7-m\libg_nano.a(lib_a-nano-mallocr.o)
                0x1fff81a8                __malloc_free_list
 *(COMMON)
 COMMON         0x1fff81ac       0x14 .\CortexM3\ARM_GCC_541\Debug\main.o
                0x1fff81ac                column
                0x1fff81ad                key
                0x1fff81b0                str
 COMMON         0x1fff81c0        0x4 c:/program files (x86)/cypress/psoc creator/4.4/psoc creator/import/gnu/arm/5.4.1/bin/../lib/gcc/arm-none-eabi/5.4.1/../../../../arm-none-eabi/lib/armv7-m\libg_nano.a(lib_a-reent.o)
                0x1fff81c0                errno
                0x1fff81c8                . = ALIGN (0x8)
 *fill*         0x1fff81c4        0x4 
 *(.ram.b)
                0x1fff81c8                _end = .
                0x1fff81c8                __end = .
                0x1fff81c8                PROVIDE (end, .)
                0x1fff81c8                PROVIDE (__bss_end__, .)
                0x00002f98                __cy_region_init_ram = LOADADDR (.data)
                0x000000b8                __cy_region_init_size_ram = (_edata - ADDR (.data))
                0x00000048                __cy_region_zero_size_ram = (_end - _edata)

.heap           0x1fff81c8       0x80 load address 0x00003050
                0x1fff81c8                . = _end
                0x1fff8248                . = (. + 0x80)
 *fill*         0x1fff81c8       0x80 
                0x1fff8248                __cy_heap_limit = .

.stack          0x20007800      0x800
                0x20007800                __cy_stack_limit = .
                0x20008000                . = (. + 0x800)
 *fill*         0x20007800      0x800 
                0x00000001                ASSERT ((__cy_stack_limit >= __cy_heap_limit), region RAM overflowed with stack)
                0x00000000                cy_checksum_exclude_size = (CY_APPL_LOADABLE == 0x1)?SIZEOF (.cy_checksum_exclude):0x0
                0x00000001                ASSERT ((cy_checksum_exclude_size <= CY_CHECKSUM_EXCLUDE_SIZE), CY_BOOT: Section .cy_checksum_exclude size exceedes specified limit.)

.cyloadermeta
 *(.cyloadermeta)

.cyloadablemeta
 *(.cyloadablemeta)

.cyconfigecc    0x80000000      0x110
 *(.cyconfigecc)
 .cyconfigecc   0x80000000      0x110 .\CortexM3\ARM_GCC_541\Debug\cymetadata.o
                0x80000000                cy_meta_configecc

.cycustnvl      0x90000000        0x4
 *(.cycustnvl)
 .cycustnvl     0x90000000        0x4 .\CortexM3\ARM_GCC_541\Debug\cymetadata.o
                0x90000000                cy_meta_custnvl

.cywolatch      0x90100000        0x4
 *(.cywolatch)
 .cywolatch     0x90100000        0x4 .\CortexM3\ARM_GCC_541\Debug\cymetadata.o
                0x90100000                cy_meta_wonvl

.cyeeprom       0x90200000        0x0
 *(.cyeeprom)
                0x00000001                ASSERT ((. <= ((0x90200000 + ee_offset) + ee_size)), .cyeeprom data will not fit in EEPROM)

.cyflashprotect
                0x90400000      0x100
 *(.cyflashprotect)
 .cyflashprotect
                0x90400000      0x100 .\CortexM3\ARM_GCC_541\Debug\cymetadata.o
                0x90400000                cy_meta_flashprotect

.cymeta         0x90500000        0xc
 *(.cymeta)
 .cymeta        0x90500000        0xc .\CortexM3\ARM_GCC_541\Debug\cymetadata.o
                0x90500000                cy_metadata

.rel.dyn        0x00003050        0x0 load address 0x9050000c
 .rel.iplt      0x00003050        0x0 c:/program files (x86)/cypress/psoc creator/4.4/psoc creator/import/gnu/arm/5.4.1/bin/../lib/gcc/arm-none-eabi/5.4.1/armv7-m/crtbegin.o

.stab
 *(.stab)

.stabstr
 *(.stabstr)

.debug
 *(.debug)

.line
 *(.line)

.debug_srcinfo
 *(.debug_srcinfo)

.debug_sfnames
 *(.debug_sfnames)

.debug_aranges  0x00000000      0x808
 *(.debug_aranges)
 .debug_aranges
                0x00000000       0x38 .\CortexM3\ARM_GCC_541\Debug\main.o
 .debug_aranges
                0x00000038       0x58 .\CortexM3\ARM_GCC_541\Debug\cyfitter_cfg.o
 .debug_aranges
                0x00000090       0x18 .\CortexM3\ARM_GCC_541\Debug\cymetadata.o
 .debug_aranges
                0x000000a8       0x48 .\CortexM3\ARM_GCC_541\Debug\Cm3Start.o
 .debug_aranges
                0x000000f0       0x38 .\CortexM3\ARM_GCC_541\Debug\Matrix.a(Columns.o)
 .debug_aranges
                0x00000128       0x48 .\CortexM3\ARM_GCC_541\Debug\Matrix.a(Rows.o)
 .debug_aranges
                0x00000170       0x98 .\CortexM3\ARM_GCC_541\Debug\Matrix.a(LCD.o)
 .debug_aranges
                0x00000208      0x2a0 .\CortexM3\ARM_GCC_541\Debug\Matrix.a(CyLib.o)
 .debug_aranges
                0x000004a8       0x98 .\CortexM3\ARM_GCC_541\Debug\Matrix.a(cyPm.o)
 .debug_aranges
                0x00000540       0x80 .\CortexM3\ARM_GCC_541\Debug\Matrix.a(isr_Start.o)
 .debug_aranges
                0x000005c0       0x98 .\CortexM3\ARM_GCC_541\Debug\Matrix.a(Counter.o)
 .debug_aranges
                0x00000658       0x88 .\CortexM3\ARM_GCC_541\Debug\Matrix.a(Timer.o)
 .debug_aranges
                0x000006e0       0x20 .\CortexM3\ARM_GCC_541\Debug\Matrix.a(CyBootAsmGnu.o)
 .debug_aranges
                0x00000700       0x88 .\CortexM3\ARM_GCC_541\Debug\Matrix.a(CyFlash.o)
 .debug_aranges
                0x00000788       0x80 .\CortexM3\ARM_GCC_541\Debug\Matrix.a(CySpc.o)

.debug_pubnames
 *(.debug_pubnames)

.debug_info     0x00000000     0x4afe
 *(.debug_info .gnu.linkonce.wi.*)
 .debug_info    0x00000000      0x488 .\CortexM3\ARM_GCC_541\Debug\main.o
 .debug_info    0x00000488      0x594 .\CortexM3\ARM_GCC_541\Debug\cyfitter_cfg.o
 .debug_info    0x00000a1c      0x135 .\CortexM3\ARM_GCC_541\Debug\cymetadata.o
 .debug_info    0x00000b51      0x3bb .\CortexM3\ARM_GCC_541\Debug\Cm3Start.o
 .debug_info    0x00000f0c      0x11f .\CortexM3\ARM_GCC_541\Debug\Matrix.a(Columns.o)
 .debug_info    0x0000102b      0x174 .\CortexM3\ARM_GCC_541\Debug\Matrix.a(Rows.o)
 .debug_info    0x0000119f      0x715 .\CortexM3\ARM_GCC_541\Debug\Matrix.a(LCD.o)
 .debug_info    0x000018b4     0x1374 .\CortexM3\ARM_GCC_541\Debug\Matrix.a(CyLib.o)
 .debug_info    0x00002c28      0xa2a .\CortexM3\ARM_GCC_541\Debug\Matrix.a(cyPm.o)
 .debug_info    0x00003652      0x2d2 .\CortexM3\ARM_GCC_541\Debug\Matrix.a(isr_Start.o)
 .debug_info    0x00003924      0x327 .\CortexM3\ARM_GCC_541\Debug\Matrix.a(Counter.o)
 .debug_info    0x00003c4b      0x291 .\CortexM3\ARM_GCC_541\Debug\Matrix.a(Timer.o)
 .debug_info    0x00003edc       0x85 .\CortexM3\ARM_GCC_541\Debug\Matrix.a(CyBootAsmGnu.o)
 .debug_info    0x00003f61      0x64d .\CortexM3\ARM_GCC_541\Debug\Matrix.a(CyFlash.o)
 .debug_info    0x000045ae      0x550 .\CortexM3\ARM_GCC_541\Debug\Matrix.a(CySpc.o)

.debug_abbrev   0x00000000     0x12e5
 *(.debug_abbrev)
 .debug_abbrev  0x00000000      0x121 .\CortexM3\ARM_GCC_541\Debug\main.o
 .debug_abbrev  0x00000121      0x20d .\CortexM3\ARM_GCC_541\Debug\cyfitter_cfg.o
 .debug_abbrev  0x0000032e       0x66 .\CortexM3\ARM_GCC_541\Debug\cymetadata.o
 .debug_abbrev  0x00000394      0x1e8 .\CortexM3\ARM_GCC_541\Debug\Cm3Start.o
 .debug_abbrev  0x0000057c       0x90 .\CortexM3\ARM_GCC_541\Debug\Matrix.a(Columns.o)
 .debug_abbrev  0x0000060c       0x90 .\CortexM3\ARM_GCC_541\Debug\Matrix.a(Rows.o)
 .debug_abbrev  0x0000069c      0x157 .\CortexM3\ARM_GCC_541\Debug\Matrix.a(LCD.o)
 .debug_abbrev  0x000007f3      0x254 .\CortexM3\ARM_GCC_541\Debug\Matrix.a(CyLib.o)
 .debug_abbrev  0x00000a47      0x1ab .\CortexM3\ARM_GCC_541\Debug\Matrix.a(cyPm.o)
 .debug_abbrev  0x00000bf2      0x173 .\CortexM3\ARM_GCC_541\Debug\Matrix.a(isr_Start.o)
 .debug_abbrev  0x00000d65      0x117 .\CortexM3\ARM_GCC_541\Debug\Matrix.a(Counter.o)
 .debug_abbrev  0x00000e7c      0x11a .\CortexM3\ARM_GCC_541\Debug\Matrix.a(Timer.o)
 .debug_abbrev  0x00000f96       0x14 .\CortexM3\ARM_GCC_541\Debug\Matrix.a(CyBootAsmGnu.o)
 .debug_abbrev  0x00000faa      0x1a7 .\CortexM3\ARM_GCC_541\Debug\Matrix.a(CyFlash.o)
 .debug_abbrev  0x00001151      0x194 .\CortexM3\ARM_GCC_541\Debug\Matrix.a(CySpc.o)

.debug_line     0x00000000     0x1f2d
 *(.debug_line)
 .debug_line    0x00000000      0x227 .\CortexM3\ARM_GCC_541\Debug\main.o
 .debug_line    0x00000227      0x1f3 .\CortexM3\ARM_GCC_541\Debug\cyfitter_cfg.o
 .debug_line    0x0000041a      0x141 .\CortexM3\ARM_GCC_541\Debug\cymetadata.o
 .debug_line    0x0000055b      0x234 .\CortexM3\ARM_GCC_541\Debug\Cm3Start.o
 .debug_line    0x0000078f       0x97 .\CortexM3\ARM_GCC_541\Debug\Matrix.a(Columns.o)
 .debug_line    0x00000826       0xbe .\CortexM3\ARM_GCC_541\Debug\Matrix.a(Rows.o)
 .debug_line    0x000008e4      0x1dc .\CortexM3\ARM_GCC_541\Debug\Matrix.a(LCD.o)
 .debug_line    0x00000ac0      0x816 .\CortexM3\ARM_GCC_541\Debug\Matrix.a(CyLib.o)
 .debug_line    0x000012d6      0x367 .\CortexM3\ARM_GCC_541\Debug\Matrix.a(cyPm.o)
 .debug_line    0x0000163d      0x136 .\CortexM3\ARM_GCC_541\Debug\Matrix.a(isr_Start.o)
 .debug_line    0x00001773      0x187 .\CortexM3\ARM_GCC_541\Debug\Matrix.a(Counter.o)
 .debug_line    0x000018fa      0x153 .\CortexM3\ARM_GCC_541\Debug\Matrix.a(Timer.o)
 .debug_line    0x00001a4d       0x66 .\CortexM3\ARM_GCC_541\Debug\Matrix.a(CyBootAsmGnu.o)
 .debug_line    0x00001ab3      0x21a .\CortexM3\ARM_GCC_541\Debug\Matrix.a(CyFlash.o)
 .debug_line    0x00001ccd      0x260 .\CortexM3\ARM_GCC_541\Debug\Matrix.a(CySpc.o)

.debug_frame    0x00000000     0x1ae8
 *(.debug_frame)
 .debug_frame   0x00000000       0x80 .\CortexM3\ARM_GCC_541\Debug\main.o
 .debug_frame   0x00000080       0xe4 .\CortexM3\ARM_GCC_541\Debug\cyfitter_cfg.o
 .debug_frame   0x00000164       0xb8 .\CortexM3\ARM_GCC_541\Debug\Cm3Start.o
 .debug_frame   0x0000021c       0x50 .\CortexM3\ARM_GCC_541\Debug\Matrix.a(Columns.o)
 .debug_frame   0x0000026c       0x70 .\CortexM3\ARM_GCC_541\Debug\Matrix.a(Rows.o)
 .debug_frame   0x000002dc      0x1e8 .\CortexM3\ARM_GCC_541\Debug\Matrix.a(LCD.o)
 .debug_frame   0x000004c4      0x738 .\CortexM3\ARM_GCC_541\Debug\Matrix.a(CyLib.o)
 .debug_frame   0x00000bfc      0x1f8 .\CortexM3\ARM_GCC_541\Debug\Matrix.a(cyPm.o)
 .debug_frame   0x00000df4      0x104 .\CortexM3\ARM_GCC_541\Debug\Matrix.a(isr_Start.o)
 .debug_frame   0x00000ef8      0x134 .\CortexM3\ARM_GCC_541\Debug\Matrix.a(Counter.o)
 .debug_frame   0x0000102c      0x108 .\CortexM3\ARM_GCC_541\Debug\Matrix.a(Timer.o)
 .debug_frame   0x00001134      0x194 .\CortexM3\ARM_GCC_541\Debug\Matrix.a(CyFlash.o)
 .debug_frame   0x000012c8      0x180 .\CortexM3\ARM_GCC_541\Debug\Matrix.a(CySpc.o)
 .debug_frame   0x00001448       0x20 c:/program files (x86)/cypress/psoc creator/4.4/psoc creator/import/gnu/arm/5.4.1/bin/../lib/gcc/arm-none-eabi/5.4.1/../../../../arm-none-eabi/lib/armv7-m\libg_nano.a(lib_a-errno.o)
 .debug_frame   0x00001468       0x28 c:/program files (x86)/cypress/psoc creator/4.4/psoc creator/import/gnu/arm/5.4.1/bin/../lib/gcc/arm-none-eabi/5.4.1/../../../../arm-none-eabi/lib/armv7-m\libg_nano.a(lib_a-exit.o)
 .debug_frame   0x00001490       0x2c c:/program files (x86)/cypress/psoc creator/4.4/psoc creator/import/gnu/arm/5.4.1/bin/../lib/gcc/arm-none-eabi/5.4.1/../../../../arm-none-eabi/lib/armv7-m\libg_nano.a(lib_a-init.o)
 .debug_frame   0x000014bc       0x28 c:/program files (x86)/cypress/psoc creator/4.4/psoc creator/import/gnu/arm/5.4.1/bin/../lib/gcc/arm-none-eabi/5.4.1/../../../../arm-none-eabi/lib/armv7-m\libg_nano.a(lib_a-memcpy-stub.o)
 .debug_frame   0x000014e4       0x20 c:/program files (x86)/cypress/psoc creator/4.4/psoc creator/import/gnu/arm/5.4.1/bin/../lib/gcc/arm-none-eabi/5.4.1/../../../../arm-none-eabi/lib/armv7-m\libg_nano.a(lib_a-memset.o)
 .debug_frame   0x00001504       0x8c c:/program files (x86)/cypress/psoc creator/4.4/psoc creator/import/gnu/arm/5.4.1/bin/../lib/gcc/arm-none-eabi/5.4.1/../../../../arm-none-eabi/lib/armv7-m\libg_nano.a(lib_a-nano-vfprintf_float.o)
 .debug_frame   0x00001590       0x60 c:/program files (x86)/cypress/psoc creator/4.4/psoc creator/import/gnu/arm/5.4.1/bin/../lib/gcc/arm-none-eabi/5.4.1/../../../../arm-none-eabi/lib/armv7-m\libg_nano.a(lib_a-nano-vfprintf_i.o)
 .debug_frame   0x000015f0       0x6c c:/program files (x86)/cypress/psoc creator/4.4/psoc creator/import/gnu/arm/5.4.1/bin/../lib/gcc/arm-none-eabi/5.4.1/../../../../arm-none-eabi/lib/armv7-m\libg_nano.a(lib_a-dtoa.o)
 .debug_frame   0x0000165c       0x98 c:/program files (x86)/cypress/psoc creator/4.4/psoc creator/import/gnu/arm/5.4.1/bin/../lib/gcc/arm-none-eabi/5.4.1/../../../../arm-none-eabi/lib/armv7-m\libg_nano.a(lib_a-locale.o)
 .debug_frame   0x000016f4       0x30 c:/program files (x86)/cypress/psoc creator/4.4/psoc creator/import/gnu/arm/5.4.1/bin/../lib/gcc/arm-none-eabi/5.4.1/../../../../arm-none-eabi/lib/armv7-m\libg_nano.a(lib_a-malloc.o)
 .debug_frame   0x00001724       0x28 c:/program files (x86)/cypress/psoc creator/4.4/psoc creator/import/gnu/arm/5.4.1/bin/../lib/gcc/arm-none-eabi/5.4.1/../../../../arm-none-eabi/lib/armv7-m\libg_nano.a(lib_a-memchr-stub.o)
 .debug_frame   0x0000174c      0x234 c:/program files (x86)/cypress/psoc creator/4.4/psoc creator/import/gnu/arm/5.4.1/bin/../lib/gcc/arm-none-eabi/5.4.1/../../../../arm-none-eabi/lib/armv7-m\libg_nano.a(lib_a-mprec.o)
 .debug_frame   0x00001980       0x2c c:/program files (x86)/cypress/psoc creator/4.4/psoc creator/import/gnu/arm/5.4.1/bin/../lib/gcc/arm-none-eabi/5.4.1/../../../../arm-none-eabi/lib/armv7-m\libg_nano.a(lib_a-nano-callocr.o)
 .debug_frame   0x000019ac       0x38 c:/program files (x86)/cypress/psoc creator/4.4/psoc creator/import/gnu/arm/5.4.1/bin/../lib/gcc/arm-none-eabi/5.4.1/../../../../arm-none-eabi/lib/armv7-m\libg_nano.a(lib_a-nano-freer.o)
 .debug_frame   0x000019e4       0x2c c:/program files (x86)/cypress/psoc creator/4.4/psoc creator/import/gnu/arm/5.4.1/bin/../lib/gcc/arm-none-eabi/5.4.1/../../../../arm-none-eabi/lib/armv7-m\libg_nano.a(lib_a-nano-mallocr.o)
 .debug_frame   0x00001a10       0x2c c:/program files (x86)/cypress/psoc creator/4.4/psoc creator/import/gnu/arm/5.4.1/bin/../lib/gcc/arm-none-eabi/5.4.1/../../../../arm-none-eabi/lib/armv7-m\libg_nano.a(lib_a-sbrkr.o)
 .debug_frame   0x00001a3c       0x20 c:/program files (x86)/cypress/psoc creator/4.4/psoc creator/import/gnu/arm/5.4.1/bin/../lib/gcc/arm-none-eabi/5.4.1/../../../../arm-none-eabi/lib/armv7-m\libg_nano.a(lib_a-strcmp.o)
 .debug_frame   0x00001a5c       0x30 c:/program files (x86)/cypress/psoc creator/4.4/psoc creator/import/gnu/arm/5.4.1/bin/../lib/gcc/arm-none-eabi/5.4.1/../../../../arm-none-eabi/lib/armv7-m\libg_nano.a(lib_a-mlock.o)
 .debug_frame   0x00001a8c       0x5c c:/program files (x86)/cypress/psoc creator/4.4/psoc creator/import/gnu/arm/5.4.1/bin/../lib/gcc/arm-none-eabi/5.4.1/../../../../arm-none-eabi/lib/armv7-m\libg_nano.a(lib_a-reent.o)

.debug_str      0x00000000     0x1989
 *(.debug_str)
 .debug_str     0x00000000      0x232 .\CortexM3\ARM_GCC_541\Debug\main.o
                                0x27a (size before relaxing)
 .debug_str     0x00000232      0x1b6 .\CortexM3\ARM_GCC_541\Debug\cyfitter_cfg.o
                                0x339 (size before relaxing)
 .debug_str     0x000003e8       0x7f .\CortexM3\ARM_GCC_541\Debug\cymetadata.o
                                0x1d9 (size before relaxing)
 .debug_str     0x00000467      0x144 .\CortexM3\ARM_GCC_541\Debug\Cm3Start.o
                                0x2ff (size before relaxing)
 .debug_str     0x000005ab       0x5a .\CortexM3\ARM_GCC_541\Debug\Matrix.a(Columns.o)
                                0x1e1 (size before relaxing)
 .debug_str     0x00000605       0x6b .\CortexM3\ARM_GCC_541\Debug\Matrix.a(Rows.o)
                                0x20c (size before relaxing)
 .debug_str     0x00000670      0x147 .\CortexM3\ARM_GCC_541\Debug\Matrix.a(LCD.o)
                                0x320 (size before relaxing)
 .debug_str     0x000007b7      0x81f .\CortexM3\ARM_GCC_541\Debug\Matrix.a(CyLib.o)
                                0xa3c (size before relaxing)
 .debug_str     0x00000fd6      0x365 .\CortexM3\ARM_GCC_541\Debug\Matrix.a(cyPm.o)
                                0x728 (size before relaxing)
 .debug_str     0x0000133b      0x10c .\CortexM3\ARM_GCC_541\Debug\Matrix.a(isr_Start.o)
                                0x2d3 (size before relaxing)
 .debug_str     0x00001447      0x19c .\CortexM3\ARM_GCC_541\Debug\Matrix.a(Counter.o)
                                0x366 (size before relaxing)
 .debug_str     0x000015e3      0x13f .\CortexM3\ARM_GCC_541\Debug\Matrix.a(Timer.o)
                                0x2ea (size before relaxing)
 .debug_str     0x00001722      0x1bb .\CortexM3\ARM_GCC_541\Debug\Matrix.a(CyFlash.o)
                                0x3b5 (size before relaxing)
 .debug_str     0x000018dd       0xac .\CortexM3\ARM_GCC_541\Debug\Matrix.a(CySpc.o)
                                0x32d (size before relaxing)

.debug_loc      0x00000000     0x1f68
 *(.debug_loc)
 .debug_loc     0x00000000      0x259 .\CortexM3\ARM_GCC_541\Debug\cyfitter_cfg.o
 .debug_loc     0x00000259      0x144 .\CortexM3\ARM_GCC_541\Debug\Cm3Start.o
 .debug_loc     0x0000039d       0x42 .\CortexM3\ARM_GCC_541\Debug\Matrix.a(Columns.o)
 .debug_loc     0x000003df       0x84 .\CortexM3\ARM_GCC_541\Debug\Matrix.a(Rows.o)
 .debug_loc     0x00000463      0x3c6 .\CortexM3\ARM_GCC_541\Debug\Matrix.a(LCD.o)
 .debug_loc     0x00000829      0xa11 .\CortexM3\ARM_GCC_541\Debug\Matrix.a(CyLib.o)
 .debug_loc     0x0000123a      0x1e4 .\CortexM3\ARM_GCC_541\Debug\Matrix.a(cyPm.o)
 .debug_loc     0x0000141e       0x56 .\CortexM3\ARM_GCC_541\Debug\Matrix.a(isr_Start.o)
 .debug_loc     0x00001474       0x3d .\CortexM3\ARM_GCC_541\Debug\Matrix.a(Counter.o)
 .debug_loc     0x000014b1      0x3b2 .\CortexM3\ARM_GCC_541\Debug\Matrix.a(CyFlash.o)
 .debug_loc     0x00001863      0x705 .\CortexM3\ARM_GCC_541\Debug\Matrix.a(CySpc.o)

.debug_macinfo
 *(.debug_macinfo)

.debug_ranges   0x00000000      0x700
 *(.debug_ranges)
 .debug_ranges  0x00000000       0x28 .\CortexM3\ARM_GCC_541\Debug\main.o
 .debug_ranges  0x00000028       0x48 .\CortexM3\ARM_GCC_541\Debug\cyfitter_cfg.o
 .debug_ranges  0x00000070       0x38 .\CortexM3\ARM_GCC_541\Debug\Cm3Start.o
 .debug_ranges  0x000000a8       0x28 .\CortexM3\ARM_GCC_541\Debug\Matrix.a(Columns.o)
 .debug_ranges  0x000000d0       0x38 .\CortexM3\ARM_GCC_541\Debug\Matrix.a(Rows.o)
 .debug_ranges  0x00000108       0x88 .\CortexM3\ARM_GCC_541\Debug\Matrix.a(LCD.o)
 .debug_ranges  0x00000190      0x290 .\CortexM3\ARM_GCC_541\Debug\Matrix.a(CyLib.o)
 .debug_ranges  0x00000420       0x88 .\CortexM3\ARM_GCC_541\Debug\Matrix.a(cyPm.o)
 .debug_ranges  0x000004a8       0x70 .\CortexM3\ARM_GCC_541\Debug\Matrix.a(isr_Start.o)
 .debug_ranges  0x00000518       0x88 .\CortexM3\ARM_GCC_541\Debug\Matrix.a(Counter.o)
 .debug_ranges  0x000005a0       0x78 .\CortexM3\ARM_GCC_541\Debug\Matrix.a(Timer.o)
 .debug_ranges  0x00000618       0x78 .\CortexM3\ARM_GCC_541\Debug\Matrix.a(CyFlash.o)
 .debug_ranges  0x00000690       0x70 .\CortexM3\ARM_GCC_541\Debug\Matrix.a(CySpc.o)

.comment        0x00000000       0x6e
 .comment       0x00000000       0x6e .\CortexM3\ARM_GCC_541\Debug\main.o
                                 0x6f (size before relaxing)
 .comment       0x0000006e       0x6f .\CortexM3\ARM_GCC_541\Debug\cyfitter_cfg.o
 .comment       0x0000006e       0x6f .\CortexM3\ARM_GCC_541\Debug\cymetadata.o
 .comment       0x0000006e       0x6f .\CortexM3\ARM_GCC_541\Debug\Cm3Start.o
 .comment       0x0000006e       0x6f .\CortexM3\ARM_GCC_541\Debug\Matrix.a(Columns.o)
 .comment       0x0000006e       0x6f .\CortexM3\ARM_GCC_541\Debug\Matrix.a(Rows.o)
 .comment       0x0000006e       0x6f .\CortexM3\ARM_GCC_541\Debug\Matrix.a(LCD.o)
 .comment       0x0000006e       0x6f .\CortexM3\ARM_GCC_541\Debug\Matrix.a(CyLib.o)
 .comment       0x0000006e       0x6f .\CortexM3\ARM_GCC_541\Debug\Matrix.a(cyPm.o)
 .comment       0x0000006e       0x6f .\CortexM3\ARM_GCC_541\Debug\Matrix.a(isr_Start.o)
 .comment       0x0000006e       0x6f .\CortexM3\ARM_GCC_541\Debug\Matrix.a(Counter.o)
 .comment       0x0000006e       0x6f .\CortexM3\ARM_GCC_541\Debug\Matrix.a(Timer.o)
 .comment       0x0000006e       0x6f .\CortexM3\ARM_GCC_541\Debug\Matrix.a(CyFlash.o)
 .comment       0x0000006e       0x6f .\CortexM3\ARM_GCC_541\Debug\Matrix.a(CySpc.o)

.debug_weaknames
 *(.debug_weaknames)

.debug_funcnames
 *(.debug_funcnames)

.debug_typenames
 *(.debug_typenames)

.debug_varnames
 *(.debug_varnames)

.note.gnu.arm.ident
 *(.note.gnu.arm.ident)

.ARM.attributes
                0x00000000       0x29
 *(.ARM.attributes)
 .ARM.attributes
                0x00000000       0x1d c:/program files (x86)/cypress/psoc creator/4.4/psoc creator/import/gnu/arm/5.4.1/bin/../lib/gcc/arm-none-eabi/5.4.1/armv7-m/crti.o
 .ARM.attributes
                0x0000001d       0x2d c:/program files (x86)/cypress/psoc creator/4.4/psoc creator/import/gnu/arm/5.4.1/bin/../lib/gcc/arm-none-eabi/5.4.1/armv7-m/crtbegin.o
 .ARM.attributes
                0x0000004a       0x1b c:/program files (x86)/cypress/psoc creator/4.4/psoc creator/import/gnu/arm/5.4.1/bin/../lib/gcc/arm-none-eabi/5.4.1/../../../../arm-none-eabi/lib/armv7-m/crt0.o
 .ARM.attributes
                0x00000065       0x33 .\CortexM3\ARM_GCC_541\Debug\main.o
 .ARM.attributes
                0x00000098       0x33 .\CortexM3\ARM_GCC_541\Debug\cyfitter_cfg.o
 .ARM.attributes
                0x000000cb       0x33 .\CortexM3\ARM_GCC_541\Debug\cymetadata.o
 .ARM.attributes
                0x000000fe       0x33 .\CortexM3\ARM_GCC_541\Debug\Cm3Start.o
 .ARM.attributes
                0x00000131       0x33 .\CortexM3\ARM_GCC_541\Debug\Matrix.a(Columns.o)
 .ARM.attributes
                0x00000164       0x33 .\CortexM3\ARM_GCC_541\Debug\Matrix.a(Rows.o)
 .ARM.attributes
                0x00000197       0x33 .\CortexM3\ARM_GCC_541\Debug\Matrix.a(LCD.o)
 .ARM.attributes
                0x000001ca       0x33 .\CortexM3\ARM_GCC_541\Debug\Matrix.a(CyLib.o)
 .ARM.attributes
                0x000001fd       0x33 .\CortexM3\ARM_GCC_541\Debug\Matrix.a(cyPm.o)
 .ARM.attributes
                0x00000230       0x33 .\CortexM3\ARM_GCC_541\Debug\Matrix.a(isr_Start.o)
 .ARM.attributes
                0x00000263       0x33 .\CortexM3\ARM_GCC_541\Debug\Matrix.a(Counter.o)
 .ARM.attributes
                0x00000296       0x33 .\CortexM3\ARM_GCC_541\Debug\Matrix.a(Timer.o)
 .ARM.attributes
                0x000002c9       0x21 .\CortexM3\ARM_GCC_541\Debug\Matrix.a(CyBootAsmGnu.o)
 .ARM.attributes
                0x000002ea       0x33 .\CortexM3\ARM_GCC_541\Debug\Matrix.a(CyFlash.o)
 .ARM.attributes
                0x0000031d       0x33 .\CortexM3\ARM_GCC_541\Debug\Matrix.a(CySpc.o)
 .ARM.attributes
                0x00000350       0x2d c:/program files (x86)/cypress/psoc creator/4.4/psoc creator/import/gnu/arm/5.4.1/bin/../lib/gcc/arm-none-eabi/5.4.1/../../../../arm-none-eabi/lib/armv7-m\libg_nano.a(lib_a-errno.o)
 .ARM.attributes
                0x0000037d       0x2d c:/program files (x86)/cypress/psoc creator/4.4/psoc creator/import/gnu/arm/5.4.1/bin/../lib/gcc/arm-none-eabi/5.4.1/../../../../arm-none-eabi/lib/armv7-m\libg_nano.a(lib_a-exit.o)
 .ARM.attributes
                0x000003aa       0x2d c:/program files (x86)/cypress/psoc creator/4.4/psoc creator/import/gnu/arm/5.4.1/bin/../lib/gcc/arm-none-eabi/5.4.1/../../../../arm-none-eabi/lib/armv7-m\libg_nano.a(lib_a-impure.o)
 .ARM.attributes
                0x000003d7       0x2d c:/program files (x86)/cypress/psoc creator/4.4/psoc creator/import/gnu/arm/5.4.1/bin/../lib/gcc/arm-none-eabi/5.4.1/../../../../arm-none-eabi/lib/armv7-m\libg_nano.a(lib_a-init.o)
 .ARM.attributes
                0x00000404       0x2d c:/program files (x86)/cypress/psoc creator/4.4/psoc creator/import/gnu/arm/5.4.1/bin/../lib/gcc/arm-none-eabi/5.4.1/../../../../arm-none-eabi/lib/armv7-m\libg_nano.a(lib_a-memcpy-stub.o)
 .ARM.attributes
                0x00000431       0x2d c:/program files (x86)/cypress/psoc creator/4.4/psoc creator/import/gnu/arm/5.4.1/bin/../lib/gcc/arm-none-eabi/5.4.1/../../../../arm-none-eabi/lib/armv7-m\libg_nano.a(lib_a-memset.o)
 .ARM.attributes
                0x0000045e       0x2d c:/program files (x86)/cypress/psoc creator/4.4/psoc creator/import/gnu/arm/5.4.1/bin/../lib/gcc/arm-none-eabi/5.4.1/../../../../arm-none-eabi/lib/armv7-m\libg_nano.a(lib_a-nano-vfprintf_float.o)
 .ARM.attributes
                0x0000048b       0x2d c:/program files (x86)/cypress/psoc creator/4.4/psoc creator/import/gnu/arm/5.4.1/bin/../lib/gcc/arm-none-eabi/5.4.1/../../../../arm-none-eabi/lib/armv7-m\libg_nano.a(lib_a-nano-vfprintf_i.o)
 .ARM.attributes
                0x000004b8       0x17 c:/program files (x86)/cypress/psoc creator/4.4/psoc creator/import/gnu/arm/5.4.1/bin/../lib/gcc/arm-none-eabi/5.4.1/../../../../arm-none-eabi/lib/armv7-m\libg_nano.a(lib_a-strlen.o)
 .ARM.attributes
                0x000004cf       0x2d c:/program files (x86)/cypress/psoc creator/4.4/psoc creator/import/gnu/arm/5.4.1/bin/../lib/gcc/arm-none-eabi/5.4.1/../../../../arm-none-eabi/lib/armv7-m\libg_nano.a(lib_a-dtoa.o)
 .ARM.attributes
                0x000004fc       0x2d c:/program files (x86)/cypress/psoc creator/4.4/psoc creator/import/gnu/arm/5.4.1/bin/../lib/gcc/arm-none-eabi/5.4.1/../../../../arm-none-eabi/lib/armv7-m\libg_nano.a(lib_a-locale.o)
 .ARM.attributes
                0x00000529       0x2d c:/program files (x86)/cypress/psoc creator/4.4/psoc creator/import/gnu/arm/5.4.1/bin/../lib/gcc/arm-none-eabi/5.4.1/../../../../arm-none-eabi/lib/armv7-m\libg_nano.a(lib_a-malloc.o)
 .ARM.attributes
                0x00000556       0x2d c:/program files (x86)/cypress/psoc creator/4.4/psoc creator/import/gnu/arm/5.4.1/bin/../lib/gcc/arm-none-eabi/5.4.1/../../../../arm-none-eabi/lib/armv7-m\libg_nano.a(lib_a-memchr-stub.o)
 .ARM.attributes
                0x00000583       0x2d c:/program files (x86)/cypress/psoc creator/4.4/psoc creator/import/gnu/arm/5.4.1/bin/../lib/gcc/arm-none-eabi/5.4.1/../../../../arm-none-eabi/lib/armv7-m\libg_nano.a(lib_a-mprec.o)
 .ARM.attributes
                0x000005b0       0x2d c:/program files (x86)/cypress/psoc creator/4.4/psoc creator/import/gnu/arm/5.4.1/bin/../lib/gcc/arm-none-eabi/5.4.1/../../../../arm-none-eabi/lib/armv7-m\libg_nano.a(lib_a-nano-callocr.o)
 .ARM.attributes
                0x000005dd       0x2d c:/program files (x86)/cypress/psoc creator/4.4/psoc creator/import/gnu/arm/5.4.1/bin/../lib/gcc/arm-none-eabi/5.4.1/../../../../arm-none-eabi/lib/armv7-m\libg_nano.a(lib_a-nano-freer.o)
 .ARM.attributes
                0x0000060a       0x2d c:/program files (x86)/cypress/psoc creator/4.4/psoc creator/import/gnu/arm/5.4.1/bin/../lib/gcc/arm-none-eabi/5.4.1/../../../../arm-none-eabi/lib/armv7-m\libg_nano.a(lib_a-nano-mallocr.o)
 .ARM.attributes
                0x00000637       0x2d c:/program files (x86)/cypress/psoc creator/4.4/psoc creator/import/gnu/arm/5.4.1/bin/../lib/gcc/arm-none-eabi/5.4.1/../../../../arm-none-eabi/lib/armv7-m\libg_nano.a(lib_a-sbrkr.o)
 .ARM.attributes
                0x00000664       0x1b c:/program files (x86)/cypress/psoc creator/4.4/psoc creator/import/gnu/arm/5.4.1/bin/../lib/gcc/arm-none-eabi/5.4.1/../../../../arm-none-eabi/lib/armv7-m\libg_nano.a(lib_a-strcmp.o)
 .ARM.attributes
                0x0000067f       0x2d c:/program files (x86)/cypress/psoc creator/4.4/psoc creator/import/gnu/arm/5.4.1/bin/../lib/gcc/arm-none-eabi/5.4.1/../../../../arm-none-eabi/lib/armv7-m\libg_nano.a(lib_a-mlock.o)
 .ARM.attributes
                0x000006ac       0x2d c:/program files (x86)/cypress/psoc creator/4.4/psoc creator/import/gnu/arm/5.4.1/bin/../lib/gcc/arm-none-eabi/5.4.1/../../../../arm-none-eabi/lib/armv7-m\libg_nano.a(lib_a-reent.o)
 .ARM.attributes
                0x000006d9       0x1d c:/program files (x86)/cypress/psoc creator/4.4/psoc creator/import/gnu/arm/5.4.1/bin/../lib/gcc/arm-none-eabi/5.4.1/armv7-m\libgcc.a(_arm_addsubdf3.o)
 .ARM.attributes
                0x000006f6       0x1d c:/program files (x86)/cypress/psoc creator/4.4/psoc creator/import/gnu/arm/5.4.1/bin/../lib/gcc/arm-none-eabi/5.4.1/armv7-m\libgcc.a(_arm_muldivdf3.o)
 .ARM.attributes
                0x00000713       0x1d c:/program files (x86)/cypress/psoc creator/4.4/psoc creator/import/gnu/arm/5.4.1/bin/../lib/gcc/arm-none-eabi/5.4.1/armv7-m\libgcc.a(_arm_cmpdf2.o)
 .ARM.attributes
                0x00000730       0x1d c:/program files (x86)/cypress/psoc creator/4.4/psoc creator/import/gnu/arm/5.4.1/bin/../lib/gcc/arm-none-eabi/5.4.1/armv7-m\libgcc.a(_arm_unorddf2.o)
 .ARM.attributes
                0x0000074d       0x1d c:/program files (x86)/cypress/psoc creator/4.4/psoc creator/import/gnu/arm/5.4.1/bin/../lib/gcc/arm-none-eabi/5.4.1/armv7-m\libgcc.a(_arm_fixdfsi.o)
 .ARM.attributes
                0x0000076a       0x2d c:/program files (x86)/cypress/psoc creator/4.4/psoc creator/import/gnu/arm/5.4.1/bin/../lib/gcc/arm-none-eabi/5.4.1/armv7-m/crtend.o
 .ARM.attributes
                0x00000797       0x1d c:/program files (x86)/cypress/psoc creator/4.4/psoc creator/import/gnu/arm/5.4.1/bin/../lib/gcc/arm-none-eabi/5.4.1/armv7-m/crtn.o

/DISCARD/
 *(.note.GNU-stack)
OUTPUT(D:\Projects\PSoC\AdvancedMicrocontrollers\Matrix.cydsn\CortexM3\ARM_GCC_541\Debug\Matrix.elf elf32-littlearm)
